Archive member included because of file (symbol)

contiki-sky.a(rimeaddr.o)     obj_sky/contiki-sky-main.o (rimeaddr_copy)
contiki-sky.a(nullmac.o)      obj_sky/contiki-sky-main.o (nullmac_driver)
contiki-sky.a(nullrdc.o)      obj_sky/contiki-sky-main.o (nullrdc_driver)
contiki-sky.a(mac.o)          contiki-sky.a(nullrdc.o) (mac_call_sent_callback)
contiki-sky.a(framer-802154.o)
                              contiki-sky.a(nullrdc.o) (framer_802154)
contiki-sky.a(process.o)      obj_sky/contiki-sky-main.o (process_init)
contiki-sky.a(autostart.o)    obj_sky/contiki-sky-main.o (autostart_start)
contiki-sky.a(timer.o)        obj_sky/contiki-sky-main.o (timer_set)
contiki-sky.a(etimer.o)       obj_sky/contiki-sky-main.o (etimer_process)
contiki-sky.a(ctimer.o)       obj_sky/contiki-sky-main.o (ctimer_init)
contiki-sky.a(energest.o)     obj_sky/contiki-sky-main.o (energest_init)
contiki-sky.a(rtimer.o)       obj_sky/contiki-sky-main.o (rtimer_init)
contiki-sky.a(random.o)       obj_sky/contiki-sky-main.o (random_init)
contiki-sky.a(packetbuf.o)    contiki-sky.a(framer-802154.o) (packetbuf_hdrreduce)
contiki-sky.a(queuebuf.o)     obj_sky/contiki-sky-main.o (queuebuf_init)
contiki-sky.a(sicslowpan.o)   obj_sky/contiki-sky-main.o (sicslowpan_driver)
contiki-sky.a(tcpip.o)        contiki-sky.a(sicslowpan.o) (tcpip_set_outputfunc)
contiki-sky.a(uip-ds6-route.o)
                              contiki-sky.a(tcpip.o) (uip_ds6_route_nexthop)
contiki-sky.a(uip-ds6-nbr.o)  contiki-sky.a(tcpip.o) (uip_ds6_nbr_add)
contiki-sky.a(uip-ds6.o)      contiki-sky.a(tcpip.o) (uip_ds6_is_addr_onlink)
contiki-sky.a(uip-nd6.o)      contiki-sky.a(tcpip.o) (uip_nd6_ns_output)
contiki-sky.a(uip6.o)         contiki-sky.a(sicslowpan.o) (uip_aligned_buf)
contiki-sky.a(er-coap-13-engi)
                              seat.co (coap_rest_implementation)
contiki-sky.a(er-coap-13-tran)
                              contiki-sky.a(er-coap-13-engi) (coap_register_as_transaction_handler)
contiki-sky.a(er-coap-13-obse)
                              contiki-sky.a(er-coap-13-tran) (coap_remove_observer_by_client)
contiki-sky.a(erbium.o)       seat.co (rest_init_engine)
contiki-sky.a(contiki-sky-pla)
                              obj_sky/contiki-sky-main.o (init_platform)
contiki-sky.a(button-sensor.o)
                              contiki-sky.a(contiki-sky-pla) (button_sensor)
contiki-sky.a(ds2411.o)       obj_sky/contiki-sky-main.o (ds2411_init)
contiki-sky.a(xmem.o)         obj_sky/contiki-sky-main.o (xmem_init)
contiki-sky.a(node-id.o)      obj_sky/contiki-sky-main.o (node_id_restore)
contiki-sky.a(sensors.o)      contiki-sky.a(button-sensor.o) (sensors_changed)
contiki-sky.a(cc2420.o)       obj_sky/contiki-sky-main.o (cc2420_set_pan_addr)
contiki-sky.a(cc2420-arch.o)  contiki-sky.a(cc2420.o) (cc2420_arch_init)
contiki-sky.a(uart1.o)        obj_sky/contiki-sky-main.o (uart1_active)
contiki-sky.a(uart1-putchar.o)
                              obj_sky/contiki-sky-main.o (putchar)
contiki-sky.a(msp430.o)       contiki-sky.a(uart1.o) (msp430_add_lpm_req)
contiki-sky.a(clock.o)        contiki-sky.a(timer.o) (clock_time)
contiki-sky.a(leds.o)         obj_sky/contiki-sky-main.o (leds_init)
contiki-sky.a(leds-arch.o)    contiki-sky.a(leds.o) (leds_arch_init)
contiki-sky.a(watchdog.o)     obj_sky/contiki-sky-main.o (watchdog_start)
contiki-sky.a(rtimer-arch.o)  contiki-sky.a(rtimer.o) (rtimer_arch_init)
contiki-sky.a(frame802154.o)  contiki-sky.a(framer-802154.o) (frame802154_hdrlen)
contiki-sky.a(rpl.o)          contiki-sky.a(uip-ds6-nbr.o) (rpl_link_neighbor_callback)
contiki-sky.a(rpl-dag.o)      contiki-sky.a(rpl.o) (rpl_dag_init)
contiki-sky.a(rpl-icmp6.o)    contiki-sky.a(rpl.o) (dao_output_target)
contiki-sky.a(rpl-timers.o)   contiki-sky.a(rpl.o) (rpl_reset_periodic_timer)
contiki-sky.a(rpl-mrhof.o)    contiki-sky.a(rpl-dag.o) (rpl_mrhof)
contiki-sky.a(rpl-ext-header.)
                              contiki-sky.a(uip6.o) (rpl_verify_header)
contiki-sky.a(memb.o)         contiki-sky.a(queuebuf.o) (memb_init)
contiki-sky.a(list.o)         contiki-sky.a(ctimer.o) (list_init)
contiki-sky.a(stimer.o)       contiki-sky.a(tcpip.o) (stimer_set)
contiki-sky.a(nbr-table.o)    contiki-sky.a(uip-ds6-route.o) (nbr_table_register)
contiki-sky.a(uip-icmp6.o)    contiki-sky.a(uip6.o) (uip_icmp6_echo_request_input)
contiki-sky.a(er-coap-13.o)   contiki-sky.a(er-coap-13-engi) (coap_init_connection)
contiki-sky.a(spi.o)          contiki-sky.a(xmem.o) (spi_init)
contiki-sky.a(uip-udp-packet.)
                              contiki-sky.a(er-coap-13.o) (uip_udp_packet_send)
/usr/local/msp430/bin/../lib/gcc/msp430/4.7.0/mmpy-16/libgcc.a(_mulsi3.o)
                              contiki-sky.a(rpl-timers.o) (__mulsi3)
/usr/local/msp430/bin/../lib/gcc/msp430/4.7.0/mmpy-16/libgcc.a(_udivmod16.o)
                              contiki-sky.a(rpl-dag.o) (__udivhi3)
/usr/local/msp430/bin/../lib/gcc/msp430/4.7.0/mmpy-16/libgcc.a(_divmod16.o)
[...]
Memory Configuration

Name             Origin             Length             Attributes
sfr              0x00000000         0x00000010
peripheral_8bit  0x00000010         0x000000f0
peripheral_16bit 0x00000100         0x00000100
ram_mirror       0x00000200         0x00000800         xw
infomem          0x00001000         0x00000100
infob            0x00001000         0x00000080
infoa            0x00001080         0x00000080
ram              0x00001100         0x00002800         xw
rom              0x00004000         0x0000bfe0         xr
vectors          0x0000ffe0         0x00000020
bsl              0x00000000         0x00000000
infoc            0x00000000         0x00000000
infod            0x00000000         0x00000000
ram2             0x00000000         0x00000000         xw
usbram           0x00000000         0x00000000         xw
far_rom          0x00000000         0x00000000
*default*        0x00000000         0xffffffff

Linker script and memory map

LOAD /usr/local/msp430/bin/../lib/gcc/msp430/4.7.0/mmpy-16/crt0ivtbl16.o
LOAD seat.co
LOAD obj_sky/contiki-sky-main.o
LOAD contiki-sky.a
LOAD /usr/local/msp430/bin/../lib/gcc/msp430/4.7.0/mmpy-16/libgcc.a
LOAD /usr/local/msp430/bin/../lib/gcc/msp430/4.7.0/../../../../msp430/lib/mmpy-16/libc.a
LOAD /usr/local/msp430/bin/../lib/gcc/msp430/4.7.0/mmpy-16/libgcc.a
LOAD /usr/local/msp430/bin/../lib/gcc/msp430/4.7.0/mmpy-16/libcrt0.a
                0x00000080                PROVIDE (__info_segment_size, 0x80)
                0x00001000                PROVIDE (__infob, 0x1000)
                0x00001080                PROVIDE (__infoa, 0x1080)
                0x00000000                __IE1 = 0x0
                0x00000002                __IFG1 = 0x2
                0x00000004                __ME1 = 0x4
                0x00000001                __IE2 = 0x1
                0x00000003                __IFG2 = 0x3
                0x00000005                __ME2 = 0x5
                0x00000120                __WDTCTL = 0x120
                0x00000130                __MPY = 0x130
                0x00000132                __MPYS = 0x132
                0x00000134                __MAC = 0x134
                0x00000136                __MACS = 0x136
                0x00000138                __OP2 = 0x138
                0x0000013a                __RESLO = 0x13a
                0x0000013c                __RESHI = 0x13c
                0x0000013e                __SUMEXT = 0x13e
                0x00000020                __P1IN = 0x20
                0x00000021                __P1OUT = 0x21
                0x00000022                __P1DIR = 0x22
                0x00000023                __P1IFG = 0x23
                0x00000024                __P1IES = 0x24
                0x00000025                __P1IE = 0x25
                0x00000026                __P1SEL = 0x26
                0x00000028                __P2IN = 0x28
                0x00000029                __P2OUT = 0x29
                0x0000002a                __P2DIR = 0x2a
                0x0000002b                __P2IFG = 0x2b
                0x0000002c                __P2IES = 0x2c
                0x0000002d                __P2IE = 0x2d
                0x0000002e                __P2SEL = 0x2e
                0x00000018                __P3IN = 0x18
                0x00000019                __P3OUT = 0x19
                0x0000001a                __P3DIR = 0x1a
                0x0000001b                __P3SEL = 0x1b
                0x0000001c                __P4IN = 0x1c
                0x0000001d                __P4OUT = 0x1d
                0x0000001e                __P4DIR = 0x1e
                0x0000001f                __P4SEL = 0x1f
                0x00000030                __P5IN = 0x30
                0x00000031                __P5OUT = 0x31
                0x00000032                __P5DIR = 0x32
                0x00000033                __P5SEL = 0x33
                0x00000034                __P6IN = 0x34
                0x00000035                __P6OUT = 0x35
                0x00000036                __P6DIR = 0x36
                0x00000037                __P6SEL = 0x37
                0x00000070                __U0CTL = 0x70
                0x00000071                __U0TCTL = 0x71
                0x00000072                __U0RCTL = 0x72
                0x00000073                __U0MCTL = 0x73
                0x00000074                __U0BR0 = 0x74
                0x00000075                __U0BR1 = 0x75
                0x00000076                __U0RXBUF = 0x76
                0x00000077                __U0TXBUF = 0x77
                0x00000078                __U1CTL = 0x78
                0x00000079                __U1TCTL = 0x79
                0x0000007a                __U1RCTL = 0x7a
                0x0000007b                __U1MCTL = 0x7b
                0x0000007c                __U1BR0 = 0x7c
                0x0000007d                __U1BR1 = 0x7d
                0x0000007e                __U1RXBUF = 0x7e
                0x0000007f                __U1TXBUF = 0x7f
                0x00000050                __I2CIE = 0x50
                0x00000051                __I2CIFG = 0x51
                0x00000052                __I2CNDAT = 0x52
                0x00000071                __I2CTCTL = 0x71
                0x00000072                __I2CDCTL = 0x72
                0x00000073                __I2CPSC = 0x73
                0x00000074                __I2CSCLH = 0x74
                0x00000075                __I2CSCLL = 0x75
                0x00000076                __I2CDRB = 0x76
                0x00000076                __I2CDRW = 0x76
                0x00000118                __I2COA = 0x118
                0x0000011a                __I2CSA = 0x11a
                0x0000011c                __I2CIV = 0x11c
                0x0000012e                __TAIV = 0x12e
                0x00000160                __TACTL = 0x160
                0x00000162                __TACCTL0 = 0x162
                0x00000164                __TACCTL1 = 0x164
                0x00000166                __TACCTL2 = 0x166
                0x00000170                __TAR = 0x170
                0x00000172                __TACCR0 = 0x172
                0x00000174                __TACCR1 = 0x174
                0x00000176                __TACCR2 = 0x176
                0x0000011e                __TBIV = 0x11e
                0x00000180                __TBCTL = 0x180
                0x00000182                __TBCCTL0 = 0x182
                0x00000184                __TBCCTL1 = 0x184
                0x00000186                __TBCCTL2 = 0x186
                0x00000188                __TBCCTL3 = 0x188
                0x0000018a                __TBCCTL4 = 0x18a
                0x0000018c                __TBCCTL5 = 0x18c
                0x0000018e                __TBCCTL6 = 0x18e
                0x00000190                __TBR = 0x190
                0x00000192                __TBCCR0 = 0x192
                0x00000194                __TBCCR1 = 0x194
                0x00000196                __TBCCR2 = 0x196
                0x00000198                __TBCCR3 = 0x198
                0x0000019a                __TBCCR4 = 0x19a
                0x0000019c                __TBCCR5 = 0x19c
                0x0000019e                __TBCCR6 = 0x19e
                0x00000056                __DCOCTL = 0x56
                0x00000057                __BCSCTL1 = 0x57
                0x00000058                __BCSCTL2 = 0x58
                0x00000055                __SVSCTL = 0x55
                0x00000128                __FCTL1 = 0x128
                0x0000012a                __FCTL2 = 0x12a
                0x0000012c                __FCTL3 = 0x12c
                0x00000059                __CACTL1 = 0x59
                0x0000005a                __CACTL2 = 0x5a
                0x0000005b                __CAPD = 0x5b
                0x000001a0                __ADC12CTL0 = 0x1a0
                0x000001a2                __ADC12CTL1 = 0x1a2
                0x000001a4                __ADC12IFG = 0x1a4
                0x000001a6                __ADC12IE = 0x1a6
                0x000001a8                __ADC12IV = 0x1a8
                0x00000140                __ADC12MEM0 = 0x140
                0x00000142                __ADC12MEM1 = 0x142
                0x00000144                __ADC12MEM2 = 0x144
                0x00000146                __ADC12MEM3 = 0x146
                0x00000148                __ADC12MEM4 = 0x148
                0x0000014a                __ADC12MEM5 = 0x14a
                0x0000014c                __ADC12MEM6 = 0x14c
                0x0000014e                __ADC12MEM7 = 0x14e
                0x00000150                __ADC12MEM8 = 0x150
                0x00000152                __ADC12MEM9 = 0x152
                0x00000154                __ADC12MEM10 = 0x154
                0x00000156                __ADC12MEM11 = 0x156
                0x00000158                __ADC12MEM12 = 0x158
                0x0000015a                __ADC12MEM13 = 0x15a
                0x0000015c                __ADC12MEM14 = 0x15c
                0x0000015e                __ADC12MEM15 = 0x15e
                0x00000080                __ADC12MCTL0 = 0x80
                0x00000081                __ADC12MCTL1 = 0x81
                0x00000082                __ADC12MCTL2 = 0x82
                0x00000083                __ADC12MCTL3 = 0x83
                0x00000084                __ADC12MCTL4 = 0x84
                0x00000085                __ADC12MCTL5 = 0x85
                0x00000086                __ADC12MCTL6 = 0x86
                0x00000087                __ADC12MCTL7 = 0x87
                0x00000088                __ADC12MCTL8 = 0x88
                0x00000089                __ADC12MCTL9 = 0x89
                0x0000008a                __ADC12MCTL10 = 0x8a
                0x0000008b                __ADC12MCTL11 = 0x8b
                0x0000008c                __ADC12MCTL12 = 0x8c
                0x0000008d                __ADC12MCTL13 = 0x8d
                0x0000008e                __ADC12MCTL14 = 0x8e
                0x0000008f                __ADC12MCTL15 = 0x8f
                0x000001c0                __DAC12_0CTL = 0x1c0
                0x000001c2                __DAC12_1CTL = 0x1c2
                0x000001c8                __DAC12_0DAT = 0x1c8
                0x000001ca                __DAC12_1DAT = 0x1ca
                0x00000122                __DMACTL0 = 0x122
                0x00000124                __DMACTL1 = 0x124
                0x000001e0                __DMA0CTL = 0x1e0
                0x000001e8                __DMA1CTL = 0x1e8
                0x000001f0                __DMA2CTL = 0x1f0
                0x000001e2                __DMA0SA = 0x1e2
                0x000001e4                __DMA0DA = 0x1e4
                0x000001e6                __DMA0SZ = 0x1e6
                0x000001ea                __DMA1SA = 0x1ea
                0x000001ec                __DMA1DA = 0x1ec
                0x000001ee                __DMA1SZ = 0x1ee
                0x000001f2                __DMA2SA = 0x1f2
                0x000001f4                __DMA2DA = 0x1f4
                0x000001f6                __DMA2SZ = 0x1f6

.hash
 *(.hash)

.dynsym
 *(.dynsym)

.dynstr
 *(.dynstr)

.gnu.version
 *(.gnu.version)

.gnu.version_d
 *(.gnu.version_d)

.gnu.version_r
 *(.gnu.version_r)

.rel.init
 *(.rel.init)

.rela.init
 *(.rela.init)

.rel.fini
 *(.rel.fini)

.rela.fini
 *(.rela.fini)

.rel.text
 *(.rel.text .rel.text.* .rel.gnu.linkonce.t.*)

.rela.text
 *(.rela.text .rela.text.* .rela.gnu.linkonce.t.*)

.rel.rodata
 *(.rel.rodata .rel.rodata.* .rel.gnu.linkonce.r.*)

.rela.rodata
 *(.rela.rodata .rela.rodata.* .rela.gnu.linkonce.r.*)

.rel.data
 *(.rel.data .rel.data.* .rel.gnu.linkonce.d.*)

.rela.data
 *(.rela.data .rela.data.* .rela.gnu.linkonce.d.*)

.rel.bss
 *(.rel.bss .rel.bss.* .rel.gnu.linkonce.b.*)

.rela.bss
 *(.rela.bss .rela.bss.* .rela.gnu.linkonce.b.*)

.rel.ctors
 *(.rel.ctors)

.rela.ctors
 *(.rela.ctors)

.rel.dtors
 *(.rel.dtors)

.rela.dtors
 *(.rela.dtors)

.rel.got
 *(.rel.got)

.rela.got
 *(.rela.got)

.rel.plt
 *(.rel.plt)

.rela.plt
 *(.rela.plt)

.text           0x00004000     0xaca6
                0x00004000                . = ALIGN (0x2)
 *(.init .init.*)
 *(.init0)
 .init0         0x00004000        0x0 /usr/local/msp430/bin/../lib/gcc/msp430/4.7.0/mmpy-16/libcrt0.a(_reset_vector__.o)
                0x00004000                _reset_vector__
 *(.init1)
 .init1         0x00004000        0xc /usr/local/msp430/bin/../lib/gcc/msp430/4.7.0/mmpy-16/libcrt0.a(__watchdog_support.o)
                0x00004000                __watchdog_support
 *(.init2)
 .init2         0x0000400c        0x4 /usr/local/msp430/bin/../lib/gcc/msp430/4.7.0/mmpy-16/libcrt0.a(__init_stack.o)
                0x0000400c                __init_stack
 *(.init3)
 .init3         0x00004010        0x0 /usr/local/msp430/bin/../lib/gcc/msp430/4.7.0/mmpy-16/libcrt0.a(__low_level_init.o)
                0x00004010                __low_level_init
 *(.init4)
 .init4         0x00004010       0x18 /usr/local/msp430/bin/../lib/gcc/msp430/4.7.0/mmpy-16/libcrt0.a(_copy_data.o)
                0x00004010                __do_copy_data
 .init4         0x00004028       0x16 /usr/local/msp430/bin/../lib/gcc/msp430/4.7.0/mmpy-16/libcrt0.a(_clear_bss.o)
                0x00004028                __do_clear_bss
 *(.init5)
 *(.init6)
 *(.init7)
 *(.init8)
 *(.init9)
 .init9         0x0000403e      0x35e obj_sky/contiki-sky-main.o
                0x0000403e                main
 *(.fini9)
 .fini9         0x0000439c        0x0 /usr/local/msp430/bin/../lib/gcc/msp430/4.7.0/mmpy-16/libcrt0.a(__stop_progExec__.o)
                0x0000439c                __stop_progExec__
 *(.fini8)
 *(.fini7)
 *(.fini6)
 *(.fini5)
 *(.fini4)
 *(.fini3)
 *(.fini2)
 *(.fini1)
 *(.fini0)
 .fini0         0x0000439c        0x6 /usr/local/msp430/bin/../lib/gcc/msp430/4.7.0/mmpy-16/libcrt0.a(_endless_loop__.o)
                0x0000439c                _endless_loop__
 *(.fini .fini.*)
                0x000043a2                . = ALIGN (0x2)
                0x000043a2                __ctors_start = .
 *(.ctors)
                0x000043a2                __ctors_end = .
                0x000043a2                __dtors_start = .
 *(.dtors)
                0x000043a2                __dtors_end = .
                0x000043a2                . = ALIGN (0x2)
 *(.text .text.* .gnu.linkonce.t.*)
 .text          0x000043a2        0x4 /usr/local/msp430/bin/../lib/gcc/msp430/4.7.0/mmpy-16/crt0ivtbl16.o
                0x000043a2                __isr_14
                0x000043a2                __isr_11
                0x000043a2                __isr_2
                0x000043a2                __isr_7
                0x000043a2                __isr_0
                0x000043a2                __isr_8
                0x000043a2                __isr_3
                0x000043a2                __isr_12
                0x000043a2                __isr_13
                0x000043a2                __isr_9
 .text.process_thread_server
                0x000043a6       0x34 seat.co
 .text.GetStatus_handler
                0x000043da       0x86 seat.co
                0x000043da                GetStatus_handler
 .text.rimeaddr_copy
                0x00004460        0x8 contiki-sky.a(rimeaddr.o)
                0x00004460                rimeaddr_copy
 .text.rimeaddr_cmp
                0x00004468       0x12 contiki-sky.a(rimeaddr.o)
                0x00004468                rimeaddr_cmp
 .text.rimeaddr_set_node_addr
                0x0000447a        0xc contiki-sky.a(rimeaddr.o)
                0x0000447a                rimeaddr_set_node_addr
 .text.send_packet
                0x00004486        0x6 contiki-sky.a(nullmac.o)
 .text.packet_input
                0x0000448c        0x6 contiki-sky.a(nullmac.o)
 .text.on       0x00004492        0x6 contiki-sky.a(nullmac.o)
 .text.off      0x00004498        0x6 contiki-sky.a(nullmac.o)
 .text.channel_check_interval
                0x0000449e        0x4 contiki-sky.a(nullmac.o)
 .text.init     0x000044a2        0x2 contiki-sky.a(nullmac.o)
 .text.on       0x000044a4        0x6 contiki-sky.a(nullrdc.o)
 .text.channel_check_interval
                0x000044aa        0x4 contiki-sky.a(nullrdc.o)
 .text.init     0x000044ae        0x6 contiki-sky.a(nullrdc.o)
 .text.off      0x000044b4       0x10 contiki-sky.a(nullrdc.o)
 .text.packet_input
                0x000044c4       0x38 contiki-sky.a(nullrdc.o)
 .text.send_one_packet
                0x000044fc       0x6a contiki-sky.a(nullrdc.o)
 .text.send_list
                0x00004566       0x30 contiki-sky.a(nullrdc.o)
 .text.send_packet
                0x00004596        0x6 contiki-sky.a(nullrdc.o)
 .text.mac_call_sent_callback
                0x0000459c       0x14 contiki-sky.a(mac.o)
                0x0000459c                mac_call_sent_callback
 .text.create   0x000045b0      0x10a contiki-sky.a(framer-802154.o)
 .text.parse    0x000046ba       0xac contiki-sky.a(framer-802154.o)
 .text.call_process
                0x00004766       0x46 contiki-sky.a(process.o)
 .text.exit_process
                0x000047ac       0x96 contiki-sky.a(process.o)
 .text.do_poll  0x00004842       0x30 contiki-sky.a(process.o)
 .text.process_alloc_event
                0x00004872        0xe contiki-sky.a(process.o)
                0x00004872                process_alloc_event
 .text.process_init
                0x00004880       0x1c contiki-sky.a(process.o)
                0x00004880                process_init
 .text.process_run
                0x0000489c       0xa2 contiki-sky.a(process.o)
                0x0000489c                process_run
 .text.process_nevents
                0x0000493e        0xe contiki-sky.a(process.o)
                0x0000493e                process_nevents
 .text.process_post
                0x0000494c       0x54 contiki-sky.a(process.o)
                0x0000494c                process_post
 .text.process_post_synch
                0x000049a0       0x12 contiki-sky.a(process.o)
                0x000049a0                process_post_synch
 .text.process_start
                0x000049b2       0x36 contiki-sky.a(process.o)
                0x000049b2                process_start
 .text.process_poll
                0x000049e8       0x18 contiki-sky.a(process.o)
                0x000049e8                process_poll
 .text.autostart_start
                0x00004a00       0x16 contiki-sky.a(autostart.o)
                0x00004a00                autostart_start
 .text.timer_set
                0x00004a16       0x1c contiki-sky.a(timer.o)
                0x00004a16                timer_set
 .text.timer_reset
                0x00004a32        0xe contiki-sky.a(timer.o)
                0x00004a32                timer_reset
 .text.timer_restart
                0x00004a40       0x14 contiki-sky.a(timer.o)
                0x00004a40                timer_restart
 .text.timer_expired
                0x00004a54       0x2a contiki-sky.a(timer.o)
                0x00004a54                timer_expired
 .text.update_time
                0x00004a7e       0x78 contiki-sky.a(etimer.o)
 .text.etimer_request_poll
                0x00004af6        0xa contiki-sky.a(etimer.o)
                0x00004af6                etimer_request_poll
 .text.process_thread_etimer_process
                0x00004b00       0xcc contiki-sky.a(etimer.o)
 .text.add_timer
                0x00004bcc       0x40 contiki-sky.a(etimer.o)
 .text.etimer_set
                0x00004c0c       0x12 contiki-sky.a(etimer.o)
                0x00004c0c                etimer_set
 .text.etimer_reset
                0x00004c1e       0x12 contiki-sky.a(etimer.o)
                0x00004c1e                etimer_reset
 .text.etimer_restart
                0x00004c30       0x12 contiki-sky.a(etimer.o)
                0x00004c30                etimer_restart
 .text.etimer_expired
                0x00004c42        0xe contiki-sky.a(etimer.o)
                0x00004c42                etimer_expired
 .text.etimer_expiration_time
                0x00004c50       0x14 contiki-sky.a(etimer.o)
                0x00004c50                etimer_expiration_time
 .text.etimer_pending
                0x00004c64        0xc contiki-sky.a(etimer.o)
                0x00004c64                etimer_pending
 .text.etimer_next_expiration_time
                0x00004c70       0x16 contiki-sky.a(etimer.o)
                0x00004c70                etimer_next_expiration_time
 .text.etimer_stop
                0x00004c86       0x3e contiki-sky.a(etimer.o)
                0x00004c86                etimer_stop
 .text.process_thread_ctimer_process
                0x00004cc4       0xa8 contiki-sky.a(ctimer.o)
 .text.ctimer_init
                0x00004d6c       0x18 contiki-sky.a(ctimer.o)
                0x00004d6c                ctimer_init
 .text.ctimer_set
                0x00004d84       0x5a contiki-sky.a(ctimer.o)
                0x00004d84                ctimer_set
 .text.ctimer_reset
                0x00004dde       0x3a contiki-sky.a(ctimer.o)
                0x00004dde                ctimer_reset
 .text.ctimer_stop
                0x00004e18       0x28 contiki-sky.a(ctimer.o)
                0x00004e18                ctimer_stop
 .text.energest_init
                0x00004e40       0x26 contiki-sky.a(energest.o)
                0x00004e40                energest_init
 .text.energest_type_time
                0x00004e66       0x48 contiki-sky.a(energest.o)
                0x00004e66                energest_type_time
 .text.energest_type_set
                0x00004eae        0xe contiki-sky.a(energest.o)
                0x00004eae                energest_type_set
 .text.energest_flush
                0x00004ebc       0x48 contiki-sky.a(energest.o)
                0x00004ebc                energest_flush
 .text.rtimer_init
                0x00004f04        0x6 contiki-sky.a(rtimer.o)
                0x00004f04                rtimer_init
 .text.rtimer_run_next
                0x00004f0a       0x26 contiki-sky.a(rtimer.o)
                0x00004f0a                rtimer_run_next
 .text.random_init
                0x00004f30        0x6 contiki-sky.a(random.o)
                0x00004f30                random_init
 .text.random_rand
                0x00004f36        0x6 contiki-sky.a(random.o)
                0x00004f36                random_rand
 .text.packetbuf_copyto_hdr
                0x00004f3c       0x1c contiki-sky.a(packetbuf.o)
                0x00004f3c                packetbuf_copyto_hdr
 .text.packetbuf_copyto
                0x00004f58       0x52 contiki-sky.a(packetbuf.o)
                0x00004f58                packetbuf_copyto
 .text.packetbuf_hdrreduce
                0x00004faa       0x1a contiki-sky.a(packetbuf.o)
                0x00004faa                packetbuf_hdrreduce
 .text.packetbuf_set_datalen
                0x00004fc4        0x6 contiki-sky.a(packetbuf.o)
                0x00004fc4                packetbuf_set_datalen
 .text.packetbuf_dataptr
                0x00004fca        0xe contiki-sky.a(packetbuf.o)
                0x00004fca                packetbuf_dataptr
 .text.packetbuf_hdrptr
                0x00004fd8        0xa contiki-sky.a(packetbuf.o)
                0x00004fd8                packetbuf_hdrptr
 .text.packetbuf_is_reference
                0x00004fe2        0xe contiki-sky.a(packetbuf.o)
                0x00004fe2                packetbuf_is_reference
 .text.packetbuf_reference_ptr
                0x00004ff0        0x6 contiki-sky.a(packetbuf.o)
                0x00004ff0                packetbuf_reference_ptr
 .text.packetbuf_datalen
                0x00004ff6        0x6 contiki-sky.a(packetbuf.o)
                0x00004ff6                packetbuf_datalen
 .text.packetbuf_totlen
                0x00004ffc       0x10 contiki-sky.a(packetbuf.o)
                0x00004ffc                packetbuf_totlen
 .text.packetbuf_hdralloc
                0x0000500c       0x2e contiki-sky.a(packetbuf.o)
                0x0000500c                packetbuf_hdralloc
 .text.packetbuf_attr_clear
                0x0000503a       0x30 contiki-sky.a(packetbuf.o)
                0x0000503a                packetbuf_attr_clear
 .text.packetbuf_clear
                0x0000506a       0x1a contiki-sky.a(packetbuf.o)
                0x0000506a                packetbuf_clear
 .text.packetbuf_copyfrom
                0x00005084       0x2e contiki-sky.a(packetbuf.o)
                0x00005084                packetbuf_copyfrom
 .text.packetbuf_attr_copyto
                0x000050b2       0x22 contiki-sky.a(packetbuf.o)
                0x000050b2                packetbuf_attr_copyto
 .text.packetbuf_attr_copyfrom
                0x000050d4       0x24 contiki-sky.a(packetbuf.o)
                0x000050d4                packetbuf_attr_copyfrom
 .text.queuebuf_init
                0x000050f8       0x1a contiki-sky.a(queuebuf.o)
                0x000050f8                queuebuf_init
 .text.queuebuf_new_from_packetbuf
                0x00005112       0x7e contiki-sky.a(queuebuf.o)
                0x00005112                queuebuf_new_from_packetbuf
 .text.queuebuf_free
                0x00005190       0x40 contiki-sky.a(queuebuf.o)
                0x00005190                queuebuf_free
 .text.queuebuf_to_packetbuf
                0x000051d0       0x6e contiki-sky.a(queuebuf.o)
                0x000051d0                queuebuf_to_packetbuf
 .text.set_packet_attrs
                0x0000523e       0x46 contiki-sky.a(sicslowpan.o)
 .text.addr_context_lookup_by_number
                0x00005284       0x32 contiki-sky.a(sicslowpan.o)
 .text.compress_addr_64
                0x000052b6       0xae contiki-sky.a(sicslowpan.o)
 .text.uncompress_addr
                0x00005364       0xb4 contiki-sky.a(sicslowpan.o)
 .text.input    0x00005418      0x624 contiki-sky.a(sicslowpan.o)
 .text.sicslowpan_init
                0x00005a3c       0x26 contiki-sky.a(sicslowpan.o)
                0x00005a3c                sicslowpan_init
 .text.addr_context_lookup_by_prefix
                0x00005a62       0x4c contiki-sky.a(sicslowpan.o)
 .text.packet_sent
                0x00005aae       0x22 contiki-sky.a(sicslowpan.o)
 .text.send_packet
                0x00005ad0       0x1a contiki-sky.a(sicslowpan.o)
 .text.output   0x00005aea      0x6ee contiki-sky.a(sicslowpan.o)
 .text.tcpip_output
                0x000061d8       0x10 contiki-sky.a(tcpip.o)
                0x000061d8                tcpip_output
 .text.tcpip_set_outputfunc
                0x000061e8        0x6 contiki-sky.a(tcpip.o)
                0x000061e8                tcpip_set_outputfunc
 .text.udp_new  0x000061ee       0x1a contiki-sky.a(tcpip.o)
                0x000061ee                udp_new
 .text.tcpip_input
                0x00006208       0x16 contiki-sky.a(tcpip.o)
                0x00006208                tcpip_input
 .text.tcpip_ipv6_output
                0x0000621e      0x152 contiki-sky.a(tcpip.o)
                0x0000621e                tcpip_ipv6_output
 .text.process_thread_tcpip_process
                0x00006370       0xd4 contiki-sky.a(tcpip.o)
 .text.tcpip_uipcall
                0x00006444       0x2a contiki-sky.a(tcpip.o)
                0x00006444                tcpip_uipcall
 .text.call_route_callback
                0x0000646e       0x4c contiki-sky.a(uip-ds6-route.o)
 .text.uip_ds6_route_init
                0x000064ba       0x2e contiki-sky.a(uip-ds6-route.o)
                0x000064ba                uip_ds6_route_init
 .text.uip_ds6_route_nexthop
                0x000064e8       0x1a contiki-sky.a(uip-ds6-route.o)
                0x000064e8                uip_ds6_route_nexthop
 .text.uip_ds6_route_head
                0x00006502       0x28 contiki-sky.a(uip-ds6-route.o)
                0x00006502                uip_ds6_route_head
 .text.uip_ds6_route_next
                0x0000652a       0x30 contiki-sky.a(uip-ds6-route.o)
                0x0000652a                uip_ds6_route_next
 .text.uip_ds6_route_lookup
                0x0000655a       0x5e contiki-sky.a(uip-ds6-route.o)
                0x0000655a                uip_ds6_route_lookup
 .text.uip_ds6_route_add
                0x000065b8       0xb4 contiki-sky.a(uip-ds6-route.o)
                0x000065b8                uip_ds6_route_add
 .text.uip_ds6_route_rm
                0x0000666c       0x60 contiki-sky.a(uip-ds6-route.o)
                0x0000666c                uip_ds6_route_rm
 .text.rm_routelist
                0x000066cc       0x30 contiki-sky.a(uip-ds6-route.o)
 .text.rm_routelist_callback
                0x000066fc        0x6 contiki-sky.a(uip-ds6-route.o)
 .text.uip_ds6_defrt_rm
                0x00006702       0x48 contiki-sky.a(uip-ds6-route.o)
                0x00006702                uip_ds6_defrt_rm
 .text.uip_ds6_defrt_lookup
                0x0000674a       0x36 contiki-sky.a(uip-ds6-route.o)
                0x0000674a                uip_ds6_defrt_lookup
 .text.uip_ds6_defrt_add
                0x00006780       0x74 contiki-sky.a(uip-ds6-route.o)
                0x00006780                uip_ds6_defrt_add
 .text.uip_ds6_defrt_choose
                0x000067f4       0x3a contiki-sky.a(uip-ds6-route.o)
                0x000067f4                uip_ds6_defrt_choose
 .text.uip_ds6_defrt_periodic
                0x0000682e       0x38 contiki-sky.a(uip-ds6-route.o)
                0x0000682e                uip_ds6_defrt_periodic
 .text.uip_ds6_nbr_rm
                0x00006866       0x1a contiki-sky.a(uip-ds6-nbr.o)
                0x00006866                uip_ds6_nbr_rm
 .text.uip_ds6_neighbors_init
                0x00006880        0xe contiki-sky.a(uip-ds6-nbr.o)
                0x00006880                uip_ds6_neighbors_init
 .text.uip_ds6_nbr_add
                0x0000688e       0x60 contiki-sky.a(uip-ds6-nbr.o)
                0x0000688e                uip_ds6_nbr_add
 .text.uip_ds6_nbr_get_ll
                0x000068ee        0xc contiki-sky.a(uip-ds6-nbr.o)
                0x000068ee                uip_ds6_nbr_get_ll
 .text.uip_ds6_nbr_lookup
                0x000068fa       0x42 contiki-sky.a(uip-ds6-nbr.o)
                0x000068fa                uip_ds6_nbr_lookup
 .text.uip_ds6_nbr_ll_lookup
                0x0000693c        0xc contiki-sky.a(uip-ds6-nbr.o)
                0x0000693c                uip_ds6_nbr_ll_lookup
 .text.uip_ds6_nbr_ipaddr_from_lladdr
                0x00006948        0x6 contiki-sky.a(uip-ds6-nbr.o)
                0x00006948                uip_ds6_nbr_ipaddr_from_lladdr
 .text.uip_ds6_nbr_lladdr_from_ipaddr
                0x0000694e       0x12 contiki-sky.a(uip-ds6-nbr.o)
                0x0000694e                uip_ds6_nbr_lladdr_from_ipaddr
 .text.uip_ds6_link_neighbor_callback
                0x00006960       0x2a contiki-sky.a(uip-ds6-nbr.o)
                0x00006960                uip_ds6_link_neighbor_callback
 .text.uip_ds6_neighbor_periodic
                0x0000698a       0xfe contiki-sky.a(uip-ds6-nbr.o)
                0x0000698a                uip_ds6_neighbor_periodic
 .text.uip_ds6_list_loop
                0x00006a88       0x86 contiki-sky.a(uip-ds6.o)
                0x00006a88                uip_ds6_list_loop
 .text.uip_ds6_prefix_add
                0x00006b0e       0x80 contiki-sky.a(uip-ds6.o)
                0x00006b0e                uip_ds6_prefix_add
 .text.uip_ds6_is_addr_onlink
                0x00006b8e       0x54 contiki-sky.a(uip-ds6.o)
                0x00006b8e                uip_ds6_is_addr_onlink
 .text.uip_ds6_addr_lookup
                0x00006be2       0x2a contiki-sky.a(uip-ds6.o)
                0x00006be2                uip_ds6_addr_lookup
 .text.uip_ds6_get_link_local
                0x00006c0c       0x3e contiki-sky.a(uip-ds6.o)
                0x00006c0c                uip_ds6_get_link_local
 .text.uip_ds6_maddr_add
                0x00006c4a       0x4c contiki-sky.a(uip-ds6.o)
                0x00006c4a                uip_ds6_maddr_add
 .text.uip_ds6_addr_add
                0x00006c96       0xc4 contiki-sky.a(uip-ds6.o)
                0x00006c96                uip_ds6_addr_add
 .text.uip_ds6_maddr_rm
                0x00006d5a        0xa contiki-sky.a(uip-ds6.o)
                0x00006d5a                uip_ds6_maddr_rm
 .text.uip_ds6_maddr_lookup
                0x00006d64       0x2a contiki-sky.a(uip-ds6.o)
                0x00006d64                uip_ds6_maddr_lookup
 .text.uip_ds6_addr_rm
                0x00006d8e       0x54 contiki-sky.a(uip-ds6.o)
                0x00006d8e                uip_ds6_addr_rm
 .text.uip_ds6_periodic
                0x00006de2       0x4a contiki-sky.a(uip-ds6.o)
                0x00006de2                uip_ds6_periodic
 .text.uip_ds6_set_addr_iid
                0x00006e2c       0x14 contiki-sky.a(uip-ds6.o)
                0x00006e2c                uip_ds6_set_addr_iid
 .text.get_match_length
                0x00006e40       0x44 contiki-sky.a(uip-ds6.o)
                0x00006e40                get_match_length
 .text.uip_ds6_select_src
                0x00006e84       0xaa contiki-sky.a(uip-ds6.o)
                0x00006e84                uip_ds6_select_src
 .text.uip_ds6_compute_reachable_time
                0x00006f2e       0x3e contiki-sky.a(uip-ds6.o)
                0x00006f2e                uip_ds6_compute_reachable_time
 .text.uip_ds6_init
                0x00006f6c      0x154 contiki-sky.a(uip-ds6.o)
                0x00006f6c                uip_ds6_init
 .text.uip_nd6_ns_input
                0x000070c0      0x24e contiki-sky.a(uip-nd6.o)
                0x000070c0                uip_nd6_ns_input
 .text.uip_nd6_ns_output
                0x0000730e      0x17a contiki-sky.a(uip-nd6.o)
                0x0000730e                uip_nd6_ns_output
 .text.uip_nd6_na_input
                0x00007488      0x1bc contiki-sky.a(uip-nd6.o)
                0x00007488                uip_nd6_na_input
 .text.chksum   0x00007644       0x32 contiki-sky.a(uip6.o)
 .text.upper_layer_chksum
                0x00007676       0x56 contiki-sky.a(uip6.o)
 .text.ext_hdr_options_process
                0x000076cc       0xd0 contiki-sky.a(uip6.o)
 .text.uip_icmp6chksum
                0x0000779c        0xa contiki-sky.a(uip6.o)
                0x0000779c                uip_icmp6chksum
 .text.uip_udpchksum
                0x000077a6        0xa contiki-sky.a(uip6.o)
                0x000077a6                uip_udpchksum
 .text.uip_init
                0x000077b0       0x3a contiki-sky.a(uip6.o)
                0x000077b0                uip_init
 .text.remove_ext_hdr
                0x000077ea       0x58 contiki-sky.a(uip6.o)
                0x000077ea                remove_ext_hdr
 .text.uip_udp_new
                0x00007842       0xe4 contiki-sky.a(uip6.o)
                0x00007842                uip_udp_new
 .text.uip_process
                0x00007926      0x4d0 contiki-sky.a(uip6.o)
                0x00007926                uip_process
 .text.uip_htonl
                0x00007df6       0x2e contiki-sky.a(uip6.o)
                0x00007df6                uip_htonl
 .text.coap_set_service_callback
                0x00007e24        0x6 contiki-sky.a(er-coap-13-engi)
                0x00007e24                coap_set_service_callback
 .text.coap_get_rest_method
                0x00007e2a       0x18 contiki-sky.a(er-coap-13-engi)
                0x00007e2a                coap_get_rest_method
 .text.process_thread_coap_receiver
                0x00007e42      0x40c contiki-sky.a(er-coap-13-engi)
 .text.well_known_core_handler
                0x0000824e      0x3d6 contiki-sky.a(er-coap-13-engi)
                0x0000824e                well_known_core_handler
 .text.coap_receiver_init
                0x00008624        0xc contiki-sky.a(er-coap-13-engi)
                0x00008624                coap_receiver_init
 .text.coap_register_as_transaction_handler
                0x00008630        0x8 contiki-sky.a(er-coap-13-tran)
                0x00008630                coap_register_as_transaction_handler
 .text.coap_new_transaction
                0x00008638       0x4e contiki-sky.a(er-coap-13-tran)
                0x00008638                coap_new_transaction
 .text.coap_clear_transaction
                0x00008686       0x26 contiki-sky.a(er-coap-13-tran)
                0x00008686                coap_clear_transaction
 .text.coap_send_transaction
                0x000086ac       0xc4 contiki-sky.a(er-coap-13-tran)
                0x000086ac                coap_send_transaction
 .text.coap_get_transaction_by_mid
                0x00008770       0x1e contiki-sky.a(er-coap-13-tran)
                0x00008770                coap_get_transaction_by_mid
 .text.coap_check_transactions
                0x0000878e       0x2e contiki-sky.a(er-coap-13-tran)
                0x0000878e                coap_check_transactions
 .text.coap_remove_observer
                0x000087bc       0x1c contiki-sky.a(er-coap-13-obse)
                0x000087bc                coap_remove_observer
 .text.coap_remove_observer_by_client
                0x000087d8       0x4c contiki-sky.a(er-coap-13-obse)
                0x000087d8                coap_remove_observer_by_client
 .text.coap_remove_observer_by_url
                0x00008824       0x76 contiki-sky.a(er-coap-13-obse)
                0x00008824                coap_remove_observer_by_url
 .text.coap_add_observer
                0x0000889a       0x7c contiki-sky.a(er-coap-13-obse)
                0x0000889a                coap_add_observer
 .text.coap_remove_observer_by_mid
                0x00008916       0x58 contiki-sky.a(er-coap-13-obse)
                0x00008916                coap_remove_observer_by_mid
 .text.coap_notify_observers
                0x0000896e       0xc6 contiki-sky.a(er-coap-13-obse)
                0x0000896e                coap_notify_observers
 .text.coap_observe_handler
                0x00008a34       0x96 contiki-sky.a(er-coap-13-obse)
                0x00008a34                coap_observe_handler
 .text.process_thread_rest_manager_process
                0x00008aca       0xca contiki-sky.a(erbium.o)
 .text.rest_invoke_restful_service
                0x00008b94      0x118 contiki-sky.a(erbium.o)
                0x00008b94                rest_invoke_restful_service
 .text.rest_init_engine
                0x00008cac       0x26 contiki-sky.a(erbium.o)
                0x00008cac                rest_init_engine
 .text.rest_activate_resource
                0x00008cd2       0x24 contiki-sky.a(erbium.o)
                0x00008cd2                rest_activate_resource
 .text.rest_get_resources
                0x00008cf6        0x6 contiki-sky.a(erbium.o)
                0x00008cf6                rest_get_resources
 .text.init_platform
                0x00008cfc        0xc contiki-sky.a(contiki-sky-pla)
                0x00008cfc                init_platform
 .text.status   0x00008d08       0x18 contiki-sky.a(button-sensor.o)
 .text.value    0x00008d20       0x20 contiki-sky.a(button-sensor.o)
 .text.configure
                0x00008d40       0x4c contiki-sky.a(button-sensor.o)
 .text.irq_p2   0x00008d8c       0x88 contiki-sky.a(button-sensor.o)
                0x00008d8c                irq_p2
                0x00008d8c                __isr_1
 .text.owreadb  0x00008e14       0x50 contiki-sky.a(ds2411.o)
 .text.ds2411_init
                0x00008e64      0x120 contiki-sky.a(ds2411.o)
                0x00008e64                ds2411_init
 .text.wait_ready
                0x00008f84       0x4a contiki-sky.a(xmem.o)
 .text.xmem_init
                0x00008fce       0x3c contiki-sky.a(xmem.o)
                0x00008fce                xmem_init
 .text.xmem_pread
                0x0000900a       0xe0 contiki-sky.a(xmem.o)
                0x0000900a                xmem_pread
 .text.node_id_restore
                0x000090ea       0x38 contiki-sky.a(node-id.o)
                0x000090ea                node_id_restore
 .text.process_thread_sensors_process
                0x00009122       0xc2 contiki-sky.a(sensors.o)
 .text.sensors_changed
                0x000091e4       0x2a contiki-sky.a(sensors.o)
                0x000091e4                sensors_changed
 .text.strobe   0x0000920e       0x1c contiki-sky.a(cc2420.o)
 .text.status   0x0000922a       0x22 contiki-sky.a(cc2420.o)
 .text.getreg   0x0000924c       0x4c contiki-sky.a(cc2420.o)
 .text.setreg   0x00009298       0x4c contiki-sky.a(cc2420.o)
 .text.set_txpower
                0x000092e4       0x24 contiki-sky.a(cc2420.o)
 .text.cc2420_receiving_packet
                0x00009308        0xc contiki-sky.a(cc2420.o)
 .text.pending_packet
                0x00009314        0x8 contiki-sky.a(cc2420.o)
 .text.on       0x0000931c       0x44 contiki-sky.a(cc2420.o)
 .text.flushrx  0x00009360       0x6c contiki-sky.a(cc2420.o)
 .text.off      0x000093cc       0x72 contiki-sky.a(cc2420.o)
 .text.RELEASE_LOCK
                0x0000943e       0x28 contiki-sky.a(cc2420.o)
 .text.cc2420_prepare
                0x00009466       0x82 contiki-sky.a(cc2420.o)
 .text.getrxdata
                0x000094e8       0x50 contiki-sky.a(cc2420.o)
 .text.cc2420_on
                0x00009538       0x22 contiki-sky.a(cc2420.o)
                0x00009538                cc2420_on
 .text.cc2420_off
                0x0000955a       0x30 contiki-sky.a(cc2420.o)
                0x0000955a                cc2420_off
 .text.cc2420_cca
                0x0000958a       0x82 contiki-sky.a(cc2420.o)
 .text.cc2420_read
                0x0000960c       0xda contiki-sky.a(cc2420.o)
 .text.process_thread_cc2420_process
                0x000096e6       0x54 contiki-sky.a(cc2420.o)
 .text.cc2420_set_channel
                0x0000973a       0x80 contiki-sky.a(cc2420.o)
                0x0000973a                cc2420_set_channel
 .text.cc2420_set_pan_addr
                0x000097ba      0x13e contiki-sky.a(cc2420.o)
                0x000097ba                cc2420_set_pan_addr
 .text.cc2420_init
                0x000098f8       0xca contiki-sky.a(cc2420.o)
                0x000098f8                cc2420_init
 .text.cc2420_interrupt
                0x000099c2       0x1e contiki-sky.a(cc2420.o)
                0x000099c2                cc2420_interrupt
 .text.cc2420_get_txpower
                0x000099e0       0x1e contiki-sky.a(cc2420.o)
                0x000099e0                cc2420_get_txpower
 .text.cc2420_transmit
                0x000099fe      0x1a6 contiki-sky.a(cc2420.o)
 .text.cc2420_send
                0x00009ba4       0x12 contiki-sky.a(cc2420.o)
 .text.cc2420_port1_interrupt
                0x00009bb6       0x62 contiki-sky.a(cc2420-arch.o)
                0x00009bb6                __isr_4
                0x00009bb6                cc2420_port1_interrupt
 .text.cc2420_arch_init
                0x00009c18       0x1a contiki-sky.a(cc2420-arch.o)
                0x00009c18                cc2420_arch_init
 .text.uart1_active
                0x00009c32       0x18 contiki-sky.a(uart1.o)
                0x00009c32                uart1_active
 .text.uart1_writeb
                0x00009c4a       0x18 contiki-sky.a(uart1.o)
                0x00009c4a                uart1_writeb
 .text.uart1_init
                0x00009c62       0xf4 contiki-sky.a(uart1.o)
                0x00009c62                uart1_init
 .text.putchar  0x00009d56       0x10 contiki-sky.a(uart1-putchar.o)
                0x00009d56                putchar
 .text.msp430_init_dco
                0x00009d66       0x82 contiki-sky.a(msp430.o)
                0x00009d66                msp430_init_dco
 .text.msp430_add_lpm_req
                0x00009de8        0xc contiki-sky.a(msp430.o)
                0x00009de8                msp430_add_lpm_req
 .text.msp430_cpu_init
                0x00009df4       0x2a contiki-sky.a(msp430.o)
                0x00009df4                msp430_cpu_init
 .text.splhigh_
                0x00009e1e        0x8 contiki-sky.a(msp430.o)
                0x00009e1e                splhigh_
 .text.msp430_sync_dco
                0x00009e26       0x6c contiki-sky.a(msp430.o)
                0x00009e26                msp430_sync_dco
 .text.timera1  0x00009e92       0xfe contiki-sky.a(clock.o)
                0x00009e92                __isr_5
                0x00009e92                timera1
 .text.clock_time
                0x00009f90       0x1a contiki-sky.a(clock.o)
                0x00009f90                clock_time
 .text.clock_init
                0x00009faa       0x28 contiki-sky.a(clock.o)
                0x00009faa                clock_init
 .text.clock_delay
                0x00009fd2        0xc contiki-sky.a(clock.o)
                0x00009fd2                clock_delay
 .text.clock_seconds
                0x00009fde       0x1a contiki-sky.a(clock.o)
                0x00009fde                clock_seconds
 .text.show_leds
                0x00009ff8      0x100 contiki-sky.a(leds.o)
 .text.leds_init
                0x0000a0f8        0xe contiki-sky.a(leds.o)
                0x0000a0f8                leds_init
 .text.leds_on  0x0000a106       0x14 contiki-sky.a(leds.o)
                0x0000a106                leds_on
 .text.leds_off
                0x0000a11a       0x14 contiki-sky.a(leds.o)
                0x0000a11a                leds_off
 .text.leds_arch_init
                0x0000a12e        0xe contiki-sky.a(leds-arch.o)
                0x0000a12e                leds_arch_init
 .text.leds_arch_set
                0x0000a13c       0x38 contiki-sky.a(leds-arch.o)
                0x0000a13c                leds_arch_set
 .text.watchdog_interrupt
                0x0000a174        0x6 contiki-sky.a(watchdog.o)
                0x0000a174                __isr_10
                0x0000a174                watchdog_interrupt
 .text.watchdog_start
                0x0000a17a       0x14 contiki-sky.a(watchdog.o)
                0x0000a17a                watchdog_start
 .text.watchdog_periodic
                0x0000a18e       0x12 contiki-sky.a(watchdog.o)
                0x0000a18e                watchdog_periodic
 .text.watchdog_stop
                0x0000a1a0       0x16 contiki-sky.a(watchdog.o)
                0x0000a1a0                watchdog_stop
 .text.watchdog_init
                0x0000a1b6       0x12 contiki-sky.a(watchdog.o)
                0x0000a1b6                watchdog_init
 .text.rtimer_arch_init
                0x0000a1c8        0xe contiki-sky.a(rtimer-arch.o)
                0x0000a1c8                rtimer_arch_init
 .text.rtimer_arch_now
                0x0000a1d6        0xe contiki-sky.a(rtimer-arch.o)
                0x0000a1d6                rtimer_arch_now
 .text.timera0  0x0000a1e4       0x70 contiki-sky.a(rtimer-arch.o)
                0x0000a1e4                __isr_6
                0x0000a1e4                timera0
 .text.rtimer_arch_schedule
                0x0000a254        0x6 contiki-sky.a(rtimer-arch.o)
                0x0000a254                rtimer_arch_schedule
 .text.field_len
                0x0000a25a       0x90 contiki-sky.a(frame802154.o)
 .text.frame802154_hdrlen
                0x0000a2ea       0x2e contiki-sky.a(frame802154.o)
                0x0000a2ea                frame802154_hdrlen
 .text.frame802154_create
                0x0000a318      0x172 contiki-sky.a(frame802154.o)
                0x0000a318                frame802154_create
 .text.frame802154_parse
                0x0000a48a      0x1c4 contiki-sky.a(frame802154.o)
                0x0000a48a                frame802154_parse
 .text.rpl_purge_routes
                0x0000a64e       0x96 contiki-sky.a(rpl.o)
                0x0000a64e                rpl_purge_routes
 .text.rpl_remove_routes
                0x0000a6e4       0x22 contiki-sky.a(rpl.o)
                0x0000a6e4                rpl_remove_routes
 .text.rpl_remove_routes_by_nexthop
                0x0000a706       0x46 contiki-sky.a(rpl.o)
                0x0000a706                rpl_remove_routes_by_nexthop
 .text.rpl_add_route
                0x0000a74c       0x48 contiki-sky.a(rpl.o)
                0x0000a74c                rpl_add_route
 .text.rpl_link_neighbor_callback
                0x0000a794       0x6a contiki-sky.a(rpl.o)
                0x0000a794                rpl_link_neighbor_callback
 .text.rpl_ipv6_neighbor_callback
                0x0000a7fe       0x1e contiki-sky.a(rpl.o)
                0x0000a7fe                rpl_ipv6_neighbor_callback
 .text.rpl_init
                0x0000a81c       0x40 contiki-sky.a(rpl.o)
                0x0000a81c                rpl_init
 .text.lollipop_greater_than
                0x0000a85c       0x3c contiki-sky.a(rpl-dag.o)
 .text.find_parent_any_dag_any_instance
                0x0000a898       0x14 contiki-sky.a(rpl-dag.o)
 .text.rpl_set_preferred_parent
                0x0000a8ac       0x30 contiki-sky.a(rpl-dag.o)
 .text.set_ip_from_prefix
                0x0000a8dc       0x38 contiki-sky.a(rpl-dag.o)
 .text.check_prefix
                0x0000a914       0x80 contiki-sky.a(rpl-dag.o)
 .text.rpl_dag_init
                0x0000a994        0xe contiki-sky.a(rpl-dag.o)
                0x0000a994                rpl_dag_init
 .text.rpl_get_parent_ipaddr
                0x0000a9a2       0x10 contiki-sky.a(rpl-dag.o)
                0x0000a9a2                rpl_get_parent_ipaddr
 .text.rpl_set_prefix
                0x0000a9b2       0x8e contiki-sky.a(rpl-dag.o)
                0x0000a9b2                rpl_set_prefix
 .text.rpl_set_default_route
                0x0000aa40       0x64 contiki-sky.a(rpl-dag.o)
                0x0000aa40                rpl_set_default_route
 .text.rpl_alloc_instance
                0x0000aaa4       0x2c contiki-sky.a(rpl-dag.o)
                0x0000aaa4                rpl_alloc_instance
 .text.rpl_add_parent
                0x0000aad0       0x3c contiki-sky.a(rpl-dag.o)
                0x0000aad0                rpl_add_parent
 .text.rpl_find_parent
                0x0000ab0c       0x1c contiki-sky.a(rpl-dag.o)
                0x0000ab0c                rpl_find_parent
 .text.rpl_find_parent_any_dag
                0x0000ab28       0x24 contiki-sky.a(rpl-dag.o)
                0x0000ab28                rpl_find_parent_any_dag
 .text.rpl_select_parent
                0x0000ab4c       0x5c contiki-sky.a(rpl-dag.o)
                0x0000ab4c                rpl_select_parent
 .text.rpl_select_dag
                0x0000aba8      0x1ae contiki-sky.a(rpl-dag.o)
                0x0000aba8                rpl_select_dag
 .text.rpl_nullify_parent
                0x0000ad56       0x4e contiki-sky.a(rpl-dag.o)
                0x0000ad56                rpl_nullify_parent
 .text.rpl_remove_parent
                0x0000ada4       0x16 contiki-sky.a(rpl-dag.o)
                0x0000ada4                rpl_remove_parent
 .text.remove_parents.constprop.5
                0x0000adba       0x32 contiki-sky.a(rpl-dag.o)
 .text.rpl_free_dag
                0x0000adec       0x34 contiki-sky.a(rpl-dag.o)
                0x0000adec                rpl_free_dag
 .text.rpl_free_instance
                0x0000ae20       0x5c contiki-sky.a(rpl-dag.o)
                0x0000ae20                rpl_free_instance
 .text.rpl_move_parent
                0x0000ae7c       0x6e contiki-sky.a(rpl-dag.o)
                0x0000ae7c                rpl_move_parent
 .text.rpl_get_any_dag
                0x0000aeea       0x16 contiki-sky.a(rpl-dag.o)
                0x0000aeea                rpl_get_any_dag
 .text.rpl_get_instance
                0x0000af00       0x16 contiki-sky.a(rpl-dag.o)
                0x0000af00                rpl_get_instance
 .text.get_dag  0x0000af16       0x58 contiki-sky.a(rpl-dag.o)
 .text.rpl_alloc_dag
                0x0000af6e       0x66 contiki-sky.a(rpl-dag.o)
                0x0000af6e                rpl_alloc_dag
 .text.rpl_repair_root
                0x0000afd4       0x4c contiki-sky.a(rpl-dag.o)
                0x0000afd4                rpl_repair_root
 .text.rpl_find_of
                0x0000b020       0x10 contiki-sky.a(rpl-dag.o)
                0x0000b020                rpl_find_of
 .text.rpl_join_instance
                0x0000b030      0x13c contiki-sky.a(rpl-dag.o)
                0x0000b030                rpl_join_instance
 .text.rpl_local_repair
                0x0000b16c       0x80 contiki-sky.a(rpl-dag.o)
                0x0000b16c                rpl_local_repair
 .text.rpl_process_parent_event
                0x0000b1ec       0x80 contiki-sky.a(rpl-dag.o)
                0x0000b1ec                rpl_process_parent_event
 .text.rpl_recalculate_ranks
                0x0000b26c       0x42 contiki-sky.a(rpl-dag.o)
                0x0000b26c                rpl_recalculate_ranks
 .text.rpl_add_dag
                0x0000b2ae      0x112 contiki-sky.a(rpl-dag.o)
                0x0000b2ae                rpl_add_dag
 .text.rpl_process_dio
                0x0000b3c0      0x274 contiki-sky.a(rpl-dag.o)
                0x0000b3c0                rpl_process_dio
 .text.get32    0x0000b634       0x46 contiki-sky.a(rpl-icmp6.o)
 .text.set32    0x0000b67a       0x2a contiki-sky.a(rpl-icmp6.o)
 .text.get16    0x0000b6a4        0xe contiki-sky.a(rpl-icmp6.o)
 .text.set16    0x0000b6b2       0x10 contiki-sky.a(rpl-icmp6.o)
 .text.dis_output
                0x0000b6c2       0x50 contiki-sky.a(rpl-icmp6.o)
                0x0000b6c2                dis_output
 .text.dio_output
                0x0000b712      0x264 contiki-sky.a(rpl-icmp6.o)
                0x0000b712                dio_output
 .text.dao_output_target
                0x0000b976       0xdc contiki-sky.a(rpl-icmp6.o)
                0x0000b976                dao_output_target
 .text.dao_output
                0x0000ba52       0x7e contiki-sky.a(rpl-icmp6.o)
                0x0000ba52                dao_output
 .text.dao_ack_output
                0x0000bad0       0x32 contiki-sky.a(rpl-icmp6.o)
                0x0000bad0                dao_ack_output
 .text.uip_rpl_input
                0x0000bb02      0x52a contiki-sky.a(rpl-icmp6.o)
                0x0000bb02                uip_rpl_input
 .text.new_dio_interval
                0x0000c02c       0x92 contiki-sky.a(rpl-timers.o)
 .text.handle_periodic_timer
                0x0000c0be       0x2e contiki-sky.a(rpl-timers.o)
 .text.handle_dao_timer
                0x0000c0ec       0x50 contiki-sky.a(rpl-timers.o)
 .text.handle_dio_timer
                0x0000c13c       0x82 contiki-sky.a(rpl-timers.o)
 .text.rpl_reset_periodic_timer
                0x0000c1be       0x54 contiki-sky.a(rpl-timers.o)
                0x0000c1be                rpl_reset_periodic_timer
 .text.rpl_reset_dio_timer
                0x0000c212       0x18 contiki-sky.a(rpl-timers.o)
                0x0000c212                rpl_reset_dio_timer
 .text.rpl_schedule_dao
                0x0000c22a       0x4e contiki-sky.a(rpl-timers.o)
                0x0000c22a                rpl_schedule_dao
 .text.reset    0x0000c278        0x2 contiki-sky.a(rpl-mrhof.o)
 .text.neighbor_link_callback
                0x0000c27a       0x86 contiki-sky.a(rpl-mrhof.o)
 .text.calculate_rank
                0x0000c300       0x2c contiki-sky.a(rpl-mrhof.o)
 .text.update_metric_container
                0x0000c32c        0x6 contiki-sky.a(rpl-mrhof.o)
 .text.best_dag
                0x0000c332       0x2e contiki-sky.a(rpl-mrhof.o)
 .text.best_parent
                0x0000c360       0x52 contiki-sky.a(rpl-mrhof.o)
 .text.rpl_verify_header
                0x0000c3b2       0xb4 contiki-sky.a(rpl-ext-header.)
                0x0000c3b2                rpl_verify_header
 .text.rpl_update_header_empty
                0x0000c466       0xf8 contiki-sky.a(rpl-ext-header.)
                0x0000c466                rpl_update_header_empty
 .text.rpl_update_header_final
                0x0000c55e       0x88 contiki-sky.a(rpl-ext-header.)
                0x0000c55e                rpl_update_header_final
 .text.rpl_invert_header
                0x0000c5e6       0x4e contiki-sky.a(rpl-ext-header.)
                0x0000c5e6                rpl_invert_header
 .text.rpl_insert_header
                0x0000c634       0x1c contiki-sky.a(rpl-ext-header.)
                0x0000c634                rpl_insert_header
 .text.memb_init
                0x0000c650       0x36 contiki-sky.a(memb.o)
                0x0000c650                memb_init
 .text.memb_alloc
                0x0000c686       0x3e contiki-sky.a(memb.o)
                0x0000c686                memb_alloc
 .text.memb_free
                0x0000c6c4       0x3a contiki-sky.a(memb.o)
                0x0000c6c4                memb_free
 .text.memb_inmemb
                0x0000c6fe       0x2a contiki-sky.a(memb.o)
                0x0000c6fe                memb_inmemb
 .text.list_init
                0x0000c728        0x6 contiki-sky.a(list.o)
                0x0000c728                list_init
 .text.list_head
                0x0000c72e        0x4 contiki-sky.a(list.o)
                0x0000c72e                list_head
 .text.list_tail
                0x0000c732       0x12 contiki-sky.a(list.o)
                0x0000c732                list_tail
 .text.list_remove
                0x0000c744       0x34 contiki-sky.a(list.o)
                0x0000c744                list_remove
 .text.list_push
                0x0000c778       0x1a contiki-sky.a(list.o)
                0x0000c778                list_push
 .text.list_add
                0x0000c792       0x2a contiki-sky.a(list.o)
                0x0000c792                list_add
 .text.list_length
                0x0000c7bc       0x10 contiki-sky.a(list.o)
                0x0000c7bc                list_length
 .text.list_item_next
                0x0000c7cc        0xc contiki-sky.a(list.o)
                0x0000c7cc                list_item_next
 .text.stimer_set
                0x0000c7d8       0x1c contiki-sky.a(stimer.o)
                0x0000c7d8                stimer_set
 .text.stimer_restart
                0x0000c7f4       0x14 contiki-sky.a(stimer.o)
                0x0000c7f4                stimer_restart
 .text.stimer_expired
                0x0000c808       0x30 contiki-sky.a(stimer.o)
                0x0000c808                stimer_expired
 .text.item_from_index
                0x0000c838       0x2a contiki-sky.a(nbr-table.o)
 .text.index_from_key
                0x0000c862       0x26 contiki-sky.a(nbr-table.o)
 .text.index_from_item
                0x0000c888       0x1e contiki-sky.a(nbr-table.o)
 .text.nbr_set_bit
                0x0000c8a6       0x58 contiki-sky.a(nbr-table.o)
 .text.index_from_lladdr
                0x0000c8fe       0x42 contiki-sky.a(nbr-table.o)
 .text.nbr_get_bit.constprop.0
                0x0000c940       0x2e contiki-sky.a(nbr-table.o)
 .text.nbr_table_register
                0x0000c96e       0x26 contiki-sky.a(nbr-table.o)
                0x0000c96e                nbr_table_register
 .text.nbr_table_next
                0x0000c994       0x54 contiki-sky.a(nbr-table.o)
                0x0000c994                nbr_table_next
 .text.nbr_table_head
                0x0000c9e8       0x3a contiki-sky.a(nbr-table.o)
                0x0000c9e8                nbr_table_head
 .text.nbr_table_add_lladdr
                0x0000ca22      0x128 contiki-sky.a(nbr-table.o)
                0x0000ca22                nbr_table_add_lladdr
 .text.nbr_table_get_from_lladdr
                0x0000cb4a       0x2c contiki-sky.a(nbr-table.o)
                0x0000cb4a                nbr_table_get_from_lladdr
 .text.nbr_table_remove
                0x0000cb76       0x32 contiki-sky.a(nbr-table.o)
                0x0000cb76                nbr_table_remove
 .text.nbr_table_lock
                0x0000cba8       0x10 contiki-sky.a(nbr-table.o)
                0x0000cba8                nbr_table_lock
 .text.nbr_table_unlock
                0x0000cbb8       0x10 contiki-sky.a(nbr-table.o)
                0x0000cbb8                nbr_table_unlock
 .text.nbr_table_get_lladdr
                0x0000cbc8       0x22 contiki-sky.a(nbr-table.o)
                0x0000cbc8                nbr_table_get_lladdr
 .text.uip_icmp6_echo_request_input
                0x0000cbea      0x12c contiki-sky.a(uip-icmp6.o)
                0x0000cbea                uip_icmp6_echo_request_input
 .text.uip_icmp6_error_output
                0x0000cd16      0x17e contiki-sky.a(uip-icmp6.o)
                0x0000cd16                uip_icmp6_error_output
 .text.uip_icmp6_send
                0x0000ce94       0x94 contiki-sky.a(uip-icmp6.o)
                0x0000ce94                uip_icmp6_send
 .text.coap_parse_int_option
                0x0000cf28       0x46 contiki-sky.a(er-coap-13.o)
 .text.coap_get_variable
                0x0000cf6e       0x8c contiki-sky.a(er-coap-13.o)
 .text.coap_merge_multi_option
                0x0000cffa       0x3e contiki-sky.a(er-coap-13.o)
 .text.coap_set_option_header
                0x0000d038       0xa6 contiki-sky.a(er-coap-13.o)
 .text.coap_serialize_int_option
                0x0000d0de       0xda contiki-sky.a(er-coap-13.o)
 .text.coap_serialize_array_option.part.0
                0x0000d1b8       0x34 contiki-sky.a(er-coap-13.o)
 .text.coap_serialize_array_option
                0x0000d1ec       0x90 contiki-sky.a(er-coap-13.o)
 .text.coap_init_connection
                0x0000d27c       0x22 contiki-sky.a(er-coap-13.o)
                0x0000d27c                coap_init_connection
 .text.coap_get_mid
                0x0000d29e        0xc contiki-sky.a(er-coap-13.o)
                0x0000d29e                coap_get_mid
 .text.coap_init_message
                0x0000d2aa       0x30 contiki-sky.a(er-coap-13.o)
                0x0000d2aa                coap_init_message
 .text.coap_serialize_message
                0x0000d2da      0x3cc contiki-sky.a(er-coap-13.o)
                0x0000d2da                coap_serialize_message
 .text.coap_send_message
                0x0000d6a6       0x4a contiki-sky.a(er-coap-13.o)
                0x0000d6a6                coap_send_message
 .text.coap_parse_message
                0x0000d6f0      0x440 contiki-sky.a(er-coap-13.o)
                0x0000d6f0                coap_parse_message
 .text.coap_get_query_variable
                0x0000db30       0x1c contiki-sky.a(er-coap-13.o)
                0x0000db30                coap_get_query_variable
 .text.coap_get_post_variable
                0x0000db4c       0x20 contiki-sky.a(er-coap-13.o)
                0x0000db4c                coap_get_post_variable
 .text.coap_set_status_code
                0x0000db6c       0x12 contiki-sky.a(er-coap-13.o)
                0x0000db6c                coap_set_status_code
 .text.coap_get_header_content_type
                0x0000db7e       0x12 contiki-sky.a(er-coap-13.o)
                0x0000db7e                coap_get_header_content_type
 .text.coap_set_header_content_type
                0x0000db90        0xe contiki-sky.a(er-coap-13.o)
                0x0000db90                coap_set_header_content_type
 .text.coap_get_header_accept
                0x0000db9e       0x1a contiki-sky.a(er-coap-13.o)
                0x0000db9e                coap_get_header_accept
 .text.coap_get_header_max_age
                0x0000dbb8       0x24 contiki-sky.a(er-coap-13.o)
                0x0000dbb8                coap_get_header_max_age
 .text.coap_set_header_max_age
                0x0000dbdc       0x12 contiki-sky.a(er-coap-13.o)
                0x0000dbdc                coap_set_header_max_age
 .text.coap_set_header_etag
                0x0000dbee       0x2a contiki-sky.a(er-coap-13.o)
                0x0000dbee                coap_set_header_etag
 .text.coap_get_header_if_match
                0x0000dc18       0x1a contiki-sky.a(er-coap-13.o)
                0x0000dc18                coap_get_header_if_match
 .text.coap_get_header_if_none_match
                0x0000dc32       0x1c contiki-sky.a(er-coap-13.o)
                0x0000dc32                coap_get_header_if_none_match
 .text.coap_set_header_token
                0x0000dc4e       0x24 contiki-sky.a(er-coap-13.o)
                0x0000dc4e                coap_set_header_token
 .text.coap_get_header_uri_host
                0x0000dc72       0x16 contiki-sky.a(er-coap-13.o)
                0x0000dc72                coap_get_header_uri_host
 .text.coap_get_header_uri_path
                0x0000dc88       0x16 contiki-sky.a(er-coap-13.o)
                0x0000dc88                coap_get_header_uri_path
 .text.coap_set_header_uri_path
                0x0000dc9e       0x2a contiki-sky.a(er-coap-13.o)
                0x0000dc9e                coap_set_header_uri_path
 .text.coap_get_header_uri_query
                0x0000dcc8       0x16 contiki-sky.a(er-coap-13.o)
                0x0000dcc8                coap_get_header_uri_query
 .text.coap_set_header_location_query
                0x0000dcde       0x2c contiki-sky.a(er-coap-13.o)
                0x0000dcde                coap_set_header_location_query
 .text.coap_set_header_location_path
                0x0000dd0a       0x5e contiki-sky.a(er-coap-13.o)
                0x0000dd0a                coap_set_header_location_path
 .text.coap_set_header_observe
                0x0000dd68        0xe contiki-sky.a(er-coap-13.o)
                0x0000dd68                coap_set_header_observe
 .text.coap_get_header_block2
                0x0000dd76       0x4c contiki-sky.a(er-coap-13.o)
                0x0000dd76                coap_get_header_block2
 .text.coap_set_header_block2
                0x0000ddc2       0x42 contiki-sky.a(er-coap-13.o)
                0x0000ddc2                coap_set_header_block2
 .text.coap_get_header_size
                0x0000de04       0x1c contiki-sky.a(er-coap-13.o)
                0x0000de04                coap_get_header_size
 .text.coap_set_header_size
                0x0000de20       0x12 contiki-sky.a(er-coap-13.o)
                0x0000de20                coap_set_header_size
 .text.coap_get_payload
                0x0000de32       0x1a contiki-sky.a(er-coap-13.o)
                0x0000de32                coap_get_payload
 .text.coap_set_payload
                0x0000de4c       0x16 contiki-sky.a(er-coap-13.o)
                0x0000de4c                coap_set_payload
 .text.spi_init
                0x0000de62       0x30 contiki-sky.a(spi.o)
                0x0000de62                spi_init
 .text.uip_udp_packet_send
                0x0000de92       0x2e contiki-sky.a(uip-udp-packet.)
                0x0000de92                uip_udp_packet_send
 .text.libgcc   0x0000dec0       0x2c /usr/local/msp430/bin/../lib/gcc/msp430/4.7.0/mmpy-16/libgcc.a(_mulsi3.o)
                0x0000dec0                __mulsi3
 .text.libgcc   0x0000deec       0x22 /usr/local/msp430/bin/../lib/gcc/msp430/4.7.0/mmpy-16/libgcc.a(_udivmod16.o)
                0x0000deec                __udivhi3
                0x0000deec                __ext_udivmod16
                0x0000df06                __umodhi3
 .text.libgcc   0x0000df0e       0x3a /usr/local/msp430/bin/../lib/gcc/msp430/4.7.0/mmpy-16/libgcc.a(_divmod16.o)
                0x0000df0e                __ext_divmod16
                0x0000df0e                __divhi3
                0x0000df40                __modhi3
 .text.libgcc   0x0000df48       0x40 /usr/local/msp430/bin/../lib/gcc/msp430/4.7.0/mmpy-16/libgcc.a(_udivmod32.o)
                0x0000df48                __udivsi3
                0x0000df48                __ext_udivmod32
                0x0000df7e                __umodsi3
 .text.printf   0x0000df88       0x10 /usr/local/msp430/bin/../lib/gcc/msp430/4.7.0/../../../../msp430/lib/mmpy-16/libc.a(printf.o)
                0x0000df88                printf
 .text.append   0x0000df98       0x22 /usr/local/msp430/bin/../lib/gcc/msp430/4.7.0/../../../../msp430/lib/mmpy-16/libc.a(sprintf.o)
 .text.call_vuprintf
                0x0000dfba       0x3a /usr/local/msp430/bin/../lib/gcc/msp430/4.7.0/../../../../msp430/lib/mmpy-16/libc.a(sprintf.o)
 .text.sprintf  0x0000dff4       0x1c /usr/local/msp430/bin/../lib/gcc/msp430/4.7.0/../../../../msp430/lib/mmpy-16/libc.a(sprintf.o)
                0x0000dff4                sprintf
 .text.snprintf
                0x0000e010       0x1a /usr/local/msp430/bin/../lib/gcc/msp430/4.7.0/../../../../msp430/lib/mmpy-16/libc.a(sprintf.o)
                0x0000e010                snprintf
 .text.print_field
                0x0000e02a      0x194 /usr/local/msp430/bin/../lib/gcc/msp430/4.7.0/../../../../msp430/lib/mmpy-16/libc.a(vuprintf.o)
 .text.vuprintf
                0x0000e1be      0x63c /usr/local/msp430/bin/../lib/gcc/msp430/4.7.0/../../../../msp430/lib/mmpy-16/libc.a(vuprintf.o)
                0x0000e1be                vuprintf
 .text.puts     0x0000e7fa       0x2c /usr/local/msp430/bin/../lib/gcc/msp430/4.7.0/../../../../msp430/lib/mmpy-16/libc.a(puts.o)
                0x0000e7fa                puts
 .text.rand     0x0000e826       0x26 /usr/local/msp430/bin/../lib/gcc/msp430/4.7.0/../../../../msp430/lib/mmpy-16/libc.a(rand.o)
                0x0000e826                rand
 .text.srand    0x0000e84c        0xa /usr/local/msp430/bin/../lib/gcc/msp430/4.7.0/../../../../msp430/lib/mmpy-16/libc.a(rand.o)
                0x0000e84c                srand
 .text.strchr   0x0000e856       0x16 /usr/local/msp430/bin/../lib/gcc/msp430/4.7.0/../../../../msp430/lib/mmpy-16/libc.a(strchr.o)
                0x0000e856                strchr
 .text.memchr   0x0000e86c       0x1e /usr/local/msp430/bin/../lib/gcc/msp430/4.7.0/../../../../msp430/lib/mmpy-16/libc.a(memchr.o)
                0x0000e86c                memchr
 .text.strcmp   0x0000e88a       0x1e /usr/local/msp430/bin/../lib/gcc/msp430/4.7.0/../../../../msp430/lib/mmpy-16/libc.a(strcmp.o)
                0x0000e88a                strcmp
 .text.strncmp  0x0000e8a8       0x2a /usr/local/msp430/bin/../lib/gcc/msp430/4.7.0/../../../../msp430/lib/mmpy-16/libc.a(strncmp.o)
                0x0000e8a8                strncmp
 .text.memcmp   0x0000e8d2       0x30 /usr/local/msp430/bin/../lib/gcc/msp430/4.7.0/../../../../msp430/lib/mmpy-16/libc.a(memcmp.o)
                0x0000e8d2                memcmp
 .text.memcpy   0x0000e902       0xfa /usr/local/msp430/bin/../lib/gcc/msp430/4.7.0/../../../../msp430/lib/mmpy-16/libc.a(memcpy.o)
                0x0000e902                memcpy
 .text.memmove  0x0000e9fc       0xfa /usr/local/msp430/bin/../lib/gcc/msp430/4.7.0/../../../../msp430/lib/mmpy-16/libc.a(memmove.o)
                0x0000e9fc                memmove
 .text.memset   0x0000eaf6       0x6a /usr/local/msp430/bin/../lib/gcc/msp430/4.7.0/../../../../msp430/lib/mmpy-16/libc.a(memset.o)
                0x0000eaf6                memset
 .text.strstr   0x0000eb60       0x54 /usr/local/msp430/bin/../lib/gcc/msp430/4.7.0/../../../../msp430/lib/mmpy-16/libc.a(strstr.o)
                0x0000eb60                strstr
 .text.libgcc   0x0000ebb4       0xf0 /usr/local/msp430/bin/../lib/gcc/msp430/4.7.0/mmpy-16/libgcc.a(_udivmod64.o)
                0x0000ebb4                __xabi_udivmod64
                0x0000ec12                __udivdi3
                0x0000ec38                __umoddi3
                0x0000ec66                __udivmoddi4
 .text.crt0     0x0000eca4        0x2 /usr/local/msp430/bin/../lib/gcc/msp430/4.7.0/mmpy-16/libcrt0.a(_unexpected_.o)
                0x0000eca4                _unexpected_
 *(.near.text .near.text.*)

.rodata         0x0000eca8      0x437
                0x0000eca8                . = ALIGN (0x2)
 *(.rodata .rodata.* .gnu.linkonce.r.*)
 .rodata        0x0000eca8       0x4e seat.co
                0x0000ecca                autostart_processes
 .rodata        0x0000ecf6      0x11d obj_sky/contiki-sky-main.o
 *fill*         0x0000ee13        0x1 00
 .rodata        0x0000ee14        0x8 contiki-sky.a(rimeaddr.o)
                0x0000ee14                rimeaddr_null
 .rodata        0x0000ee1c       0x16 contiki-sky.a(nullmac.o)
                0x0000ee24                nullmac_driver
 .rodata        0x0000ee32       0x18 contiki-sky.a(nullrdc.o)
                0x0000ee3a                nullrdc_driver
 .rodata        0x0000ee4a        0x4 contiki-sky.a(framer-802154.o)
                0x0000ee4a                framer_802154
 .rodata        0x0000ee4e        0xc contiki-sky.a(etimer.o)
 .rodata        0x0000ee5a        0xf contiki-sky.a(ctimer.o)
 *fill*         0x0000ee69        0x1 00
 .rodata        0x0000ee6a       0x24 contiki-sky.a(sicslowpan.o)
                0x0000ee76                sicslowpan_driver
                0x0000ee7c                llprefix
                0x0000ee7e                unc_mxconf
                0x0000ee82                unc_ctxconf
                0x0000ee86                unc_llconf
 .rodata        0x0000ee8e        0xd contiki-sky.a(tcpip.o)
 *fill*         0x0000ee9b        0x1 00
 .rodata        0x0000ee9c      0x104 contiki-sky.a(er-coap-13-engi)
                0x0000eeee                coap_rest_implementation
 .rodata        0x0000efa0       0x1d contiki-sky.a(er-coap-13-obse)
 .rodata        0x0000efbd        0xd contiki-sky.a(erbium.o)
 .rodata        0x0000efca       0x10 contiki-sky.a(button-sensor.o)
                0x0000efd2                button_sensor
 .rodata        0x0000efda        0x8 contiki-sky.a(sensors.o)
 .rodata        0x0000efe2       0x22 contiki-sky.a(cc2420.o)
                0x0000efe2                cc2420_driver
 .rodata        0x0000f004        0x2 contiki-sky.a(frame802154.o)
 .rodata        0x0000f006       0x8a contiki-sky.a(er-coap-13.o)
 .rodata.coap_parse_message
                0x0000f090       0x48 contiki-sky.a(er-coap-13.o)
 .rodata.vuprintf
                0x0000f0d8        0x7 /usr/local/msp430/bin/../lib/gcc/msp430/4.7.0/../../../../msp430/lib/mmpy-16/libc.a(vuprintf.o)
 *(.near.rodata .near.rodata.*)
                0x0000f0e0                . = ALIGN (0x2)
                0x0000f0e0                _etext = .

.data           0x00001100       0xec load address 0x0000f0e0
                0x00001100                . = ALIGN (0x2)
                0x00001100                __data_start = .
 *(.data .data.* .gnu.linkonce.d.*)
 .data          0x00001100       0x1e seat.co
                0x00001100                server
                0x0000110a                status
                0x0000110c                resource_GetStatus
 .data          0x0000111e        0xa contiki-sky.a(etimer.o)
                0x0000111e                etimer_process
 .data          0x00001128        0xa contiki-sky.a(ctimer.o)
                0x00001128                ctimer_process
 .data          0x00001132       0x18 contiki-sky.a(queuebuf.o)
 .data          0x0000114a        0xa contiki-sky.a(tcpip.o)
                0x0000114a                tcpip_process
 .data          0x00001154       0x18 contiki-sky.a(uip-ds6-route.o)
 .data          0x0000116c        0xa contiki-sky.a(uip-ds6-nbr.o)
                0x0000116c                ds6_neighbors
 .data          0x00001176       0x1c contiki-sky.a(er-coap-13-engi)
                0x00001176                resource_well_known_core
                0x00001188                coap_receiver
 .data          0x00001192        0x8 contiki-sky.a(er-coap-13-tran)
 .data          0x0000119a        0x8 contiki-sky.a(er-coap-13-obse)
 .data          0x000011a2        0xa contiki-sky.a(erbium.o)
                0x000011a2                rest_manager_process
 .data          0x000011ac        0x4 contiki-sky.a(contiki-sky-pla)
                0x000011ac                sensors
 .data          0x000011b0        0xa contiki-sky.a(sensors.o)
                0x000011b0                sensors_process
 .data          0x000011ba        0xa contiki-sky.a(cc2420.o)
                0x000011ba                cc2420_process
 .data          0x000011c4        0x2 contiki-sky.a(msp430.o)
 .data          0x000011c6        0x8 contiki-sky.a(rpl-dag.o)
 .data          0x000011ce        0x1 contiki-sky.a(rpl-icmp6.o)
 *fill*         0x000011cf        0x1 00
 .data          0x000011d0        0xe contiki-sky.a(rpl-mrhof.o)
                0x000011d0                rpl_mrhof
 .data          0x000011de        0x8 contiki-sky.a(nbr-table.o)
 .data          0x000011e6        0x2 contiki-sky.a(er-coap-13.o)
                0x000011e6                coap_error_message
 .data.next     0x000011e8        0x4 /usr/local/msp430/bin/../lib/gcc/msp430/4.7.0/../../../../msp430/lib/mmpy-16/libc.a(rand.o)
 *(.near.data .near.data.*)
                0x000011ec                . = ALIGN (0x2)
                0x000011ec                _edata = .
                0x0000f0e0                __data_load_start = LOADADDR (.data)
                0x000000ec                __data_size = SIZEOF (.data)

.bss            0x000011ec     0x1d2a load address 0x0000f1cc
                0x000011ec                __bss_start = .
 *(.bss .bss.*)
 .bss           0x000011ec        0x1 seat.co
                0x000011ec                id
 *fill*         0x000011ed        0x1 00
 .bss           0x000011ee        0xc obj_sky/contiki-sky-main.o
 .bss           0x000011fa        0x2 contiki-sky.a(framer-802154.o)
 .bss           0x000011fc       0x42 contiki-sky.a(process.o)
                0x000011fc                process_current
                0x000011fe                process_list
 .bss           0x0000123e        0x6 contiki-sky.a(etimer.o)
 .bss           0x00001244        0x4 contiki-sky.a(ctimer.o)
 .bss           0x00001248        0x2 contiki-sky.a(rtimer.o)
 .bss           0x0000124a       0xba contiki-sky.a(packetbuf.o)
 .bss           0x00001304      0x71e contiki-sky.a(queuebuf.o)
 .bss           0x00001a22      0x232 contiki-sky.a(sicslowpan.o)
 .bss           0x00001c54        0xe contiki-sky.a(tcpip.o)
 .bss           0x00001c62      0x19e contiki-sky.a(uip-ds6-route.o)
 .bss           0x00001e00      0x168 contiki-sky.a(uip-ds6-nbr.o)
 .bss           0x00001f68       0x18 contiki-sky.a(uip-ds6.o)
 .bss           0x00001f80        0xa contiki-sky.a(uip-nd6.o)
 .bss           0x00001f8a        0x8 contiki-sky.a(uip6.o)
                0x00001f8a                uip_ext_opt_offset
                0x00001f8b                uip_ext_len
                0x00001f8c                uip_ext_bitmap
 .bss           0x00001f92       0xf8 contiki-sky.a(er-coap-13-engi)
 .bss           0x0000208a      0x5c0 contiki-sky.a(er-coap-13-tran)
 .bss           0x0000264a       0x94 contiki-sky.a(er-coap-13-obse)
 .bss           0x000026de        0x4 contiki-sky.a(erbium.o)
 .bss           0x000026e2        0x8 contiki-sky.a(button-sensor.o)
 .bss           0x000026ea        0x2 contiki-sky.a(node-id.o)
                0x000026ea                node_id
 .bss           0x000026ec        0x6 contiki-sky.a(sensors.o)
 .bss           0x000026f2        0xa contiki-sky.a(cc2420.o)
 .bss           0x000026fc       0x9a contiki-sky.a(uart1.o)
 .bss           0x00002796        0xa contiki-sky.a(clock.o)
 .bss           0x000027a0        0x2 contiki-sky.a(leds.o)
 .bss           0x000027a2        0x2 contiki-sky.a(watchdog.o)
 .bss           0x000027a4       0x64 contiki-sky.a(rpl-dag.o)
 .bss           0x00002808       0x18 contiki-sky.a(rpl-timers.o)
 .bss           0x00002820       0x96 contiki-sky.a(nbr-table.o)
 .bss           0x000028b6       0x10 contiki-sky.a(uip-icmp6.o)
 .bss           0x000028c6        0x6 contiki-sky.a(er-coap-13.o)
                0x000028c6                coap_error_code
 .bss.destination_
                0x000028cc        0x2 /usr/local/msp430/bin/../lib/gcc/msp430/4.7.0/../../../../msp430/lib/mmpy-16/libc.a(sprintf.o)
 .bss.available_
                0x000028ce        0x2 /usr/local/msp430/bin/../lib/gcc/msp430/4.7.0/../../../../msp430/lib/mmpy-16/libc.a(sprintf.o)
 *(.near.bss .near.bss.*)
 *(COMMON)
 COMMON         0x000028d0        0x8 contiki-sky.a(rimeaddr.o)
                0x000028d0                rimeaddr_node_addr
 COMMON         0x000028d8        0x1 contiki-sky.a(process.o)
                0x000028d8                process_maxevents
 *fill*         0x000028d9        0x1 00
 COMMON         0x000028da       0x56 contiki-sky.a(energest.o)
                0x000028da                energest_total_time
                0x0000290a                energest_total_count
                0x0000290c                energest_current_mode
                0x00002918                energest_current_time
 COMMON         0x00002930       0x50 contiki-sky.a(packetbuf.o)
                0x00002930                packetbuf_addrs
                0x00002950                packetbuf_attrs
 COMMON         0x00002980        0x8 contiki-sky.a(sicslowpan.o)
                0x00002980                frag_sender
 COMMON         0x00002988        0x1 contiki-sky.a(tcpip.o)
                0x00002988                tcpip_event
 *fill*         0x00002989        0x1 00
 COMMON         0x0000298a      0x15c contiki-sky.a(uip-ds6.o)
                0x0000298a                uip_ds6_timer_ra
                0x00002992                uip_ds6_if
                0x00002a7e                uip_ds6_netif_addr_list_offset
                0x00002a7f                uip_ds6_addr_size
                0x00002a80                uip_ds6_prefix_list
                0x00002ada                uip_ds6_timer_periodic
 COMMON         0x00002ae6      0x350 contiki-sky.a(uip6.o)
                0x00002ae6                uip_len
                0x00002ae8                uip_sappdata
                0x00002aea                uip_lladdr
                0x00002af2                uip_aligned_buf
                0x00002cf2                uip_flags
                0x00002cf4                uip_next_hdr
                0x00002cf6                uip_udp_conn
                0x00002cf8                uip_appdata
                0x00002cfa                uip_conn
                0x00002cfc                uip_slen
                0x00002cfe                uip_udp_conns
 COMMON         0x00002e36        0x2 contiki-sky.a(contiki-sky-pla)
                0x00002e36                sensors_flags
 COMMON         0x00002e38        0x8 contiki-sky.a(ds2411.o)
                0x00002e38                ds2411_id
 COMMON         0x00002e40        0x1 contiki-sky.a(sensors.o)
                0x00002e40                sensors_event
 *fill*         0x00002e41        0x1 00
 COMMON         0x00002e42       0x14 contiki-sky.a(cc2420.o)
                0x00002e42                cc2420_last_rssi
                0x00002e44                cc2420_packets_read
                0x00002e46                cc2420_packets_seen
                0x00002e48                cc2420_sfd_start_time
                0x00002e4a                cc2420_time_of_departure
                0x00002e4c                cc2420_time_of_arrival
                0x00002e4e                cc2420_last_correlation
                0x00002e50                cc2420_authority_level_of_sender
                0x00002e52                cc2420_sfd_counter
                0x00002e54                cc2420_sfd_end_time
 COMMON         0x00002e56        0x2 contiki-sky.a(msp430.o)
                0x00002e56                msp430_dco_required
 COMMON         0x00002e58       0xbe contiki-sky.a(rpl-dag.o)
                0x00002e58                default_instance
                0x00002e5a                instance_table
                0x00002f16                . = ALIGN (0x2)
                0x00002f16                __bss_end = .
                0x00001d2a                __bss_size = SIZEOF (.bss)

.noinit         0x00002f16        0x2 load address 0x0000f1cc
                0x00002f16                . = ALIGN (0x2)
                0x00002f16                __noinit_start = .
 *(.noinit .noinit.*)
 .noinit.crt0   0x00002f16        0x2 /usr/local/msp430/bin/../lib/gcc/msp430/4.7.0/mmpy-16/libcrt0.a(__watchdog_support.o)
                0x00002f16                __wdt_clear_value
                0x00002f18                . = ALIGN (0x2)
                0x00002f18                __noinit_end = .
                0x00002f18                . = ALIGN (0x2)
                0x00002f18                _end = .

.infomem        0x00001000        0x0
                0x00001000                . = ALIGN (0x2)
 *(.infomem .infomem.*)

.infomemnobits  0x00001000        0x0
                0x00001000                . = ALIGN (0x2)
 *(.infomemnobits .infomemnobits.*)

.infoa          0x00001080        0x0
                0x00001080                . = ALIGN (0x2)
 *(.infoa .infoa.*)

.infob          0x00001000        0x0
                0x00001000                . = ALIGN (0x2)
 *(.infob .infob.*)

.infoc          0x00000000        0x0
                0x00000000                . = ALIGN (0x2)
 *(.infoc .infoc.*)

.infod          0x00000000        0x0
                0x00000000                . = ALIGN (0x2)
 *(.infod .infod.*)

.vectors        0x0000ffe0       0x20
                0x0000ffe0                __vectors_start = .
 *(.vectors*)
 .vectors       0x0000ffe0       0x20 /usr/local/msp430/bin/../lib/gcc/msp430/4.7.0/mmpy-16/crt0ivtbl16.o
                0x0000ffe0                __ivtbl_16
                0x00010000                _vectors_end = .

.fartext        0x00000000        0x0
                0x00000000                . = ALIGN (0x2)
 *(.fartext .fartext.*)

.far.text       0x00000000        0x0
                0x00000000                . = ALIGN (0x2)
 *(.far.text .far.text.*)

.far.rodata     0x00000000        0x0
                0x00000000                . = ALIGN (0x2)
 *(.far.rodata .far.rodata.*)
                0x00000000                . = ALIGN (0x2)
                0x00000000                _efartext = .

.far.data       0x00000000        0x0
                0x00000000                . = ALIGN (0x2)
                0x00000000                __far_data_start = .
 *(.far.data .far.data.*)
                0x00000000                . = ALIGN (0x2)
                0x00000000                _efardata = .
                0x00000000                __far_data_load_start = LOADADDR (.far.data)
                0x00000000                __far_data_size = SIZEOF (.far.data)

.far.bss        0x00000000        0x0
                0x00000000                . = ALIGN (0x2)
                0x00000000                __far_bss_start = .
 *(.far.bss .far.bss.*)
                0x00000000                . = ALIGN (0x2)
                0x00000000                __far_bss_end = .
                0x00000000                __far_bss_size = SIZEOF (.far.bss)
                0x00000000                . = ALIGN (0x2)
                0x00000000                _far_end = .

.profiler
 *(.profiler)

.stab
 *(.stab)

.stabstr
 *(.stabstr)

.stab.excl
 *(.stab.excl)

.stab.exclstr
 *(.stab.exclstr)

.stab.index
 *(.stab.index)

.stab.indexstr
 *(.stab.indexstr)

.comment        0x00000000       0x30
 *(.comment)
 .comment       0x00000000       0x30 seat.co
                                 0x31 (size before relaxing)
 .comment       0x00000000       0x31 obj_sky/contiki-sky-main.o
 .comment       0x00000000       0x31 contiki-sky.a(rimeaddr.o)
 .comment       0x00000000       0x31 contiki-sky.a(nullmac.o)
 .comment       0x00000000       0x31 contiki-sky.a(nullrdc.o)
 .comment       0x00000000       0x31 contiki-sky.a(mac.o)
 .comment       0x00000000       0x31 contiki-sky.a(framer-802154.o)
 .comment       0x00000000       0x31 contiki-sky.a(process.o)
 .comment       0x00000000       0x31 contiki-sky.a(autostart.o)
 .comment       0x00000000       0x31 contiki-sky.a(timer.o)
 .comment       0x00000000       0x31 contiki-sky.a(etimer.o)
 .comment       0x00000000       0x31 contiki-sky.a(ctimer.o)
 .comment       0x00000000       0x31 contiki-sky.a(energest.o)
 .comment       0x00000000       0x31 contiki-sky.a(rtimer.o)
 .comment       0x00000000       0x31 contiki-sky.a(random.o)
 .comment       0x00000000       0x31 contiki-sky.a(packetbuf.o)
 .comment       0x00000000       0x31 contiki-sky.a(queuebuf.o)
 .comment       0x00000000       0x31 contiki-sky.a(sicslowpan.o)
 .comment       0x00000000       0x31 contiki-sky.a(tcpip.o)
 .comment       0x00000000       0x31 contiki-sky.a(uip-ds6-route.o)
 .comment       0x00000000       0x31 contiki-sky.a(uip-ds6-nbr.o)
 .comment       0x00000000       0x31 contiki-sky.a(uip-ds6.o)
 .comment       0x00000000       0x31 contiki-sky.a(uip-nd6.o)
 .comment       0x00000000       0x31 contiki-sky.a(uip6.o)
 .comment       0x00000000       0x31 contiki-sky.a(er-coap-13-engi)
 .comment       0x00000000       0x31 contiki-sky.a(er-coap-13-tran)
 .comment       0x00000000       0x31 contiki-sky.a(er-coap-13-obse)
 .comment       0x00000000       0x31 contiki-sky.a(erbium.o)
 .comment       0x00000000       0x31 contiki-sky.a(contiki-sky-pla)
 .comment       0x00000000       0x31 contiki-sky.a(button-sensor.o)
 .comment       0x00000000       0x31 contiki-sky.a(ds2411.o)
 .comment       0x00000000       0x31 contiki-sky.a(xmem.o)
 .comment       0x00000000       0x31 contiki-sky.a(node-id.o)
 .comment       0x00000000       0x31 contiki-sky.a(sensors.o)
 .comment       0x00000000       0x31 contiki-sky.a(cc2420.o)
 .comment       0x00000000       0x31 contiki-sky.a(cc2420-arch.o)
 .comment       0x00000000       0x31 contiki-sky.a(uart1.o)
 .comment       0x00000000       0x31 contiki-sky.a(uart1-putchar.o)
 .comment       0x00000000       0x31 contiki-sky.a(msp430.o)
 .comment       0x00000000       0x31 contiki-sky.a(clock.o)
 .comment       0x00000000       0x31 contiki-sky.a(leds.o)
 .comment       0x00000000       0x31 contiki-sky.a(leds-arch.o)
 .comment       0x00000000       0x31 contiki-sky.a(watchdog.o)
 .comment       0x00000000       0x31 contiki-sky.a(rtimer-arch.o)
 .comment       0x00000000       0x31 contiki-sky.a(frame802154.o)
 .comment       0x00000000       0x31 contiki-sky.a(rpl.o)
 .comment       0x00000000       0x31 contiki-sky.a(rpl-dag.o)
 .comment       0x00000000       0x31 contiki-sky.a(rpl-icmp6.o)
 .comment       0x00000000       0x31 contiki-sky.a(rpl-timers.o)
 .comment       0x00000000       0x31 contiki-sky.a(rpl-mrhof.o)
 .comment       0x00000000       0x31 contiki-sky.a(rpl-ext-header.)
 .comment       0x00000000       0x31 contiki-sky.a(memb.o)
 .comment       0x00000000       0x31 contiki-sky.a(list.o)
 .comment       0x00000000       0x31 contiki-sky.a(stimer.o)
 .comment       0x00000000       0x31 contiki-sky.a(nbr-table.o)
 .comment       0x00000000       0x31 contiki-sky.a(uip-icmp6.o)
 .comment       0x00000000       0x31 contiki-sky.a(er-coap-13.o)
 .comment       0x00000000       0x31 contiki-sky.a(spi.o)
 .comment       0x00000000       0x31 contiki-sky.a(uip-udp-packet.)
 .comment       0x00000000       0x31 /usr/local/msp430/bin/../lib/gcc/msp430/4.7.0/../../../../msp430/lib/mmpy-16/libc.a(printf.o)
 .comment       0x00000000       0x31 /usr/local/msp430/bin/../lib/gcc/msp430/4.7.0/../../../../msp430/lib/mmpy-16/libc.a(sprintf.o)
 .comment       0x00000000       0x31 /usr/local/msp430/bin/../lib/gcc/msp430/4.7.0/../../../../msp430/lib/mmpy-16/libc.a(vuprintf.o)
 .comment       0x00000000       0x31 /usr/local/msp430/bin/../lib/gcc/msp430/4.7.0/../../../../msp430/lib/mmpy-16/libc.a(puts.o)
 .comment       0x00000000       0x31 /usr/local/msp430/bin/../lib/gcc/msp430/4.7.0/../../../../msp430/lib/mmpy-16/libc.a(rand.o)
 .comment       0x00000000       0x31 /usr/local/msp430/bin/../lib/gcc/msp430/4.7.0/../../../../msp430/lib/mmpy-16/libc.a(strchr.o)
 .comment       0x00000000       0x31 /usr/local/msp430/bin/../lib/gcc/msp430/4.7.0/../../../../msp430/lib/mmpy-16/libc.a(memchr.o)
 .comment       0x00000000       0x31 /usr/local/msp430/bin/../lib/gcc/msp430/4.7.0/../../../../msp430/lib/mmpy-16/libc.a(strcmp.o)
 .comment       0x00000000       0x31 /usr/local/msp430/bin/../lib/gcc/msp430/4.7.0/../../../../msp430/lib/mmpy-16/libc.a(strncmp.o)
 .comment       0x00000000       0x31 /usr/local/msp430/bin/../lib/gcc/msp430/4.7.0/../../../../msp430/lib/mmpy-16/libc.a(memcmp.o)
 .comment       0x00000000       0x31 /usr/local/msp430/bin/../lib/gcc/msp430/4.7.0/../../../../msp430/lib/mmpy-16/libc.a(memcpy.o)
 .comment       0x00000000       0x31 /usr/local/msp430/bin/../lib/gcc/msp430/4.7.0/../../../../msp430/lib/mmpy-16/libc.a(memmove.o)
 .comment       0x00000000       0x31 /usr/local/msp430/bin/../lib/gcc/msp430/4.7.0/../../../../msp430/lib/mmpy-16/libc.a(memset.o)
 .comment       0x00000000       0x31 /usr/local/msp430/bin/../lib/gcc/msp430/4.7.0/../../../../msp430/lib/mmpy-16/libc.a(strstr.o)

.debug
 *(.debug)

.line
 *(.line)

.debug_srcinfo
 *(.debug_srcinfo)

.debug_sfnames
 *(.debug_sfnames)

.debug_aranges  0x00000000      0x22c
 *(.debug_aranges)
 .debug_aranges
                0x00000000       0x14 /usr/local/msp430/bin/../lib/gcc/msp430/4.7.0/mmpy-16/crt0ivtbl16.o
 .debug_aranges
                0x00000014       0x14 /usr/local/msp430/bin/../lib/gcc/msp430/4.7.0/mmpy-16/libgcc.a(_mulsi3.o)
 .debug_aranges
                0x00000028       0x14 /usr/local/msp430/bin/../lib/gcc/msp430/4.7.0/mmpy-16/libgcc.a(_udivmod16.o)
 .debug_aranges
                0x0000003c       0x14 /usr/local/msp430/bin/../lib/gcc/msp430/4.7.0/mmpy-16/libgcc.a(_divmod16.o)
 .debug_aranges
                0x00000050       0x14 /usr/local/msp430/bin/../lib/gcc/msp430/4.7.0/mmpy-16/libgcc.a(_udivmod32.o)
 .debug_aranges
                0x00000064       0x18 /usr/local/msp430/bin/../lib/gcc/msp430/4.7.0/../../../../msp430/lib/mmpy-16/libc.a(printf.o)
 .debug_aranges
                0x0000007c       0x28 /usr/local/msp430/bin/../lib/gcc/msp430/4.7.0/../../../../msp430/lib/mmpy-16/libc.a(sprintf.o)
 .debug_aranges
                0x000000a4       0x18 /usr/local/msp430/bin/../lib/gcc/msp430/4.7.0/../../../../msp430/lib/mmpy-16/libc.a(vuprintf.o)
 .debug_aranges
                0x000000bc       0x14 /usr/local/msp430/bin/../lib/gcc/msp430/4.7.0/../../../../msp430/lib/mmpy-16/libc.a(puts.o)
 .debug_aranges
                0x000000d0       0x1c /usr/local/msp430/bin/../lib/gcc/msp430/4.7.0/../../../../msp430/lib/mmpy-16/libc.a(rand.o)
 .debug_aranges
                0x000000ec       0x14 /usr/local/msp430/bin/../lib/gcc/msp430/4.7.0/../../../../msp430/lib/mmpy-16/libc.a(strchr.o)
 .debug_aranges
                0x00000100       0x14 /usr/local/msp430/bin/../lib/gcc/msp430/4.7.0/../../../../msp430/lib/mmpy-16/libc.a(memchr.o)
 .debug_aranges
                0x00000114       0x14 /usr/local/msp430/bin/../lib/gcc/msp430/4.7.0/../../../../msp430/lib/mmpy-16/libc.a(strcmp.o)
 .debug_aranges
                0x00000128       0x14 /usr/local/msp430/bin/../lib/gcc/msp430/4.7.0/../../../../msp430/lib/mmpy-16/libc.a(strncmp.o)