Archive member included because of file (symbol)

contiki-z1.a(rimeaddr.o)      obj_z1/contiki-z1-main.o (rimeaddr_copy)
contiki-z1.a(nullmac.o)       obj_z1/contiki-z1-main.o (nullmac_driver)
contiki-z1.a(nullrdc.o)       obj_z1/contiki-z1-main.o (nullrdc_driver)
contiki-z1.a(mac.o)           contiki-z1.a(nullrdc.o) (mac_call_sent_callback)
contiki-z1.a(framer-802154.o)
                              contiki-z1.a(nullrdc.o) (framer_802154)
contiki-z1.a(process.o)       obj_z1/contiki-z1-main.o (process_init)
contiki-z1.a(autostart.o)     obj_z1/contiki-z1-main.o (autostart_start)
contiki-z1.a(etimer.o)        obj_z1/contiki-z1-main.o (etimer_process)
contiki-z1.a(ctimer.o)        obj_z1/contiki-z1-main.o (ctimer_init)
contiki-z1.a(energest.o)      obj_z1/contiki-z1-main.o (energest_init)
contiki-z1.a(rtimer.o)        obj_z1/contiki-z1-main.o (rtimer_init)
contiki-z1.a(random.o)        contiki-z1.a(framer-802154.o) (random_rand)
contiki-z1.a(packetbuf.o)     contiki-z1.a(framer-802154.o) (packetbuf_hdrreduce)
contiki-z1.a(queuebuf.o)      obj_z1/contiki-z1-main.o (queuebuf_init)
contiki-z1.a(sicslowpan.o)    obj_z1/contiki-z1-main.o (sicslowpan_driver)
contiki-z1.a(tcpip.o)         contiki-z1.a(sicslowpan.o) (tcpip_set_outputfunc)
contiki-z1.a(uip-ds6-route.o)
                              contiki-z1.a(tcpip.o) (uip_ds6_route_nexthop)
contiki-z1.a(uip-ds6-nbr.o)   contiki-z1.a(tcpip.o) (uip_ds6_nbr_add)
contiki-z1.a(uip-ds6.o)       contiki-z1.a(tcpip.o) (uip_ds6_is_addr_onlink)
contiki-z1.a(uip-nd6.o)       contiki-z1.a(tcpip.o) (uip_nd6_ns_output)
contiki-z1.a(uip6.o)          contiki-z1.a(sicslowpan.o) (uip_aligned_buf)
contiki-z1.a(er-coap-13.o)    coap_obs_server.co (coap_init_message)
contiki-z1.a(er-coap-13-engi)
                              coap_obs_server.co (coap_rest_implementation)
contiki-z1.a(er-coap-13-tran)
                              contiki-z1.a(er-coap-13-engi) (coap_register_as_transaction_handler)
contiki-z1.a(er-coap-13-obse)
                              contiki-z1.a(er-coap-13-tran) (coap_remove_observer_by_client)
contiki-z1.a(erbium.o)        coap_obs_server.co (rest_init_engine)
contiki-z1.a(contiki-z1-plat)
                              obj_z1/contiki-z1-main.o (init_platform)
contiki-z1.a(msp430.o)        obj_z1/contiki-z1-main.o (msp430_cpu_init)
contiki-z1.a(leds.o)          obj_z1/contiki-z1-main.o (leds_init)
contiki-z1.a(watchdog.o)      obj_z1/contiki-z1-main.o (watchdog_start)
contiki-z1.a(xmem.o)          obj_z1/contiki-z1-main.o (xmem_init)
contiki-z1.a(spi.o)           contiki-z1.a(xmem.o) (spi_init)
contiki-z1.a(cc2420.o)        obj_z1/contiki-z1-main.o (cc2420_set_channel)
contiki-z1.a(cc2420-arch.o)   contiki-z1.a(cc2420.o) (cc2420_arch_init)
contiki-z1.a(node-id.o)       obj_z1/contiki-z1-main.o (node_id_restore)
contiki-z1.a(sensors.o)       coap_obs_server.co (sensors_event)
contiki-z1.a(button-sensor.o)
                              coap_obs_server.co (button_sensor)
contiki-z1.a(uart0.o)         obj_z1/contiki-z1-main.o (uart0_active)
contiki-z1.a(uart0-putchar.o)
                              obj_z1/contiki-z1-main.o (putchar)
contiki-z1.a(adxl345.o)       obj_z1/contiki-z1-main.o (accm_init)
contiki-z1.a(clock.o)         contiki-z1.a(etimer.o) (clock_time)
contiki-z1.a(leds-arch.o)     contiki-z1.a(leds.o) (leds_arch_init)
contiki-z1.a(rtimer-arch.o)   contiki-z1.a(rtimer.o) (rtimer_arch_init)
contiki-z1.a(frame802154.o)   contiki-z1.a(framer-802154.o) (frame802154_hdrlen)
contiki-z1.a(rpl.o)           contiki-z1.a(uip-ds6-nbr.o) (rpl_link_neighbor_callback)
contiki-z1.a(rpl-dag.o)       contiki-z1.a(rpl.o) (rpl_dag_init)
contiki-z1.a(rpl-icmp6.o)     contiki-z1.a(rpl.o) (dao_output_target)
contiki-z1.a(rpl-timers.o)    contiki-z1.a(rpl.o) (rpl_reset_periodic_timer)
contiki-z1.a(rpl-mrhof.o)     contiki-z1.a(rpl-dag.o) (rpl_mrhof)
contiki-z1.a(rpl-ext-header.)
                              contiki-z1.a(uip6.o) (rpl_verify_header)
contiki-z1.a(memb.o)          contiki-z1.a(queuebuf.o) (memb_init)
contiki-z1.a(timer.o)         contiki-z1.a(etimer.o) (timer_set)
contiki-z1.a(list.o)          contiki-z1.a(ctimer.o) (list_init)
contiki-z1.a(stimer.o)        contiki-z1.a(tcpip.o) (stimer_set)
contiki-z1.a(nbr-table.o)     contiki-z1.a(uip-ds6-route.o) (nbr_table_register)
contiki-z1.a(uip-icmp6.o)     contiki-z1.a(uip6.o) (uip_icmp6_echo_request_input)
contiki-z1.a(uip-udp-packet.)
                              contiki-z1.a(er-coap-13.o) (uip_udp_packet_send)
contiki-z1.a(i2cmaster.o)     contiki-z1.a(adxl345.o) (i2c_receiveinit)
/usr/local/msp430/bin/../lib/gcc/msp430/4.7.0/mcpu-430x/mmpy-16/libgcc.a(_mulsi3.o)
                              contiki-z1.a(rpl-timers.o) (__mulsi3)
/usr/local/msp430/bin/../lib/gcc/msp430/4.7.0/mcpu-430x/mmpy-16/libgcc.a(_udivmod16.o)
                              contiki-z1.a(rpl-dag.o) (__udivhi3)
/usr/local/msp430/bin/../lib/gcc/msp430/4.7.0/mcpu-430x/mmpy-16/libgcc.a(_divmod16.o)
[...]
Memory Configuration

Name             Origin             Length             Attributes
sfr              0x00000000         0x00000010
peripheral_8bit  0x00000010         0x000000f0
peripheral_16bit 0x00000100         0x00000100
ram_mirror       0x00000200         0x00000800         xw
infomem          0x00001000         0x00000100
infod            0x00001000         0x00000040
infoc            0x00001040         0x00000040
infob            0x00001080         0x00000040
infoa            0x000010c0         0x00000040
ram              0x00001100         0x00002000         xw
rom              0x00003100         0x0000cebe         xr
vectors          0x0000ffc0         0x00000040
far_rom          0x00010000         0x0000a000
bsl              0x00000000         0x00000000
ram2             0x00000000         0x00000000         xw
usbram           0x00000000         0x00000000         xw
*default*        0x00000000         0xffffffff

Linker script and memory map

LOAD /usr/local/msp430/bin/../lib/gcc/msp430/4.7.0/mcpu-430x/mmpy-16/crt0ivtbl32.o
                0x00000041                __P1SEL2 = 0x41
                0x00000045                __P5SEL2 = 0x45
LOAD coap_obs_server.co
LOAD obj_z1/contiki-z1-main.o
LOAD contiki-z1.a
LOAD /usr/local/msp430/bin/../lib/gcc/msp430/4.7.0/mcpu-430x/mmpy-16/libgcc.a
LOAD /usr/local/msp430/bin/../lib/gcc/msp430/4.7.0/../../../../msp430/lib/mcpu-430x/mmpy-16/libc.a
LOAD /usr/local/msp430/bin/../lib/gcc/msp430/4.7.0/mcpu-430x/mmpy-16/libgcc.a
LOAD /usr/local/msp430/bin/../lib/gcc/msp430/4.7.0/mcpu-430x/mmpy-16/libcrt0.a
                0x00000040                PROVIDE (__info_segment_size, 0x40)
                0x00001000                PROVIDE (__infod, 0x1000)
                0x00001040                PROVIDE (__infoc, 0x1040)
                0x00001080                PROVIDE (__infob, 0x1080)
                0x000010c0                PROVIDE (__infoa, 0x10c0)
                0x00000000                __IE1 = 0x0
                0x00000002                __IFG1 = 0x2
                0x00000001                __IE2 = 0x1
                0x00000003                __IFG2 = 0x3
                0x00000006                __UC1IE = 0x6
                0x00000007                __UC1IFG = 0x7
                0x000001a0                __ADC12CTL0 = 0x1a0
                0x000001a2                __ADC12CTL1 = 0x1a2
                0x000001a4                __ADC12IFG = 0x1a4
                0x000001a6                __ADC12IE = 0x1a6
                0x000001a8                __ADC12IV = 0x1a8
                0x00000140                __ADC12MEM0 = 0x140
                0x00000142                __ADC12MEM1 = 0x142
                0x00000144                __ADC12MEM2 = 0x144
                0x00000146                __ADC12MEM3 = 0x146
                0x00000148                __ADC12MEM4 = 0x148
                0x0000014a                __ADC12MEM5 = 0x14a
                0x0000014c                __ADC12MEM6 = 0x14c
                0x0000014e                __ADC12MEM7 = 0x14e
                0x00000150                __ADC12MEM8 = 0x150
                0x00000152                __ADC12MEM9 = 0x152
                0x00000154                __ADC12MEM10 = 0x154
                0x00000156                __ADC12MEM11 = 0x156
                0x00000158                __ADC12MEM12 = 0x158
                0x0000015a                __ADC12MEM13 = 0x15a
                0x0000015c                __ADC12MEM14 = 0x15c
                0x0000015e                __ADC12MEM15 = 0x15e
                0x00000080                __ADC12MCTL0 = 0x80
                0x00000081                __ADC12MCTL1 = 0x81
                0x00000082                __ADC12MCTL2 = 0x82
                0x00000083                __ADC12MCTL3 = 0x83
                0x00000084                __ADC12MCTL4 = 0x84
                0x00000085                __ADC12MCTL5 = 0x85
                0x00000086                __ADC12MCTL6 = 0x86
                0x00000087                __ADC12MCTL7 = 0x87
                0x00000088                __ADC12MCTL8 = 0x88
                0x00000089                __ADC12MCTL9 = 0x89
                0x0000008a                __ADC12MCTL10 = 0x8a
                0x0000008b                __ADC12MCTL11 = 0x8b
                0x0000008c                __ADC12MCTL12 = 0x8c
                0x0000008d                __ADC12MCTL13 = 0x8d
                0x0000008e                __ADC12MCTL14 = 0x8e
                0x0000008f                __ADC12MCTL15 = 0x8f
                0x00000056                __DCOCTL = 0x56
                0x00000057                __BCSCTL1 = 0x57
                0x00000058                __BCSCTL2 = 0x58
                0x00000053                __BCSCTL3 = 0x53
                0x00000059                __CACTL1 = 0x59
                0x0000005a                __CACTL2 = 0x5a
                0x0000005b                __CAPD = 0x5b
                0x000001c0                __DAC12_0CTL = 0x1c0
                0x000001c2                __DAC12_1CTL = 0x1c2
                0x000001c8                __DAC12_0DAT = 0x1c8
                0x000001ca                __DAC12_1DAT = 0x1ca
                0x00000122                __DMACTL0 = 0x122
                0x00000124                __DMACTL1 = 0x124
                0x00000126                __DMAIV = 0x126
                0x000001d0                __DMA0CTL = 0x1d0
                0x000001dc                __DMA1CTL = 0x1dc
                0x000001e8                __DMA2CTL = 0x1e8
                0x000001d2                __DMA0SA = 0x1d2
                0x000001d2                __DMA0SAL = 0x1d2
                0x000001d6                __DMA0DA = 0x1d6
                0x000001d6                __DMA0DAL = 0x1d6
                0x000001da                __DMA0SZ = 0x1da
                0x000001de                __DMA1SA = 0x1de
                0x000001de                __DMA1SAL = 0x1de
                0x000001e2                __DMA1DA = 0x1e2
                0x000001e2                __DMA1DAL = 0x1e2
                0x000001e6                __DMA1SZ = 0x1e6
                0x000001ea                __DMA2SA = 0x1ea
                0x000001ea                __DMA2SAL = 0x1ea
                0x000001ee                __DMA2DA = 0x1ee
                0x000001ee                __DMA2DAL = 0x1ee
                0x000001f2                __DMA2SZ = 0x1f2
                0x00000128                __FCTL1 = 0x128
                0x0000012a                __FCTL2 = 0x12a
                0x0000012c                __FCTL3 = 0x12c
                0x000001be                __FCTL4 = 0x1be
                0x00000130                __MPY = 0x130
                0x00000132                __MPYS = 0x132
                0x00000134                __MAC = 0x134
                0x00000136                __MACS = 0x136
                0x00000138                __OP2 = 0x138
                0x0000013a                __RESLO = 0x13a
                0x0000013c                __RESHI = 0x13c
                0x0000013e                __SUMEXT = 0x13e
                0x00000020                __P1IN = 0x20
                0x00000021                __P1OUT = 0x21
                0x00000022                __P1DIR = 0x22
                0x00000023                __P1IFG = 0x23
                0x00000024                __P1IES = 0x24
                0x00000025                __P1IE = 0x25
                0x00000026                __P1SEL = 0x26
                0x00000027                __P1REN = 0x27
                0x00000028                __P2IN = 0x28
                0x00000029                __P2OUT = 0x29
                0x0000002a                __P2DIR = 0x2a
                0x0000002b                __P2IFG = 0x2b
                0x0000002c                __P2IES = 0x2c
                0x0000002d                __P2IE = 0x2d
                0x0000002e                __P2SEL = 0x2e
                0x0000002f                __P2REN = 0x2f
                0x00000018                __P3IN = 0x18
                0x00000019                __P3OUT = 0x19
                0x0000001a                __P3DIR = 0x1a
                0x0000001b                __P3SEL = 0x1b
                0x00000010                __P3REN = 0x10
                0x0000001c                __P4IN = 0x1c
                0x0000001d                __P4OUT = 0x1d
                0x0000001e                __P4DIR = 0x1e
                0x0000001f                __P4SEL = 0x1f
                0x00000011                __P4REN = 0x11
                0x00000030                __P5IN = 0x30
                0x00000031                __P5OUT = 0x31
                0x00000032                __P5DIR = 0x32
                0x00000033                __P5SEL = 0x33
                0x00000012                __P5REN = 0x12
                0x00000034                __P6IN = 0x34
                0x00000035                __P6OUT = 0x35
                0x00000036                __P6DIR = 0x36
                0x00000037                __P6SEL = 0x37
                0x00000013                __P6REN = 0x13
                0x00000038                __P7IN = 0x38
                0x0000003a                __P7OUT = 0x3a
                0x0000003c                __P7DIR = 0x3c
                0x0000003e                __P7SEL = 0x3e
                0x00000014                __P7REN = 0x14
                0x00000039                __P8IN = 0x39
                0x0000003b                __P8OUT = 0x3b
                0x0000003d                __P8DIR = 0x3d
                0x0000003f                __P8SEL = 0x3f
                0x00000015                __P8REN = 0x15
                0x00000038                __PAIN = 0x38
                0x0000003a                __PAOUT = 0x3a
                0x0000003c                __PADIR = 0x3c
                0x0000003e                __PASEL = 0x3e
                0x00000014                __PAREN = 0x14
                0x00000055                __SVSCTL = 0x55
                0x0000012e                __TAIV = 0x12e
                0x00000160                __TACTL = 0x160
                0x00000162                __TACCTL0 = 0x162
                0x00000164                __TACCTL1 = 0x164
                0x00000166                __TACCTL2 = 0x166
                0x00000170                __TAR = 0x170
                0x00000172                __TACCR0 = 0x172
                0x00000174                __TACCR1 = 0x174
                0x00000176                __TACCR2 = 0x176
                0x0000011e                __TBIV = 0x11e
                0x00000180                __TBCTL = 0x180
                0x00000182                __TBCCTL0 = 0x182
                0x00000184                __TBCCTL1 = 0x184
                0x00000186                __TBCCTL2 = 0x186
                0x00000188                __TBCCTL3 = 0x188
                0x0000018a                __TBCCTL4 = 0x18a
                0x0000018c                __TBCCTL5 = 0x18c
                0x0000018e                __TBCCTL6 = 0x18e
                0x00000190                __TBR = 0x190
                0x00000192                __TBCCR0 = 0x192
                0x00000194                __TBCCR1 = 0x194
                0x00000196                __TBCCR2 = 0x196
                0x00000198                __TBCCR3 = 0x198
                0x0000019a                __TBCCR4 = 0x19a
                0x0000019c                __TBCCR5 = 0x19c
                0x0000019e                __TBCCR6 = 0x19e
                0x00000060                __UCA0CTL0 = 0x60
                0x00000061                __UCA0CTL1 = 0x61
                0x00000062                __UCA0BR0 = 0x62
                0x00000063                __UCA0BR1 = 0x63
                0x00000064                __UCA0MCTL = 0x64
                0x00000065                __UCA0STAT = 0x65
                0x00000066                __UCA0RXBUF = 0x66
                0x00000067                __UCA0TXBUF = 0x67
                0x0000005d                __UCA0ABCTL = 0x5d
                0x0000005e                __UCA0IRTCTL = 0x5e
                0x0000005f                __UCA0IRRCTL = 0x5f
                0x00000068                __UCB0CTL0 = 0x68
                0x00000069                __UCB0CTL1 = 0x69
                0x0000006a                __UCB0BR0 = 0x6a
                0x0000006b                __UCB0BR1 = 0x6b
                0x0000006c                __UCB0I2CIE = 0x6c
                0x0000006d                __UCB0STAT = 0x6d
                0x0000006e                __UCB0RXBUF = 0x6e
                0x0000006f                __UCB0TXBUF = 0x6f
                0x00000118                __UCB0I2COA = 0x118
                0x0000011a                __UCB0I2CSA = 0x11a
                0x000000d0                __UCA1CTL0 = 0xd0
                0x000000d1                __UCA1CTL1 = 0xd1
                0x000000d2                __UCA1BR0 = 0xd2
                0x000000d3                __UCA1BR1 = 0xd3
                0x000000d4                __UCA1MCTL = 0xd4
                0x000000d5                __UCA1STAT = 0xd5
                0x000000d6                __UCA1RXBUF = 0xd6
                0x000000d7                __UCA1TXBUF = 0xd7
                0x000000cd                __UCA1ABCTL = 0xcd
                0x000000ce                __UCA1IRTCTL = 0xce
                0x000000cf                __UCA1IRRCTL = 0xcf
                0x000000d8                __UCB1CTL0 = 0xd8
                0x000000d9                __UCB1CTL1 = 0xd9
                0x000000da                __UCB1BR0 = 0xda
                0x000000db                __UCB1BR1 = 0xdb
                0x000000dc                __UCB1I2CIE = 0xdc
                0x000000dd                __UCB1STAT = 0xdd
                0x000000de                __UCB1RXBUF = 0xde
                0x000000df                __UCB1TXBUF = 0xdf
                0x0000017c                __UCB1I2COA = 0x17c
                0x0000017e                __UCB1I2CSA = 0x17e
                0x00000120                __WDTCTL = 0x120
                0x000010c0                __TLV_CHECKSUM = 0x10c0
                0x000010f6                __TLV_DCO_30_TAG = 0x10f6
                0x000010f7                __TLV_DCO_30_LEN = 0x10f7
                0x000010da                __TLV_ADC12_1_TAG = 0x10da
                0x000010db                __TLV_ADC12_1_LEN = 0x10db
                0x000010f8                __CALDCO_16MHZ = 0x10f8
                0x000010f9                __CALBC1_16MHZ = 0x10f9
                0x000010fa                __CALDCO_12MHZ = 0x10fa
                0x000010fb                __CALBC1_12MHZ = 0x10fb
                0x000010fc                __CALDCO_8MHZ = 0x10fc
                0x000010fd                __CALBC1_8MHZ = 0x10fd
                0x000010fe                __CALDCO_1MHZ = 0x10fe
                0x000010ff                __CALBC1_1MHZ = 0x10ff

.hash
 *(.hash)

.dynsym
 *(.dynsym)

.dynstr
 *(.dynstr)

.gnu.version
 *(.gnu.version)

.gnu.version_d
 *(.gnu.version_d)

.gnu.version_r
 *(.gnu.version_r)

.rel.init
 *(.rel.init)

.rela.init
 *(.rela.init)

.rel.fini
 *(.rel.fini)

.rela.fini
 *(.rela.fini)

.rel.text
 *(.rel.text .rel.text.* .rel.gnu.linkonce.t.*)

.rela.text
 *(.rela.text .rela.text.* .rela.gnu.linkonce.t.*)

.rel.rodata
 *(.rel.rodata .rel.rodata.* .rel.gnu.linkonce.r.*)

.rela.rodata
 *(.rela.rodata .rela.rodata.* .rela.gnu.linkonce.r.*)

.rel.data
 *(.rel.data .rel.data.* .rel.gnu.linkonce.d.*)

.rela.data
 *(.rela.data .rela.data.* .rela.gnu.linkonce.d.*)

.rel.bss
 *(.rel.bss .rel.bss.* .rel.gnu.linkonce.b.*)

.rela.bss
 *(.rela.bss .rela.bss.* .rela.gnu.linkonce.b.*)

.rel.ctors
 *(.rel.ctors)

.rela.ctors
 *(.rela.ctors)

.rel.dtors
 *(.rel.dtors)

.rela.dtors
 *(.rela.dtors)

.rel.got
 *(.rel.got)

.rela.got
 *(.rela.got)

.rel.plt
 *(.rel.plt)

.rela.plt
 *(.rela.plt)

.text           0x00003100     0xb636
                0x00003100                . = ALIGN (0x2)
 *(.init .init.*)
 *(.init0)
 .init0         0x00003100        0x0 /usr/local/msp430/bin/../lib/gcc/msp430/4.7.0/mcpu-430x/mmpy-16/libcrt0.a(_reset_vector__.o)
                0x00003100                _reset_vector__
 *(.init1)
 .init1         0x00003100        0xc /usr/local/msp430/bin/../lib/gcc/msp430/4.7.0/mcpu-430x/mmpy-16/libcrt0.a(__watchdog_support.o)
                0x00003100                __watchdog_support
 *(.init2)
 .init2         0x0000310c        0x4 /usr/local/msp430/bin/../lib/gcc/msp430/4.7.0/mcpu-430x/mmpy-16/libcrt0.a(__init_stack.o)
                0x0000310c                __init_stack
 *(.init3)
 .init3         0x00003110        0x0 /usr/local/msp430/bin/../lib/gcc/msp430/4.7.0/mcpu-430x/mmpy-16/libcrt0.a(__low_level_init.o)
                0x00003110                __low_level_init
 *(.init4)
 .init4         0x00003110       0x18 /usr/local/msp430/bin/../lib/gcc/msp430/4.7.0/mcpu-430x/mmpy-16/libcrt0.a(_copy_data.o)
                0x00003110                __do_copy_data
 .init4         0x00003128       0x16 /usr/local/msp430/bin/../lib/gcc/msp430/4.7.0/mcpu-430x/mmpy-16/libcrt0.a(_clear_bss.o)
                0x00003128                __do_clear_bss
 *(.init5)
 *(.init6)
 *(.init7)
 *(.init8)
 *(.init9)
 .init9         0x0000313e      0x364 obj_z1/contiki-z1-main.o
                0x0000313e                main
 *(.fini9)
 .fini9         0x000034a2        0x0 /usr/local/msp430/bin/../lib/gcc/msp430/4.7.0/mcpu-430x/mmpy-16/libcrt0.a(__stop_progExec__.o)
                0x000034a2                __stop_progExec__
 *(.fini8)
 *(.fini7)
 *(.fini6)
 *(.fini5)
 *(.fini4)
 *(.fini3)
 *(.fini2)
 *(.fini1)
 *(.fini0)
 .fini0         0x000034a2        0x6 /usr/local/msp430/bin/../lib/gcc/msp430/4.7.0/mcpu-430x/mmpy-16/libcrt0.a(_endless_loop__.o)
                0x000034a2                _endless_loop__
 *(.fini .fini.*)
                0x000034a8                . = ALIGN (0x2)
                0x000034a8                __ctors_start = .
 *(.ctors)
                0x000034a8                __ctors_end = .
                0x000034a8                __dtors_start = .
 *(.dtors)
                0x000034a8                __dtors_end = .
                0x000034a8                . = ALIGN (0x2)
 *(.text .text.* .gnu.linkonce.t.*)
 .text          0x000034a8        0x4 /usr/local/msp430/bin/../lib/gcc/msp430/4.7.0/mcpu-430x/mmpy-16/crt0ivtbl32.o
                0x000034a8                __isr_14
                0x000034a8                __isr_4
                0x000034a8                __isr_29
                0x000034a8                __isr_11
                0x000034a8                __isr_5
                0x000034a8                __isr_2
                0x000034a8                __isr_10
                0x000034a8                __isr_7
                0x000034a8                __isr_0
                0x000034a8                __isr_28
                0x000034a8                __isr_8
                0x000034a8                __isr_20
                0x000034a8                __isr_3
                0x000034a8                __isr_12
                0x000034a8                __isr_13
                0x000034a8                __isr_27
                0x000034a8                __isr_9
                0x000034a8                __isr_30
                0x000034a8                __isr_6
                0x000034a8                __isr_22
                0x000034a8                __isr_1
                0x000034a8                __isr_15
                0x000034a8                __isr_21
 .text.crt0     0x000034ac        0x0 /usr/local/msp430/bin/../lib/gcc/msp430/4.7.0/mcpu-430x/mmpy-16/crt0ivtbl32.o
 .text          0x000034ac      0x1f6 coap_obs_server.co
                0x000034ac                Resource2_handler
                0x000034ae                Resource2_periodic_handler
                0x00003572                Resource1_handler
                0x000035b4                Resource1_event_handler
 .text          0x000036a2        0x6 obj_z1/contiki-z1-main.o
                0x000036a2                uip_log
 .text          0x000036a8       0x26 contiki-z1.a(rimeaddr.o)
                0x000036a8                rimeaddr_copy
                0x000036b0                rimeaddr_cmp
                0x000036c2                rimeaddr_set_node_addr
 .text          0x000036ce       0x1e contiki-z1.a(nullmac.o)
 .text          0x000036ec       0xe8 contiki-z1.a(nullrdc.o)
 .text          0x000037d4       0x14 contiki-z1.a(mac.o)
                0x000037d4                mac_call_sent_callback
 .text          0x000037e8      0x1b6 contiki-z1.a(framer-802154.o)
 .text          0x0000399e      0x2a0 contiki-z1.a(process.o)
                0x00003a9a                process_alloc_event
                0x00003aa8                process_exit
                0x00003ab2                process_init
                0x00003ace                process_run
                0x00003b72                process_nevents
                0x00003b80                process_post
                0x00003bd0                process_post_synch
                0x00003be2                process_start
                0x00003c18                process_poll
                0x00003c30                process_is_running
 .text          0x00003c3e       0x2a contiki-z1.a(autostart.o)
                0x00003c3e                autostart_start
                0x00003c54                autostart_exit
 .text          0x00003c68      0x258 contiki-z1.a(etimer.o)
                0x00003cd8                etimer_request_poll
                0x00003de6                etimer_set
                0x00003df8                etimer_reset
                0x00003e0a                etimer_restart
                0x00003e1c                etimer_adjust
                0x00003e36                etimer_expired
                0x00003e44                etimer_expiration_time
                0x00003e58                etimer_start_time
                0x00003e60                etimer_pending
                0x00003e6c                etimer_next_expiration_time
                0x00003e82                etimer_stop
 .text          0x00003ec0      0x1ce contiki-z1.a(ctimer.o)
                0x00003f60                ctimer_init
                0x00003f78                ctimer_set
                0x00003fca                ctimer_reset
                0x00004000                ctimer_restart
                0x00004036                ctimer_stop
                0x0000405e                ctimer_expired
 .text          0x0000408e       0xaa contiki-z1.a(energest.o)
                0x0000408e                energest_init
                0x000040b2                energest_type_time
                0x000040ee                energest_leveldevice_leveltime
                0x000040f4                energest_type_set
                0x00004100                energest_flush
 .text          0x00004138       0x50 contiki-z1.a(rtimer.o)
                0x00004138                rtimer_init
                0x0000413e                rtimer_set
                0x00004162                rtimer_run_next
 .text          0x00004188        0xc contiki-z1.a(random.o)
                0x00004188                random_init
                0x0000418e                random_rand
 .text          0x00004194      0x21a contiki-z1.a(packetbuf.o)
                0x00004194                packetbuf_clear_hdr
                0x0000419c                packetbuf_copyto_hdr
                0x000041b8                packetbuf_copyto
                0x000041fe                packetbuf_hdr_remove
                0x00004204                packetbuf_hdrreduce
                0x0000421e                packetbuf_set_datalen
                0x00004224                packetbuf_dataptr
                0x00004232                packetbuf_hdrptr
                0x0000423c                packetbuf_is_reference
                0x0000424a                packetbuf_compact
                0x00004292                packetbuf_reference_ptr
                0x00004298                packetbuf_datalen
                0x0000429e                packetbuf_hdrlen
                0x000042a8                packetbuf_totlen
                0x000042b8                packetbuf_hdralloc
                0x000042e2                packetbuf_attr_clear
                0x0000430e                packetbuf_clear
                0x00004328                packetbuf_reference
                0x0000433e                packetbuf_copyfrom
                0x00004368                packetbuf_attr_copyto
                0x0000438a                packetbuf_attr_copyfrom
 .text          0x000043ae      0x1a6 contiki-z1.a(queuebuf.o)
                0x000043ae                queuebuf_init
                0x000043c8                queuebuf_new_from_packetbuf
                0x00004442                queuebuf_update_attr_from_packetbuf
                0x00004454                queuebuf_free
                0x00004494                queuebuf_to_packetbuf
                0x000044fe                queuebuf_dataptr
                0x00004530                queuebuf_datalen
                0x00004536                queuebuf_addr
                0x00004544                queuebuf_attr
                0x00004552                queuebuf_debug_print
 .text          0x00004554      0xebc contiki-z1.a(sicslowpan.o)
                0x00004cb2                sicslowpan_init
                0x00005404                rime_sniffer_add
                0x0000540a                rime_sniffer_remove
 .text          0x00005410      0x2ee contiki-z1.a(tcpip.o)
                0x00005410                tcpip_output
                0x00005420                tcpip_set_outputfunc
                0x00005426                udp_attach
                0x00005432                udp_new
                0x0000544c                udp_broadcast_new
                0x00005492                tcpip_input
                0x000054a8                tcpip_ipv6_output
                0x000056c6                tcpip_poll_udp
                0x000056d4                tcpip_uipcall
 .text          0x000056fe      0x3e0 contiki-z1.a(uip-ds6-route.o)
                0x0000573e                uip_ds6_notification_add
                0x00005756                uip_ds6_notification_rm
                0x00005762                uip_ds6_route_init
                0x00005790                uip_ds6_route_nexthop
                0x000057aa                uip_ds6_route_head
                0x000057d2                uip_ds6_route_next
                0x00005802                uip_ds6_route_num_routes
                0x00005808                uip_ds6_route_lookup
                0x00005848                uip_ds6_route_add
                0x000058e8                uip_ds6_route_rm
                0x0000597e                uip_ds6_route_rm_by_nexthop
                0x00005992                uip_ds6_defrt_rm
                0x000059d6                uip_ds6_defrt_lookup
                0x00005a08                uip_ds6_defrt_add
                0x00005a70                uip_ds6_defrt_choose
                0x00005aa6                uip_ds6_defrt_periodic
 .text          0x00005ade      0x27e contiki-z1.a(uip-ds6-nbr.o)
                0x00005ade                uip_ds6_nbr_rm
                0x00005af8                uip_ds6_neighbors_init
                0x00005b06                uip_ds6_nbr_add
                0x00005b5a                uip_ds6_nbr_get_ipaddr
                0x00005b5c                uip_ds6_nbr_get_ll
                0x00005b68                uip_ds6_nbr_num
                0x00005b8c                uip_ds6_nbr_lookup
                0x00005bca                uip_ds6_nbr_ll_lookup
                0x00005bd6                uip_ds6_nbr_ipaddr_from_lladdr
                0x00005bdc                uip_ds6_nbr_lladdr_from_ipaddr
                0x00005bee                uip_ds6_link_neighbor_callback
                0x00005c14                uip_ds6_neighbor_periodic
                0x00005d0e                uip_ds6_get_least_lifetime_neighbor
 .text          0x00005d5c      0x68e contiki-z1.a(uip-ds6.o)
                0x00005d5c                uip_ds6_list_loop
                0x00005dc2                uip_ds6_prefix_add
                0x00005e32                uip_ds6_prefix_rm
                0x00005e3c                uip_ds6_prefix_lookup
                0x00005e64                uip_ds6_is_addr_onlink
                0x00005ea6                uip_ds6_addr_lookup
                0x00005ed0                uip_ds6_get_link_local
                0x00005f0e                uip_ds6_get_global
                0x00005f4c                uip_ds6_maddr_add
                0x00005f94                uip_ds6_addr_add
                0x00006048                uip_ds6_maddr_rm
                0x00006052                uip_ds6_maddr_lookup
                0x0000607c                uip_ds6_addr_rm
                0x000060d0                uip_ds6_periodic
                0x0000611a                uip_ds6_aaddr_add
                0x00006160                uip_ds6_aaddr_rm
                0x0000616a                uip_ds6_aaddr_lookup
                0x00006192                uip_ds6_set_addr_iid
                0x000061a6                get_match_length
                0x000061e2                uip_ds6_select_src
                0x0000627c                uip_ds6_compute_reachable_time
                0x000062b2                uip_ds6_init
 .text          0x000063ea      0x55c contiki-z1.a(uip-nd6.o)
                0x000063ea                uip_nd6_ns_input
                0x00006630                uip_nd6_ns_output
                0x000067a6                uip_nd6_na_input
 .text          0x00006946      0x7d2 contiki-z1.a(uip6.o)
                0x00006a90                uip_chksum
                0x00006aa8                uip_icmp6chksum
                0x00006ab2                uip_udpchksum
                0x00006abc                uip_init
                0x00006aea                remove_ext_hdr
                0x00006b3e                uip_udp_new
                0x00006bf6                uip_process
                0x000070b6                uip_htons
                0x000070c2                uip_htonl
                0x000070ec                uip_send
 .text          0x00007118      0xfa2 contiki-z1.a(er-coap-13.o)
                0x000073f2                coap_init_connection
                0x00007414                coap_get_mid
                0x00007420                coap_init_message
                0x00007444                coap_serialize_message
                0x000077c4                coap_send_message
                0x00007802                coap_parse_message
                0x00007bd0                coap_get_query_variable
                0x00007bec                coap_get_post_variable
                0x00007c0c                coap_set_status_code
                0x00007c1e                coap_get_header_content_type
                0x00007c30                coap_set_header_content_type
                0x00007c3e                coap_get_header_accept
                0x00007c58                coap_set_header_accept
                0x00007c7e                coap_get_header_max_age
                0x00007ca2                coap_set_header_max_age
                0x00007cb4                coap_get_header_etag
                0x00007cd0                coap_set_header_etag
                0x00007cfa                coap_get_header_if_match
                0x00007d14                coap_set_header_if_match
                0x00007d3c                coap_get_header_if_none_match
                0x00007d48                coap_set_header_if_none_match
                0x00007d52                coap_get_header_token
                0x00007d62                coap_set_header_token
                0x00007d86                coap_get_header_proxy_uri
                0x00007d9c                coap_set_header_proxy_uri
                0x00007dba                coap_get_header_uri_host
                0x00007dd0                coap_set_header_uri_host
                0x00007dee                coap_get_header_uri_path
                0x00007e04                coap_set_header_uri_path
                0x00007e2e                coap_get_header_uri_query
                0x00007e44                coap_set_header_uri_query
                0x00007e70                coap_get_header_location_path
                0x00007e86                coap_get_header_location_query
                0x00007e9e                coap_set_header_location_query
                0x00007eca                coap_set_header_location_path
                0x00007f20                coap_get_header_observe
                0x00007f3a                coap_set_header_observe
                0x00007f48                coap_get_header_block2
                0x00007f94                coap_set_header_block2
                0x00007fd6                coap_get_header_block1
                0x00008024                coap_set_header_block1
                0x0000805c                coap_get_header_size
                0x00008078                coap_set_header_size
                0x0000808a                coap_get_payload
                0x000080a4                coap_set_payload
 .text          0x000080ba      0x902 contiki-z1.a(er-coap-13-engi)
                0x000080ba                coap_set_service_callback
                0x000080c0                coap_get_rest_method
                0x000084d2                coap_blocking_request_callback
                0x000084e0                well_known_core_handler
                0x0000889a                coap_receiver_init
                0x000088a6                coap_blocking_request
 .text          0x000089bc      0x16c contiki-z1.a(er-coap-13-tran)
                0x000089bc                coap_register_as_transaction_handler
                0x000089c4                coap_new_transaction
                0x00008a0a                coap_clear_transaction
                0x00008a30                coap_send_transaction
                0x00008adc                coap_get_transaction_by_mid
                0x00008afa                coap_check_transactions
 .text          0x00008b28      0x318 contiki-z1.a(er-coap-13-obse)
                0x00008b28                coap_remove_observer
                0x00008b44                coap_remove_observer_by_client
                0x00008b84                coap_remove_observer_by_token
                0x00008be2                coap_remove_observer_by_url
                0x00008c4c                coap_add_observer
                0x00008cb8                coap_remove_observer_by_mid
                0x00008d00                coap_notify_observers
                0x00008daa                coap_observe_handler
 .text          0x00008e40      0x26a contiki-z1.a(erbium.o)
                0x00008f02                rest_invoke_restful_service
                0x00009006                rest_init_engine
                0x0000902c                rest_activate_resource
                0x00009050                rest_activate_periodic_resource
                0x00009074                rest_activate_event_resource
                0x00009086                rest_get_resources
                0x0000908c                rest_get_user_data
                0x00009092                rest_set_user_data
                0x00009098                rest_set_pre_handler
                0x0000909e                rest_set_post_handler
                0x000090a4                rest_set_special_flags
 .text          0x000090aa        0xc contiki-z1.a(contiki-z1-plat)
                0x000090aa                init_platform
 .text          0x000090b6       0xd2 contiki-z1.a(msp430.o)
                0x000090b6                msp430_init_dco
                0x000090de                msp430_quick_synch_dco
                0x0000915a                msp430_cpu_init
                0x00009180                splhigh_
 .text          0x00009188      0x168 contiki-z1.a(leds.o)
                0x00009280                leds_init
                0x0000928e                leds_get
                0x00009294                leds_on
                0x000092a8                leds_off
                0x000092bc                leds_invert
                0x000092c6                leds_toggle
                0x000092cc                leds_blink
 .text          0x000092f0       0x54 contiki-z1.a(watchdog.o)
                0x000092f0                watchdog_start
                0x00009304                watchdog_periodic
                0x00009316                watchdog_stop
                0x0000932c                watchdog_init
                0x0000933e                watchdog_reboot
 .text          0x00009344      0x30a contiki-z1.a(xmem.o)
                0x000093b0                xmem_init
                0x000093ce                xmem_pread
                0x00009490                xmem_pwrite
                0x000095a4                xmem_erase
 .text          0x0000964e       0x32 contiki-z1.a(spi.o)
                0x0000964e                spi_init
 .text          0x00009680      0x9d0 contiki-z1.a(cc2420.o)
                0x0000997c                cc2420_on
                0x0000999e                cc2420_off
                0x00009b5e                cc2420_get_channel
                0x00009b64                cc2420_set_channel
                0x00009bdc                cc2420_set_pan_addr
                0x00009cfc                cc2420_init
                0x00009dc6                cc2420_interrupt
                0x00009de4                cc2420_set_txpower
                0x00009df2                cc2420_get_txpower
                0x00009fb8                cc2420_rssi
                0x0000a016                cc2420_cca_valid
                0x0000a03a                cc2420_set_cca_threshold
 .text          0x0000a050       0x1a contiki-z1.a(cc2420-arch.o)
                0x0000a050                cc2420_arch_init
 .text          0x0000a06a       0x96 contiki-z1.a(node-id.o)
                0x0000a06a                node_id_restore
                0x0000a0b6                node_id_burn
 .text          0x0000a100      0x156 contiki-z1.a(sensors.o)
                0x0000a1c2                sensors_first
                0x0000a1c8                sensors_next
                0x0000a1ec                sensors_changed
                0x0000a216                sensors_find
 .text          0x0000a256       0x86 contiki-z1.a(button-sensor.o)
 .text          0x0000a2dc       0x6a contiki-z1.a(uart0.o)
                0x0000a2dc                uart0_active
                0x0000a2ea                uart0_set_input
                0x0000a2f0                uart0_writeb
                0x0000a306                uart0_init
 .text          0x0000a346       0x10 contiki-z1.a(uart0-putchar.o)
                0x0000a346                putchar
 .text          0x0000a356      0x254 contiki-z1.a(adxl345.o)
                0x0000a356                accm_write_reg
                0x0000a384                accm_write_stream
                0x0000a3ae                accm_read_reg
                0x0000a458                accm_read_stream
                0x0000a4aa                accm_read_axis
                0x0000a4d0                accm_set_grange
                0x0000a4f4                accm_init
                0x0000a57e                accm_set_irq
 .text          0x0000a5aa       0xda contiki-z1.a(clock.o)
                0x0000a5aa                clock_time
                0x0000a5c4                clock_set
                0x0000a5da                clock_fine_max
                0x0000a5e0                clock_fine
                0x0000a5ec                clock_init
                0x0000a614                clock_delay
                0x0000a620                clock_wait
                0x0000a644                clock_set_seconds
                0x0000a65c                clock_seconds
                0x0000a676                clock_counter
 .text          0x0000a684       0x74 contiki-z1.a(leds-arch.o)
                0x0000a684                leds_arch_init
                0x0000a692                leds_arch_get
                0x0000a6c0                leds_arch_set
 .text          0x0000a6f8       0x22 contiki-z1.a(rtimer-arch.o)
                0x0000a6f8                rtimer_arch_init
                0x0000a706                rtimer_arch_now
                0x0000a714                rtimer_arch_schedule
 .text          0x0000a71a      0x366 contiki-z1.a(frame802154.o)
                0x0000a7a6                frame802154_hdrlen
                0x0000a7d4                frame802154_create
                0x0000a90a                frame802154_parse
 .text          0x0000aa80      0x202 contiki-z1.a(rpl.o)
                0x0000aa80                rpl_purge_routes
                0x0000ab16                rpl_remove_routes
                0x0000ab38                rpl_remove_routes_by_nexthop
                0x0000ab76                rpl_add_route
                0x0000abbe                rpl_link_neighbor_callback
                0x0000ac24                rpl_ipv6_neighbor_callback
                0x0000ac42                rpl_init
 .text          0x0000ac82      0xdfc contiki-z1.a(rpl-dag.o)
                0x0000ad9e                rpl_dag_init
                0x0000adac                rpl_get_parent_rank
                0x0000adc4                rpl_get_parent_link_metric
                0x0000addc                rpl_get_parent_ipaddr
                0x0000adec                rpl_set_prefix
                0x0000ae60                rpl_set_default_route
                0x0000aec0                rpl_alloc_instance
                0x0000aeec                rpl_set_default_instance
                0x0000aef2                rpl_add_parent
                0x0000af2a                rpl_find_parent
                0x0000af46                rpl_find_parent_any_dag
                0x0000af6a                rpl_select_parent
                0x0000afbe                rpl_select_dag
                0x0000b154                rpl_nullify_parent
                0x0000b19e                rpl_remove_parent
                0x0000b1e2                rpl_free_dag
                0x0000b216                rpl_free_instance
                0x0000b26a                rpl_move_parent
                0x0000b2d0                rpl_get_any_dag
                0x0000b2e6                rpl_get_instance
                0x0000b34c                rpl_alloc_dag
                0x0000b3ae                rpl_set_root
                0x0000b48a                rpl_repair_root
                0x0000b4d6                rpl_find_of
                0x0000b4e6                rpl_join_instance
                0x0000b60e                rpl_local_repair
                0x0000b672                rpl_process_parent_event
                0x0000b6de                rpl_recalculate_ranks
                0x0000b720                rpl_add_dag
                0x0000b822                rpl_process_dio
 .text          0x0000ba7e      0x96c contiki-z1.a(rpl-icmp6.o)
                0x0000bb04                dis_output
                0x0000bb54                dio_output
                0x0000bd92                dao_output_target
                0x0000be5a                dao_output
                0x0000bec2                dao_ack_output
                0x0000bef4                uip_rpl_input
 .text          0x0000c3ea      0x23c contiki-z1.a(rpl-timers.o)
                0x0000c574                rpl_reset_periodic_timer
                0x0000c5c8                rpl_reset_dio_timer
                0x0000c5e0                rpl_schedule_dao
 .text          0x0000c626      0x120 contiki-z1.a(rpl-mrhof.o)
 .text          0x0000c746      0x2de contiki-z1.a(rpl-ext-header.)
                0x0000c746                rpl_verify_header
                0x0000c7f6                rpl_update_header_empty
                0x0000c8e6                rpl_update_header_final
                0x0000c96e                rpl_remove_header
                0x0000c9ba                rpl_invert_header
                0x0000ca08                rpl_insert_header
 .text          0x0000ca24       0xd8 contiki-z1.a(memb.o)
                0x0000ca24                memb_init
                0x0000ca5a                memb_alloc
                0x0000ca98                memb_free
                0x0000cad2                memb_inmemb
 .text          0x0000cafc       0x8c contiki-z1.a(timer.o)
                0x0000cafc                timer_set
                0x0000cb18                timer_reset
                0x0000cb26                timer_restart
                0x0000cb3a                timer_expired
                0x0000cb64                timer_remaining
 .text          0x0000cb88       0xec contiki-z1.a(list.o)
                0x0000cb88                list_init
                0x0000cb8e                list_head
                0x0000cb92                list_copy
                0x0000cb98                list_tail
                0x0000cbaa                list_chop
                0x0000cbc4                list_pop
                0x0000cbd2                list_remove
                0x0000cc06                list_push
                0x0000cc1c                list_add
                0x0000cc42                list_length
                0x0000cc52                list_insert
                0x0000cc68                list_item_next
 .text          0x0000cc74       0xa4 contiki-z1.a(stimer.o)
                0x0000cc74                stimer_set
                0x0000cc90                stimer_reset
                0x0000cc9e                stimer_restart
                0x0000ccb2                stimer_expired
                0x0000cce2                stimer_remaining
                0x0000cd06                stimer_elapsed
 .text          0x0000cd18      0x372 contiki-z1.a(nbr-table.o)
                0x0000ce40                nbr_table_register
                0x0000ce66                nbr_table_next
                0x0000ceb2                nbr_table_head
                0x0000cee8                nbr_table_add_lladdr
                0x0000cff8                nbr_table_get_from_lladdr
                0x0000d020                nbr_table_remove
                0x0000d04a                nbr_table_lock
                0x0000d05a                nbr_table_unlock
                0x0000d06a                nbr_table_get_lladdr
 .text          0x0000d08a      0x318 contiki-z1.a(uip-icmp6.o)
                0x0000d08a                uip_icmp6_echo_request_input
                0x0000d1b2                uip_icmp6_error_output
                0x0000d31e                uip_icmp6_send
 .text          0x0000d3a2       0x84 contiki-z1.a(uip-udp-packet.)
                0x0000d3a2                uip_udp_packet_send
                0x0000d3d0                uip_udp_packet_sendto
 .text          0x0000d426       0xfa contiki-z1.a(i2cmaster.o)
                0x0000d426                i2c_receiveinit
                0x0000d45a                i2c_transmitinit
                0x0000d488                i2c_receive_n
                0x0000d4c6                i2c_busy
                0x0000d4d0                i2c_enable
                0x0000d4f2                i2c_disable
                0x0000d50c                i2c_transmit_n
 .text          0x0000d520        0x0 /usr/local/msp430/bin/../lib/gcc/msp430/4.7.0/mcpu-430x/mmpy-16/libgcc.a(_mulsi3.o)
 .text.libgcc   0x0000d520       0x26 /usr/local/msp430/bin/../lib/gcc/msp430/4.7.0/mcpu-430x/mmpy-16/libgcc.a(_mulsi3.o)
                0x0000d520                __mulsi3
 .text          0x0000d546        0x0 /usr/local/msp430/bin/../lib/gcc/msp430/4.7.0/mcpu-430x/mmpy-16/libgcc.a(_udivmod16.o)
 .text.libgcc   0x0000d546       0x22 /usr/local/msp430/bin/../lib/gcc/msp430/4.7.0/mcpu-430x/mmpy-16/libgcc.a(_udivmod16.o)
                0x0000d546                __udivhi3
                0x0000d546                __ext_udivmod16
                0x0000d560                __umodhi3
 .text          0x0000d568        0x0 /usr/local/msp430/bin/../lib/gcc/msp430/4.7.0/mcpu-430x/mmpy-16/libgcc.a(_divmod16.o)
 .text.libgcc   0x0000d568       0x3a /usr/local/msp430/bin/../lib/gcc/msp430/4.7.0/mcpu-430x/mmpy-16/libgcc.a(_divmod16.o)
                0x0000d568                __ext_divmod16
                0x0000d568                __divhi3
                0x0000d59a                __modhi3
 .text          0x0000d5a2        0x0 /usr/local/msp430/bin/../lib/gcc/msp430/4.7.0/mcpu-430x/mmpy-16/libgcc.a(_udivmod32.o)
 .text.libgcc   0x0000d5a2       0x38 /usr/local/msp430/bin/../lib/gcc/msp430/4.7.0/mcpu-430x/mmpy-16/libgcc.a(_udivmod32.o)
                0x0000d5a2                __udivsi3
                0x0000d5a2                __ext_udivmod32
                0x0000d5d0                __umodsi3
 .text          0x0000d5da        0x0 /usr/local/msp430/bin/../lib/gcc/msp430/4.7.0/../../../../msp430/lib/mcpu-430x/mmpy-16/libc.a(printf.o)
 .text.printf   0x0000d5da       0x10 /usr/local/msp430/bin/../lib/gcc/msp430/4.7.0/../../../../msp430/lib/mcpu-430x/mmpy-16/libc.a(printf.o)
                0x0000d5da                printf
 .text.vprintf  0x0000d5ea        0xe /usr/local/msp430/bin/../lib/gcc/msp430/4.7.0/../../../../msp430/lib/mcpu-430x/mmpy-16/libc.a(printf.o)
                0x0000d5ea                vprintf
 .text          0x0000d5f8        0x0 /usr/local/msp430/bin/../lib/gcc/msp430/4.7.0/../../../../msp430/lib/mcpu-430x/mmpy-16/libc.a(sprintf.o)
 .text.append   0x0000d5f8       0x22 /usr/local/msp430/bin/../lib/gcc/msp430/4.7.0/../../../../msp430/lib/mcpu-430x/mmpy-16/libc.a(sprintf.o)
 .text.call_vuprintf
                0x0000d61a       0x36 /usr/local/msp430/bin/../lib/gcc/msp430/4.7.0/../../../../msp430/lib/mcpu-430x/mmpy-16/libc.a(sprintf.o)
 .text.sprintf  0x0000d650       0x1c /usr/local/msp430/bin/../lib/gcc/msp430/4.7.0/../../../../msp430/lib/mcpu-430x/mmpy-16/libc.a(sprintf.o)
                0x0000d650                sprintf
 .text.snprintf
                0x0000d66c       0x1a /usr/local/msp430/bin/../lib/gcc/msp430/4.7.0/../../../../msp430/lib/mcpu-430x/mmpy-16/libc.a(sprintf.o)
                0x0000d66c                snprintf
 .text.vsprintf
                0x0000d686       0x16 /usr/local/msp430/bin/../lib/gcc/msp430/4.7.0/../../../../msp430/lib/mcpu-430x/mmpy-16/libc.a(sprintf.o)
                0x0000d686                vsprintf
 .text.vsnprintf
                0x0000d69c       0x12 /usr/local/msp430/bin/../lib/gcc/msp430/4.7.0/../../../../msp430/lib/mcpu-430x/mmpy-16/libc.a(sprintf.o)
                0x0000d69c                vsnprintf
 .text          0x0000d6ae        0x0 /usr/local/msp430/bin/../lib/gcc/msp430/4.7.0/../../../../msp430/lib/mcpu-430x/mmpy-16/libc.a(vuprintf.o)
 .text.print_field
                0x0000d6ae      0x176 /usr/local/msp430/bin/../lib/gcc/msp430/4.7.0/../../../../msp430/lib/mcpu-430x/mmpy-16/libc.a(vuprintf.o)
 .text.vuprintf
                0x0000d824      0x740 /usr/local/msp430/bin/../lib/gcc/msp430/4.7.0/../../../../msp430/lib/mcpu-430x/mmpy-16/libc.a(vuprintf.o)
                0x0000d824                vuprintf
 .text          0x0000df64        0x0 /usr/local/msp430/bin/../lib/gcc/msp430/4.7.0/../../../../msp430/lib/mcpu-430x/mmpy-16/libc.a(puts.o)
 .text.puts     0x0000df64       0x2c /usr/local/msp430/bin/../lib/gcc/msp430/4.7.0/../../../../msp430/lib/mcpu-430x/mmpy-16/libc.a(puts.o)
                0x0000df64                puts
 .text          0x0000df90        0x0 /usr/local/msp430/bin/../lib/gcc/msp430/4.7.0/../../../../msp430/lib/mcpu-430x/mmpy-16/libc.a(rand.o)
 .text.rand_r   0x0000df90       0x24 /usr/local/msp430/bin/../lib/gcc/msp430/4.7.0/../../../../msp430/lib/mcpu-430x/mmpy-16/libc.a(rand.o)
                0x0000df90                rand_r
 .text.rand     0x0000dfb4       0x26 /usr/local/msp430/bin/../lib/gcc/msp430/4.7.0/../../../../msp430/lib/mcpu-430x/mmpy-16/libc.a(rand.o)
                0x0000dfb4                rand
 .text.srand    0x0000dfda        0xa /usr/local/msp430/bin/../lib/gcc/msp430/4.7.0/../../../../msp430/lib/mcpu-430x/mmpy-16/libc.a(rand.o)
                0x0000dfda                srand
 .text          0x0000dfe4        0x0 /usr/local/msp430/bin/../lib/gcc/msp430/4.7.0/../../../../msp430/lib/mcpu-430x/mmpy-16/libc.a(strchr.o)
 .text.strchr   0x0000dfe4       0x16 /usr/local/msp430/bin/../lib/gcc/msp430/4.7.0/../../../../msp430/lib/mcpu-430x/mmpy-16/libc.a(strchr.o)
                0x0000dfe4                strchr
 .text          0x0000dffa        0x0 /usr/local/msp430/bin/../lib/gcc/msp430/4.7.0/../../../../msp430/lib/mcpu-430x/mmpy-16/libc.a(memchr.o)
 .text.memchr   0x0000dffa       0x1e /usr/local/msp430/bin/../lib/gcc/msp430/4.7.0/../../../../msp430/lib/mcpu-430x/mmpy-16/libc.a(memchr.o)
                0x0000dffa                memchr
 .text          0x0000e018        0x0 /usr/local/msp430/bin/../lib/gcc/msp430/4.7.0/../../../../msp430/lib/mcpu-430x/mmpy-16/libc.a(strcmp.o)
 .text.strcmp   0x0000e018       0x1e /usr/local/msp430/bin/../lib/gcc/msp430/4.7.0/../../../../msp430/lib/mcpu-430x/mmpy-16/libc.a(strcmp.o)
                0x0000e018                strcmp
 .text          0x0000e036        0x0 /usr/local/msp430/bin/../lib/gcc/msp430/4.7.0/../../../../msp430/lib/mcpu-430x/mmpy-16/libc.a(strncmp.o)
 .text.strncmp  0x0000e036       0x2a /usr/local/msp430/bin/../lib/gcc/msp430/4.7.0/../../../../msp430/lib/mcpu-430x/mmpy-16/libc.a(strncmp.o)
                0x0000e036                strncmp
 .text          0x0000e060        0x0 /usr/local/msp430/bin/../lib/gcc/msp430/4.7.0/../../../../msp430/lib/mcpu-430x/mmpy-16/libc.a(memcmp.o)
 .text.memcmp   0x0000e060       0x2c /usr/local/msp430/bin/../lib/gcc/msp430/4.7.0/../../../../msp430/lib/mcpu-430x/mmpy-16/libc.a(memcmp.o)
                0x0000e060                memcmp
 .text          0x0000e08c        0x0 /usr/local/msp430/bin/../lib/gcc/msp430/4.7.0/../../../../msp430/lib/mcpu-430x/mmpy-16/libc.a(memcpy.o)
 .text.memcpy   0x0000e08c       0xe8 /usr/local/msp430/bin/../lib/gcc/msp430/4.7.0/../../../../msp430/lib/mcpu-430x/mmpy-16/libc.a(memcpy.o)
                0x0000e08c                memcpy
 .text          0x0000e174        0x0 /usr/local/msp430/bin/../lib/gcc/msp430/4.7.0/../../../../msp430/lib/mcpu-430x/mmpy-16/libc.a(memmove.o)
 .text.memmove  0x0000e174       0xe8 /usr/local/msp430/bin/../lib/gcc/msp430/4.7.0/../../../../msp430/lib/mcpu-430x/mmpy-16/libc.a(memmove.o)
                0x0000e174                memmove
 .text          0x0000e25c        0x0 /usr/local/msp430/bin/../lib/gcc/msp430/4.7.0/../../../../msp430/lib/mcpu-430x/mmpy-16/libc.a(memset.o)
 .text.memset   0x0000e25c       0x5c /usr/local/msp430/bin/../lib/gcc/msp430/4.7.0/../../../../msp430/lib/mcpu-430x/mmpy-16/libc.a(memset.o)
                0x0000e25c                memset
 .text          0x0000e2b8        0x0 /usr/local/msp430/bin/../lib/gcc/msp430/4.7.0/../../../../msp430/lib/mcpu-430x/mmpy-16/libc.a(strstr.o)
 .text.strstr   0x0000e2b8       0x44 /usr/local/msp430/bin/../lib/gcc/msp430/4.7.0/../../../../msp430/lib/mcpu-430x/mmpy-16/libc.a(strstr.o)
                0x0000e2b8                strstr
 .text          0x0000e2fc        0x0 /usr/local/msp430/bin/../lib/gcc/msp430/4.7.0/mcpu-430x/mmpy-16/libgcc.a(_udivmod64.o)
 .text.libgcc   0x0000e2fc       0xbc /usr/local/msp430/bin/../lib/gcc/msp430/4.7.0/mcpu-430x/mmpy-16/libgcc.a(_udivmod64.o)
                0x0000e2fc                __xabi_udivmod64
                0x0000e34e                __udivdi3
                0x0000e368                __umoddi3
                0x0000e38a                __udivmoddi4
 .text          0x0000e3b8        0x0 /usr/local/msp430/bin/../lib/gcc/msp430/4.7.0/mcpu-430x/mmpy-16/libcrt0.a(_reset_vector__.o)
 .text          0x0000e3b8        0x0 /usr/local/msp430/bin/../lib/gcc/msp430/4.7.0/mcpu-430x/mmpy-16/libcrt0.a(__watchdog_support.o)
 .text          0x0000e3b8        0x0 /usr/local/msp430/bin/../lib/gcc/msp430/4.7.0/mcpu-430x/mmpy-16/libcrt0.a(__init_stack.o)
 .text          0x0000e3b8        0x0 /usr/local/msp430/bin/../lib/gcc/msp430/4.7.0/mcpu-430x/mmpy-16/libcrt0.a(__low_level_init.o)
 .text          0x0000e3b8        0x0 /usr/local/msp430/bin/../lib/gcc/msp430/4.7.0/mcpu-430x/mmpy-16/libcrt0.a(_copy_data.o)
 .text          0x0000e3b8        0x0 /usr/local/msp430/bin/../lib/gcc/msp430/4.7.0/mcpu-430x/mmpy-16/libcrt0.a(_clear_bss.o)
 .text          0x0000e3b8        0x0 /usr/local/msp430/bin/../lib/gcc/msp430/4.7.0/mcpu-430x/mmpy-16/libcrt0.a(__stop_progExec__.o)
 .text          0x0000e3b8        0x0 /usr/local/msp430/bin/../lib/gcc/msp430/4.7.0/mcpu-430x/mmpy-16/libcrt0.a(_endless_loop__.o)
 .text          0x0000e3b8        0x0 /usr/local/msp430/bin/../lib/gcc/msp430/4.7.0/mcpu-430x/mmpy-16/libcrt0.a(_unexpected_.o)
 .text.crt0     0x0000e3b8        0x2 /usr/local/msp430/bin/../lib/gcc/msp430/4.7.0/mcpu-430x/mmpy-16/libcrt0.a(_unexpected_.o)
                0x0000e3b8                _unexpected_
 *(.near.text .near.text.*)
 .near.text     0x0000e3ba        0x6 contiki-z1.a(watchdog.o)
                0x0000e3ba                __isr_26
                0x0000e3ba                watchdog_interrupt
 .near.text     0x0000e3c0       0x76 contiki-z1.a(button-sensor.o)
                0x0000e3c0                irq_p2
                0x0000e3c0                __isr_19
 .near.text     0x0000e436       0x64 contiki-z1.a(uart0.o)
                0x0000e436                __isr_23
                0x0000e436                uart0_rx_interrupt
 .near.text     0x0000e49a       0xbe contiki-z1.a(adxl345.o)
                0x0000e49a                port1_isr
                0x0000e49a                __isr_18
 .near.text     0x0000e558       0xea contiki-z1.a(clock.o)
                0x0000e558                __isr_24
                0x0000e558                timera1
 .near.text     0x0000e642       0x5c contiki-z1.a(rtimer-arch.o)
                0x0000e642                __isr_25
                0x0000e642                timera0
 .near.text     0x0000e69e       0x98 contiki-z1.a(i2cmaster.o)
                0x0000e69e                __isr_16
                0x0000e69e                i2c_tx_interrupt
                0x0000e722                i2c_rx_interrupt
                0x0000e722                __isr_17

.rodata         0x0000e738      0x4f3
                0x0000e738                . = ALIGN (0x2)
 *(.rodata .rodata.* .gnu.linkonce.r.*)
 .rodata        0x0000e738       0xd8 coap_obs_server.co
                0x0000e7b8                autostart_processes
 .rodata        0x0000e810      0x10b obj_z1/contiki-z1-main.o
 *fill*         0x0000e91b        0x1 00
 .rodata        0x0000e91c        0x8 contiki-z1.a(rimeaddr.o)
                0x0000e91c                rimeaddr_null
 .rodata        0x0000e924       0x16 contiki-z1.a(nullmac.o)
                0x0000e92c                nullmac_driver
 .rodata        0x0000e93a       0x18 contiki-z1.a(nullrdc.o)
                0x0000e942                nullrdc_driver
 .rodata        0x0000e952        0x4 contiki-z1.a(framer-802154.o)
                0x0000e952                framer_802154
 .rodata        0x0000e956        0xc contiki-z1.a(etimer.o)
 .rodata        0x0000e962        0xf contiki-z1.a(ctimer.o)
 *fill*         0x0000e971        0x1 00
 .rodata        0x0000e972       0x24 contiki-z1.a(sicslowpan.o)
                0x0000e97e                sicslowpan_driver
                0x0000e984                llprefix
                0x0000e986                unc_mxconf
                0x0000e98a                unc_ctxconf
                0x0000e98e                unc_llconf
 .rodata        0x0000e996        0xd contiki-z1.a(tcpip.o)
 *fill*         0x0000e9a3        0x1 00
 .rodata        0x0000e9a4       0xd4 contiki-z1.a(er-coap-13.o)
 .rodata        0x0000ea78      0x104 contiki-z1.a(er-coap-13-engi)
                0x0000eaca                coap_rest_implementation
 .rodata        0x0000eb7c       0x1d contiki-z1.a(er-coap-13-obse)
 .rodata        0x0000eb99        0xd contiki-z1.a(erbium.o)
 .rodata        0x0000eba6       0x2c contiki-z1.a(xmem.o)
 .rodata        0x0000ebd2       0x22 contiki-z1.a(cc2420.o)
                0x0000ebd2                cc2420_driver
 .rodata        0x0000ebf4        0x8 contiki-z1.a(sensors.o)
 .rodata        0x0000ebfc       0x10 contiki-z1.a(button-sensor.o)
                0x0000ec04                button_sensor
 .rodata        0x0000ec0c       0x16 contiki-z1.a(adxl345.o)
 .rodata        0x0000ec22        0x2 contiki-z1.a(frame802154.o)
 .rodata.vuprintf
                0x0000ec24        0x7 /usr/local/msp430/bin/../lib/gcc/msp430/4.7.0/../../../../msp430/lib/mcpu-430x/mmpy-16/libc.a(vuprintf.o)
 *(.near.rodata .near.rodata.*)
                0x0000ec2c                . = ALIGN (0x2)
                0x0000ec2c                _etext = .

.data           0x00001100      0x132 load address 0x0000ec2c
                0x00001100                . = ALIGN (0x2)
                0x00001100                __data_start = .
 *(.data .data.* .gnu.linkonce.d.*)
 .data          0x00001100        0x0 /usr/local/msp430/bin/../lib/gcc/msp430/4.7.0/mcpu-430x/mmpy-16/crt0ivtbl32.o
 .data          0x00001100       0x44 coap_obs_server.co
                0x00001100                server
                0x0000110a                periodic_resource_Resource2
                0x00001120                resource_Resource2
                0x00001132                resource_Resource1
 .data          0x00001144        0x4 obj_z1/contiki-z1-main.o
                0x00001144                sensors
 .data          0x00001148        0x0 contiki-z1.a(rimeaddr.o)
 .data          0x00001148        0x0 contiki-z1.a(nullmac.o)
 .data          0x00001148        0x0 contiki-z1.a(nullrdc.o)
 .data          0x00001148        0x0 contiki-z1.a(mac.o)
 .data          0x00001148        0x0 contiki-z1.a(framer-802154.o)
 .data          0x00001148        0x0 contiki-z1.a(process.o)
 .data          0x00001148        0x0 contiki-z1.a(autostart.o)
 .data          0x00001148        0xa contiki-z1.a(etimer.o)
                0x00001148                etimer_process
 .data          0x00001152        0xa contiki-z1.a(ctimer.o)
                0x00001152                ctimer_process
 .data          0x0000115c        0x0 contiki-z1.a(energest.o)
 .data          0x0000115c        0x0 contiki-z1.a(rtimer.o)
 .data          0x0000115c        0x0 contiki-z1.a(random.o)
 .data          0x0000115c        0x0 contiki-z1.a(packetbuf.o)
 .data          0x0000115c       0x18 contiki-z1.a(queuebuf.o)
 .data          0x00001174        0x0 contiki-z1.a(sicslowpan.o)
 .data          0x00001174        0xa contiki-z1.a(tcpip.o)
                0x00001174                tcpip_process
 .data          0x0000117e       0x18 contiki-z1.a(uip-ds6-route.o)
 .data          0x00001196        0xa contiki-z1.a(uip-ds6-nbr.o)
                0x00001196                ds6_neighbors
 .data          0x000011a0        0x0 contiki-z1.a(uip-ds6.o)
 .data          0x000011a0        0x0 contiki-z1.a(uip-nd6.o)
 .data          0x000011a0        0x0 contiki-z1.a(uip6.o)
 .data          0x000011a0        0x2 contiki-z1.a(er-coap-13.o)
                0x000011a0                coap_error_message
 .data          0x000011a2       0x1c contiki-z1.a(er-coap-13-engi)
                0x000011a2                resource_well_known_core
                0x000011b4                coap_receiver
 .data          0x000011be        0x8 contiki-z1.a(er-coap-13-tran)
 .data          0x000011c6        0x8 contiki-z1.a(er-coap-13-obse)
 .data          0x000011ce        0xa contiki-z1.a(erbium.o)
                0x000011ce                rest_manager_process
 .data          0x000011d8        0x0 contiki-z1.a(contiki-z1-plat)
 .data          0x000011d8        0x2 contiki-z1.a(msp430.o)
 .data          0x000011da        0x0 contiki-z1.a(leds.o)
 .data          0x000011da        0x0 contiki-z1.a(watchdog.o)
 .data          0x000011da        0x0 contiki-z1.a(xmem.o)
 .data          0x000011da        0x0 contiki-z1.a(spi.o)
 .data          0x000011da        0xa contiki-z1.a(cc2420.o)
                0x000011da                cc2420_process
 .data          0x000011e4        0x0 contiki-z1.a(cc2420-arch.o)
 .data          0x000011e4        0x0 contiki-z1.a(node-id.o)
 .data          0x000011e4        0xa contiki-z1.a(sensors.o)
                0x000011e4                sensors_process
 .data          0x000011ee        0x0 contiki-z1.a(button-sensor.o)
 .data          0x000011ee        0x0 contiki-z1.a(uart0.o)
 .data          0x000011ee        0x0 contiki-z1.a(uart0-putchar.o)
 .data          0x000011ee       0x20 contiki-z1.a(adxl345.o)
                0x000011ee                accmeter_process
 .data          0x0000120e        0x0 contiki-z1.a(clock.o)
 .data          0x0000120e        0x0 contiki-z1.a(leds-arch.o)
 .data          0x0000120e        0x0 contiki-z1.a(rtimer-arch.o)
 .data          0x0000120e        0x0 contiki-z1.a(frame802154.o)
 .data          0x0000120e        0x0 contiki-z1.a(rpl.o)
 .data          0x0000120e        0x8 contiki-z1.a(rpl-dag.o)
 .data          0x00001216        0x1 contiki-z1.a(rpl-icmp6.o)
 .data          0x00001217        0x0 contiki-z1.a(rpl-timers.o)
 *fill*         0x00001217        0x1 00
 .data          0x00001218        0xe contiki-z1.a(rpl-mrhof.o)
                0x00001218                rpl_mrhof
 .data          0x00001226        0x0 contiki-z1.a(rpl-ext-header.)
 .data          0x00001226        0x0 contiki-z1.a(memb.o)
 .data          0x00001226        0x0 contiki-z1.a(timer.o)
 .data          0x00001226        0x0 contiki-z1.a(list.o)
 .data          0x00001226        0x0 contiki-z1.a(stimer.o)
 .data          0x00001226        0x8 contiki-z1.a(nbr-table.o)
 .data          0x0000122e        0x0 contiki-z1.a(uip-icmp6.o)
 .data          0x0000122e        0x0 contiki-z1.a(uip-udp-packet.)
 .data          0x0000122e        0x0 contiki-z1.a(i2cmaster.o)
 .data          0x0000122e        0x0 /usr/local/msp430/bin/../lib/gcc/msp430/4.7.0/mcpu-430x/mmpy-16/libgcc.a(_mulsi3.o)
 .data          0x0000122e        0x0 /usr/local/msp430/bin/../lib/gcc/msp430/4.7.0/mcpu-430x/mmpy-16/libgcc.a(_udivmod16.o)
 .data          0x0000122e        0x0 /usr/local/msp430/bin/../lib/gcc/msp430/4.7.0/mcpu-430x/mmpy-16/libgcc.a(_divmod16.o)
 .data          0x0000122e        0x0 /usr/local/msp430/bin/../lib/gcc/msp430/4.7.0/mcpu-430x/mmpy-16/libgcc.a(_udivmod32.o)
 .data          0x0000122e        0x0 /usr/local/msp430/bin/../lib/gcc/msp430/4.7.0/../../../../msp430/lib/mcpu-430x/mmpy-16/libc.a(printf.o)
 .data          0x0000122e        0x0 /usr/local/msp430/bin/../lib/gcc/msp430/4.7.0/../../../../msp430/lib/mcpu-430x/mmpy-16/libc.a(sprintf.o)
 .data          0x0000122e        0x0 /usr/local/msp430/bin/../lib/gcc/msp430/4.7.0/../../../../msp430/lib/mcpu-430x/mmpy-16/libc.a(vuprintf.o)
 .data          0x0000122e        0x0 /usr/local/msp430/bin/../lib/gcc/msp430/4.7.0/../../../../msp430/lib/mcpu-430x/mmpy-16/libc.a(puts.o)
 .data          0x0000122e        0x0 /usr/local/msp430/bin/../lib/gcc/msp430/4.7.0/../../../../msp430/lib/mcpu-430x/mmpy-16/libc.a(rand.o)
 .data.next     0x0000122e        0x4 /usr/local/msp430/bin/../lib/gcc/msp430/4.7.0/../../../../msp430/lib/mcpu-430x/mmpy-16/libc.a(rand.o)
 .data          0x00001232        0x0 /usr/local/msp430/bin/../lib/gcc/msp430/4.7.0/../../../../msp430/lib/mcpu-430x/mmpy-16/libc.a(strchr.o)
 .data          0x00001232        0x0 /usr/local/msp430/bin/../lib/gcc/msp430/4.7.0/../../../../msp430/lib/mcpu-430x/mmpy-16/libc.a(memchr.o)
 .data          0x00001232        0x0 /usr/local/msp430/bin/../lib/gcc/msp430/4.7.0/../../../../msp430/lib/mcpu-430x/mmpy-16/libc.a(strcmp.o)
 .data          0x00001232        0x0 /usr/local/msp430/bin/../lib/gcc/msp430/4.7.0/../../../../msp430/lib/mcpu-430x/mmpy-16/libc.a(strncmp.o)
 .data          0x00001232        0x0 /usr/local/msp430/bin/../lib/gcc/msp430/4.7.0/../../../../msp430/lib/mcpu-430x/mmpy-16/libc.a(memcmp.o)
 .data          0x00001232        0x0 /usr/local/msp430/bin/../lib/gcc/msp430/4.7.0/../../../../msp430/lib/mcpu-430x/mmpy-16/libc.a(memcpy.o)
 .data          0x00001232        0x0 /usr/local/msp430/bin/../lib/gcc/msp430/4.7.0/../../../../msp430/lib/mcpu-430x/mmpy-16/libc.a(memmove.o)
 .data          0x00001232        0x0 /usr/local/msp430/bin/../lib/gcc/msp430/4.7.0/../../../../msp430/lib/mcpu-430x/mmpy-16/libc.a(memset.o)
 .data          0x00001232        0x0 /usr/local/msp430/bin/../lib/gcc/msp430/4.7.0/../../../../msp430/lib/mcpu-430x/mmpy-16/libc.a(strstr.o)
 .data          0x00001232        0x0 /usr/local/msp430/bin/../lib/gcc/msp430/4.7.0/mcpu-430x/mmpy-16/libgcc.a(_udivmod64.o)
 .data          0x00001232        0x0 /usr/local/msp430/bin/../lib/gcc/msp430/4.7.0/mcpu-430x/mmpy-16/libcrt0.a(_reset_vector__.o)
 .data          0x00001232        0x0 /usr/local/msp430/bin/../lib/gcc/msp430/4.7.0/mcpu-430x/mmpy-16/libcrt0.a(__watchdog_support.o)
 .data          0x00001232        0x0 /usr/local/msp430/bin/../lib/gcc/msp430/4.7.0/mcpu-430x/mmpy-16/libcrt0.a(__init_stack.o)
 .data          0x00001232        0x0 /usr/local/msp430/bin/../lib/gcc/msp430/4.7.0/mcpu-430x/mmpy-16/libcrt0.a(__low_level_init.o)
 .data          0x00001232        0x0 /usr/local/msp430/bin/../lib/gcc/msp430/4.7.0/mcpu-430x/mmpy-16/libcrt0.a(_copy_data.o)
 .data          0x00001232        0x0 /usr/local/msp430/bin/../lib/gcc/msp430/4.7.0/mcpu-430x/mmpy-16/libcrt0.a(_clear_bss.o)
 .data          0x00001232        0x0 /usr/local/msp430/bin/../lib/gcc/msp430/4.7.0/mcpu-430x/mmpy-16/libcrt0.a(__stop_progExec__.o)
 .data          0x00001232        0x0 /usr/local/msp430/bin/../lib/gcc/msp430/4.7.0/mcpu-430x/mmpy-16/libcrt0.a(_endless_loop__.o)
 .data          0x00001232        0x0 /usr/local/msp430/bin/../lib/gcc/msp430/4.7.0/mcpu-430x/mmpy-16/libcrt0.a(_unexpected_.o)
 *(.near.data .near.data.*)
                0x00001232                . = ALIGN (0x2)
                0x00001232                _edata = .
                0x0000ec2c                __data_load_start = LOADADDR (.data)
                0x00000132                __data_size = SIZEOF (.data)

.bss            0x00001232     0x1962 load address 0x0000ed5e
                0x00001232                __bss_start = .
 *(.bss .bss.*)
 .bss           0x00001232        0x0 /usr/local/msp430/bin/../lib/gcc/msp430/4.7.0/mcpu-430x/mmpy-16/crt0ivtbl32.o
 .bss           0x00001232        0x2 coap_obs_server.co
                0x00001232                event_counter
                0x00001233                obs_counter
 .bss           0x00001234        0x4 obj_z1/contiki-z1-main.o
 .bss           0x00001238        0x0 contiki-z1.a(rimeaddr.o)
 .bss           0x00001238        0x0 contiki-z1.a(nullmac.o)
 .bss           0x00001238        0x0 contiki-z1.a(nullrdc.o)
 .bss           0x00001238        0x0 contiki-z1.a(mac.o)
 .bss           0x00001238        0x2 contiki-z1.a(framer-802154.o)
 .bss           0x0000123a       0x42 contiki-z1.a(process.o)
                0x0000123a                process_current
                0x0000123c                process_list
 .bss           0x0000127c        0x0 contiki-z1.a(autostart.o)
 .bss           0x0000127c        0x6 contiki-z1.a(etimer.o)
 .bss           0x00001282        0x4 contiki-z1.a(ctimer.o)
 .bss           0x00001286        0x0 contiki-z1.a(energest.o)
 .bss           0x00001286        0x2 contiki-z1.a(rtimer.o)
 .bss           0x00001288        0x0 contiki-z1.a(random.o)
 .bss           0x00001288       0xba contiki-z1.a(packetbuf.o)
 .bss           0x00001342      0x3c6 contiki-z1.a(queuebuf.o)
 .bss           0x00001708      0x232 contiki-z1.a(sicslowpan.o)
 .bss           0x0000193a        0xe contiki-z1.a(tcpip.o)
 .bss           0x00001948      0x19e contiki-z1.a(uip-ds6-route.o)
 .bss           0x00001ae6      0x168 contiki-z1.a(uip-ds6-nbr.o)
 .bss           0x00001c4e       0x18 contiki-z1.a(uip-ds6.o)
 .bss           0x00001c66        0xa contiki-z1.a(uip-nd6.o)
 .bss           0x00001c70        0x8 contiki-z1.a(uip6.o)
                0x00001c70                uip_ext_opt_offset
                0x00001c71                uip_ext_len
                0x00001c72                uip_ext_bitmap
 .bss           0x00001c78        0x6 contiki-z1.a(er-coap-13.o)
                0x00001c78                coap_error_code
 .bss           0x00001c7e       0xf8 contiki-z1.a(er-coap-13-engi)
 .bss           0x00001d76      0x5c0 contiki-z1.a(er-coap-13-tran)
 .bss           0x00002336       0x94 contiki-z1.a(er-coap-13-obse)
 .bss           0x000023ca        0x4 contiki-z1.a(erbium.o)
 .bss           0x000023ce        0x0 contiki-z1.a(contiki-z1-plat)
 .bss           0x000023ce        0x0 contiki-z1.a(msp430.o)
 .bss           0x000023ce        0x2 contiki-z1.a(leds.o)
 .bss           0x000023d0        0x2 contiki-z1.a(watchdog.o)
 .bss           0x000023d2        0x0 contiki-z1.a(xmem.o)
 .bss           0x000023d2        0x1 contiki-z1.a(spi.o)
                0x000023d2                spi_busy
 *fill*         0x000023d3        0x1 00
 .bss           0x000023d4        0xa contiki-z1.a(cc2420.o)
 .bss           0x000023de        0x0 contiki-z1.a(cc2420-arch.o)
 .bss           0x000023de        0x2 contiki-z1.a(node-id.o)
                0x000023de                node_id
 .bss           0x000023e0        0x6 contiki-z1.a(sensors.o)
 .bss           0x000023e6        0x8 contiki-z1.a(button-sensor.o)
 .bss           0x000023ee        0x4 contiki-z1.a(uart0.o)
 .bss           0x000023f2        0x0 contiki-z1.a(uart0-putchar.o)
 .bss           0x000023f2       0x16 contiki-z1.a(adxl345.o)
 .bss           0x00002408        0xa contiki-z1.a(clock.o)
 .bss           0x00002412        0x0 contiki-z1.a(leds-arch.o)
 .bss           0x00002412        0x0 contiki-z1.a(rtimer-arch.o)
 .bss           0x00002412        0x0 contiki-z1.a(frame802154.o)
 .bss           0x00002412        0x0 contiki-z1.a(rpl.o)
 .bss           0x00002412       0x64 contiki-z1.a(rpl-dag.o)
 .bss           0x00002476        0x0 contiki-z1.a(rpl-icmp6.o)
 .bss           0x00002476       0x18 contiki-z1.a(rpl-timers.o)
 .bss           0x0000248e        0x0 contiki-z1.a(rpl-mrhof.o)
 .bss           0x0000248e        0x0 contiki-z1.a(rpl-ext-header.)
 .bss           0x0000248e        0x0 contiki-z1.a(memb.o)
 .bss           0x0000248e        0x0 contiki-z1.a(timer.o)
 .bss           0x0000248e        0x0 contiki-z1.a(list.o)
 .bss           0x0000248e        0x0 contiki-z1.a(stimer.o)
 .bss           0x0000248e       0x96 contiki-z1.a(nbr-table.o)
 .bss           0x00002524       0x10 contiki-z1.a(uip-icmp6.o)
 .bss           0x00002534        0x0 contiki-z1.a(uip-udp-packet.)
 .bss           0x00002534        0x2 contiki-z1.a(i2cmaster.o)
 .bss           0x00002536        0x0 /usr/local/msp430/bin/../lib/gcc/msp430/4.7.0/mcpu-430x/mmpy-16/libgcc.a(_mulsi3.o)
 .bss           0x00002536        0x0 /usr/local/msp430/bin/../lib/gcc/msp430/4.7.0/mcpu-430x/mmpy-16/libgcc.a(_udivmod16.o)
 .bss           0x00002536        0x0 /usr/local/msp430/bin/../lib/gcc/msp430/4.7.0/mcpu-430x/mmpy-16/libgcc.a(_divmod16.o)
 .bss           0x00002536        0x0 /usr/local/msp430/bin/../lib/gcc/msp430/4.7.0/mcpu-430x/mmpy-16/libgcc.a(_udivmod32.o)
 .bss           0x00002536        0x0 /usr/local/msp430/bin/../lib/gcc/msp430/4.7.0/../../../../msp430/lib/mcpu-430x/mmpy-16/libc.a(printf.o)
 .bss           0x00002536        0x0 /usr/local/msp430/bin/../lib/gcc/msp430/4.7.0/../../../../msp430/lib/mcpu-430x/mmpy-16/libc.a(sprintf.o)
 .bss.destination_
                0x00002536        0x2 /usr/local/msp430/bin/../lib/gcc/msp430/4.7.0/../../../../msp430/lib/mcpu-430x/mmpy-16/libc.a(sprintf.o)
 .bss.available_
                0x00002538        0x2 /usr/local/msp430/bin/../lib/gcc/msp430/4.7.0/../../../../msp430/lib/mcpu-430x/mmpy-16/libc.a(sprintf.o)
 .bss           0x0000253a        0x0 /usr/local/msp430/bin/../lib/gcc/msp430/4.7.0/../../../../msp430/lib/mcpu-430x/mmpy-16/libc.a(vuprintf.o)
 .bss           0x0000253a        0x0 /usr/local/msp430/bin/../lib/gcc/msp430/4.7.0/../../../../msp430/lib/mcpu-430x/mmpy-16/libc.a(puts.o)
 .bss           0x0000253a        0x0 /usr/local/msp430/bin/../lib/gcc/msp430/4.7.0/../../../../msp430/lib/mcpu-430x/mmpy-16/libc.a(rand.o)
 .bss           0x0000253a        0x0 /usr/local/msp430/bin/../lib/gcc/msp430/4.7.0/../../../../msp430/lib/mcpu-430x/mmpy-16/libc.a(strchr.o)
 .bss           0x0000253a        0x0 /usr/local/msp430/bin/../lib/gcc/msp430/4.7.0/../../../../msp430/lib/mcpu-430x/mmpy-16/libc.a(memchr.o)
 .bss           0x0000253a        0x0 /usr/local/msp430/bin/../lib/gcc/msp430/4.7.0/../../../../msp430/lib/mcpu-430x/mmpy-16/libc.a(strcmp.o)
 .bss           0x0000253a        0x0 /usr/local/msp430/bin/../lib/gcc/msp430/4.7.0/../../../../msp430/lib/mcpu-430x/mmpy-16/libc.a(strncmp.o)
 .bss           0x0000253a        0x0 /usr/local/msp430/bin/../lib/gcc/msp430/4.7.0/../../../../msp430/lib/mcpu-430x/mmpy-16/libc.a(memcmp.o)
 .bss           0x0000253a        0x0 /usr/local/msp430/bin/../lib/gcc/msp430/4.7.0/../../../../msp430/lib/mcpu-430x/mmpy-16/libc.a(memcpy.o)
 .bss           0x0000253a        0x0 /usr/local/msp430/bin/../lib/gcc/msp430/4.7.0/../../../../msp430/lib/mcpu-430x/mmpy-16/libc.a(memmove.o)
 .bss           0x0000253a        0x0 /usr/local/msp430/bin/../lib/gcc/msp430/4.7.0/../../../../msp430/lib/mcpu-430x/mmpy-16/libc.a(memset.o)
 .bss           0x0000253a        0x0 /usr/local/msp430/bin/../lib/gcc/msp430/4.7.0/../../../../msp430/lib/mcpu-430x/mmpy-16/libc.a(strstr.o)
 .bss           0x0000253a        0x0 /usr/local/msp430/bin/../lib/gcc/msp430/4.7.0/mcpu-430x/mmpy-16/libgcc.a(_udivmod64.o)
 .bss           0x0000253a        0x0 /usr/local/msp430/bin/../lib/gcc/msp430/4.7.0/mcpu-430x/mmpy-16/libcrt0.a(_reset_vector__.o)
 .bss           0x0000253a        0x0 /usr/local/msp430/bin/../lib/gcc/msp430/4.7.0/mcpu-430x/mmpy-16/libcrt0.a(__watchdog_support.o)
 .bss           0x0000253a        0x0 /usr/local/msp430/bin/../lib/gcc/msp430/4.7.0/mcpu-430x/mmpy-16/libcrt0.a(__init_stack.o)
 .bss           0x0000253a        0x0 /usr/local/msp430/bin/../lib/gcc/msp430/4.7.0/mcpu-430x/mmpy-16/libcrt0.a(__low_level_init.o)
 .bss           0x0000253a        0x0 /usr/local/msp430/bin/../lib/gcc/msp430/4.7.0/mcpu-430x/mmpy-16/libcrt0.a(_copy_data.o)
 .bss           0x0000253a        0x0 /usr/local/msp430/bin/../lib/gcc/msp430/4.7.0/mcpu-430x/mmpy-16/libcrt0.a(_clear_bss.o)
 .bss           0x0000253a        0x0 /usr/local/msp430/bin/../lib/gcc/msp430/4.7.0/mcpu-430x/mmpy-16/libcrt0.a(__stop_progExec__.o)
 .bss           0x0000253a        0x0 /usr/local/msp430/bin/../lib/gcc/msp430/4.7.0/mcpu-430x/mmpy-16/libcrt0.a(_endless_loop__.o)
 .bss           0x0000253a        0x0 /usr/local/msp430/bin/../lib/gcc/msp430/4.7.0/mcpu-430x/mmpy-16/libcrt0.a(_unexpected_.o)
 *(.near.bss .near.bss.*)
 *(COMMON)
 COMMON         0x0000253a        0x2 obj_z1/contiki-z1-main.o
                0x0000253a                sensors_flags
 COMMON         0x0000253c        0x8 contiki-z1.a(rimeaddr.o)
                0x0000253c                rimeaddr_node_addr
 COMMON         0x00002544        0x1 contiki-z1.a(process.o)
                0x00002544                process_maxevents
 *fill*         0x00002545        0x1 00
 COMMON         0x00002546       0x56 contiki-z1.a(energest.o)
                0x00002546                energest_total_time
                0x00002576                energest_total_count
                0x00002578                energest_current_mode
                0x00002584                energest_current_time
 COMMON         0x0000259c       0x50 contiki-z1.a(packetbuf.o)
                0x0000259c                packetbuf_addrs
                0x000025bc                packetbuf_attrs
 COMMON         0x000025ec        0x8 contiki-z1.a(sicslowpan.o)
                0x000025ec                frag_sender
 COMMON         0x000025f4        0x1 contiki-z1.a(tcpip.o)
                0x000025f4                tcpip_event
 *fill*         0x000025f5        0x1 00
 COMMON         0x000025f6      0x15c contiki-z1.a(uip-ds6.o)
                0x000025f6                uip_ds6_timer_ra
                0x000025fe                uip_ds6_if
                0x000026ea                uip_ds6_netif_addr_list_offset
                0x000026eb                uip_ds6_addr_size
                0x000026ec                uip_ds6_prefix_list
                0x00002746                uip_ds6_timer_periodic
 COMMON         0x00002752      0x350 contiki-z1.a(uip6.o)
                0x00002752                uip_len
                0x00002754                uip_sappdata
                0x00002756                uip_lladdr
                0x0000275e                uip_aligned_buf
                0x0000295e                uip_flags
                0x00002960                uip_next_hdr
                0x00002962                uip_udp_conn
                0x00002964                uip_appdata
                0x00002966                uip_conn
                0x00002968                uip_slen
                0x0000296a                uip_udp_conns
 COMMON         0x00002aa2       0x14 contiki-z1.a(cc2420.o)
                0x00002aa2                cc2420_last_rssi
                0x00002aa4                cc2420_packets_read
                0x00002aa6                cc2420_packets_seen
                0x00002aa8                cc2420_sfd_start_time
                0x00002aaa                cc2420_time_of_departure
                0x00002aac                cc2420_time_of_arrival
                0x00002aae                cc2420_last_correlation
                0x00002ab0                cc2420_authority_level_of_sender
                0x00002ab2                cc2420_sfd_counter
                0x00002ab4                cc2420_sfd_end_time
 COMMON         0x00002ab6        0x8 contiki-z1.a(node-id.o)
                0x00002ab6                node_mac
 COMMON         0x00002abe        0x1 contiki-z1.a(sensors.o)
                0x00002abe                sensors_event
 *fill*         0x00002abf        0x1 00
 COMMON         0x00002ac0        0x7 contiki-z1.a(adxl345.o)
                0x00002ac0                accm_int2_cb
                0x00002ac2                int2_event
                0x00002ac4                accm_int1_cb
                0x00002ac6                int1_event
 *fill*         0x00002ac7        0x1 00
 COMMON         0x00002ac8       0xbe contiki-z1.a(rpl-dag.o)
                0x00002ac8                default_instance
                0x00002aca                instance_table
 COMMON         0x00002b86        0xe contiki-z1.a(i2cmaster.o)
                0x00002b86                transmit_data1
                0x00002b87                rx_byte_ctr
                0x00002b88                tx_buf_ptr
                0x00002b8a                tx_byte_ctr
                0x00002b8c                i
                0x00002b8e                receive_data
                0x00002b8f                rx_buf
                0x00002b91                transmit_data2
                0x00002b92                rx_buf_ptr
                0x00002b94                . = ALIGN (0x2)
                0x00002b94                __bss_end = .
                0x00001962                __bss_size = SIZEOF (.bss)

.noinit         0x00002b94        0x2 load address 0x0000ed5e
                0x00002b94                . = ALIGN (0x2)
                0x00002b94                __noinit_start = .
 *(.noinit .noinit.*)
 .noinit.crt0   0x00002b94        0x2 /usr/local/msp430/bin/../lib/gcc/msp430/4.7.0/mcpu-430x/mmpy-16/libcrt0.a(__watchdog_support.o)
                0x00002b94                __wdt_clear_value
                0x00002b96                . = ALIGN (0x2)
                0x00002b96                __noinit_end = .
                0x00002b96                . = ALIGN (0x2)
                0x00002b96                _end = .

.infomem        0x00001000        0x0
                0x00001000                . = ALIGN (0x2)
 *(.infomem .infomem.*)

.infomemnobits  0x00001000        0x0
                0x00001000                . = ALIGN (0x2)
 *(.infomemnobits .infomemnobits.*)

.infoa          0x000010c0        0x0
                0x000010c0                . = ALIGN (0x2)
 *(.infoa .infoa.*)

.infob          0x00001080        0x0
                0x00001080                . = ALIGN (0x2)
 *(.infob .infob.*)

.infoc          0x00001040        0x0
                0x00001040                . = ALIGN (0x2)
 *(.infoc .infoc.*)

.infod          0x00001000        0x0
                0x00001000                . = ALIGN (0x2)
 *(.infod .infod.*)

.vectors        0x0000ffc0       0x40
                0x0000ffc0                __vectors_start = .
 *(.vectors*)
 .vectors       0x0000ffc0       0x40 /usr/local/msp430/bin/../lib/gcc/msp430/4.7.0/mcpu-430x/mmpy-16/crt0ivtbl32.o
                0x0000ffc0                __ivtbl_32
                0x00010000                _vectors_end = .

.fartext        0x00010000        0x0
                0x00010000                . = ALIGN (0x2)
 *(.fartext .fartext.*)

.far.text       0x00010000        0x0
                0x00010000                . = ALIGN (0x2)
 *(.far.text .far.text.*)

.far.rodata     0x00010000        0x0
                0x00010000                . = ALIGN (0x2)
 *(.far.rodata .far.rodata.*)
                0x00010000                . = ALIGN (0x2)
                0x00010000                _efartext = .

.far.data       0x00000000        0x0 load address 0x00010000
                0x00000000                . = ALIGN (0x2)
                0x00000000                __far_data_start = .
 *(.far.data .far.data.*)
                0x00000000                . = ALIGN (0x2)
                0x00000000                _efardata = .
                0x00010000                __far_data_load_start = LOADADDR (.far.data)
                0x00000000                __far_data_size = SIZEOF (.far.data)

.far.bss        0x00000000        0x0 load address 0x00010000
                0x00000000                . = ALIGN (0x2)
                0x00000000                __far_bss_start = .
 *(.far.bss .far.bss.*)
                0x00000000                . = ALIGN (0x2)
                0x00000000                __far_bss_end = .
                0x00000000                __far_bss_size = SIZEOF (.far.bss)
                0x00000000                . = ALIGN (0x2)
                0x00000000                _far_end = .

.profiler
 *(.profiler)

.stab
 *(.stab)

.stabstr
 *(.stabstr)

.stab.excl
 *(.stab.excl)

.stab.exclstr
 *(.stab.exclstr)

.stab.index
 *(.stab.index)

.stab.indexstr
 *(.stab.indexstr)

.comment        0x00000000       0x30
 *(.comment)
 .comment       0x00000000       0x30 coap_obs_server.co
                                 0x31 (size before relaxing)
 .comment       0x00000000       0x31 obj_z1/contiki-z1-main.o
 .comment       0x00000000       0x31 contiki-z1.a(rimeaddr.o)
 .comment       0x00000000       0x31 contiki-z1.a(nullmac.o)
 .comment       0x00000000       0x31 contiki-z1.a(nullrdc.o)
 .comment       0x00000000       0x31 contiki-z1.a(mac.o)
 .comment       0x00000000       0x31 contiki-z1.a(framer-802154.o)
 .comment       0x00000000       0x31 contiki-z1.a(process.o)
 .comment       0x00000000       0x31 contiki-z1.a(autostart.o)
 .comment       0x00000000       0x31 contiki-z1.a(etimer.o)
 .comment       0x00000000       0x31 contiki-z1.a(ctimer.o)
 .comment       0x00000000       0x31 contiki-z1.a(energest.o)
 .comment       0x00000000       0x31 contiki-z1.a(rtimer.o)
 .comment       0x00000000       0x31 contiki-z1.a(random.o)
 .comment       0x00000000       0x31 contiki-z1.a(packetbuf.o)
 .comment       0x00000000       0x31 contiki-z1.a(queuebuf.o)
 .comment       0x00000000       0x31 contiki-z1.a(sicslowpan.o)
 .comment       0x00000000       0x31 contiki-z1.a(tcpip.o)
 .comment       0x00000000       0x31 contiki-z1.a(uip-ds6-route.o)
 .comment       0x00000000       0x31 contiki-z1.a(uip-ds6-nbr.o)
 .comment       0x00000000       0x31 contiki-z1.a(uip-ds6.o)
 .comment       0x00000000       0x31 contiki-z1.a(uip-nd6.o)
 .comment       0x00000000       0x31 contiki-z1.a(uip6.o)
 .comment       0x00000000       0x31 contiki-z1.a(er-coap-13.o)
 .comment       0x00000000       0x31 contiki-z1.a(er-coap-13-engi)
 .comment       0x00000000       0x31 contiki-z1.a(er-coap-13-tran)
 .comment       0x00000000       0x31 contiki-z1.a(er-coap-13-obse)
 .comment       0x00000000       0x31 contiki-z1.a(erbium.o)
 .comment       0x00000000       0x31 contiki-z1.a(contiki-z1-plat)
 .comment       0x00000000       0x31 contiki-z1.a(msp430.o)
 .comment       0x00000000       0x31 contiki-z1.a(leds.o)
 .comment       0x00000000       0x31 contiki-z1.a(watchdog.o)
 .comment       0x00000000       0x31 contiki-z1.a(xmem.o)
 .comment       0x00000000       0x31 contiki-z1.a(spi.o)
 .comment       0x00000000       0x31 contiki-z1.a(cc2420.o)
 .comment       0x00000000       0x31 contiki-z1.a(cc2420-arch.o)
 .comment       0x00000000       0x31 contiki-z1.a(node-id.o)
 .comment       0x00000000       0x31 contiki-z1.a(sensors.o)
 .comment       0x00000000       0x31 contiki-z1.a(button-sensor.o)
 .comment       0x00000000       0x31 contiki-z1.a(uart0.o)
 .comment       0x00000000       0x31 contiki-z1.a(uart0-putchar.o)
 .comment       0x00000000       0x31 contiki-z1.a(adxl345.o)
 .comment       0x00000000       0x31 contiki-z1.a(clock.o)
 .comment       0x00000000       0x31 contiki-z1.a(leds-arch.o)
 .comment       0x00000000       0x31 contiki-z1.a(rtimer-arch.o)
 .comment       0x00000000       0x31 contiki-z1.a(frame802154.o)
 .comment       0x00000000       0x31 contiki-z1.a(rpl.o)
 .comment       0x00000000       0x31 contiki-z1.a(rpl-dag.o)
 .comment       0x00000000       0x31 contiki-z1.a(rpl-icmp6.o)
 .comment       0x00000000       0x31 contiki-z1.a(rpl-timers.o)
 .comment       0x00000000       0x31 contiki-z1.a(rpl-mrhof.o)
 .comment       0x00000000       0x31 contiki-z1.a(rpl-ext-header.)
 .comment       0x00000000       0x31 contiki-z1.a(memb.o)
 .comment       0x00000000       0x31 contiki-z1.a(timer.o)
 .comment       0x00000000       0x31 contiki-z1.a(list.o)
 .comment       0x00000000       0x31 contiki-z1.a(stimer.o)
 .comment       0x00000000       0x31 contiki-z1.a(nbr-table.o)
 .comment       0x00000000       0x31 contiki-z1.a(uip-icmp6.o)
 .comment       0x00000000       0x31 contiki-z1.a(uip-udp-packet.)
 .comment       0x00000000       0x31 contiki-z1.a(i2cmaster.o)
 .comment       0x00000000       0x31 /usr/local/msp430/bin/../lib/gcc/msp430/4.7.0/../../../../msp430/lib/mcpu-430x/mmpy-16/libc.a(printf.o)
 .comment       0x00000000       0x31 /usr/local/msp430/bin/../lib/gcc/msp430/4.7.0/../../../../msp430/lib/mcpu-430x/mmpy-16/libc.a(sprintf.o)
 .comment       0x00000000       0x31 /usr/local/msp430/bin/../lib/gcc/msp430/4.7.0/../../../../msp430/lib/mcpu-430x/mmpy-16/libc.a(vuprintf.o)
 .comment       0x00000000       0x31 /usr/local/msp430/bin/../lib/gcc/msp430/4.7.0/../../../../msp430/lib/mcpu-430x/mmpy-16/libc.a(puts.o)
 .comment       0x00000000       0x31 /usr/local/msp430/bin/../lib/gcc/msp430/4.7.0/../../../../msp430/lib/mcpu-430x/mmpy-16/libc.a(rand.o)
 .comment       0x00000000       0x31 /usr/local/msp430/bin/../lib/gcc/msp430/4.7.0/../../../../msp430/lib/mcpu-430x/mmpy-16/libc.a(strchr.o)
 .comment       0x00000000       0x31 /usr/local/msp430/bin/../lib/gcc/msp430/4.7.0/../../../../msp430/lib/mcpu-430x/mmpy-16/libc.a(memchr.o)
 .comment       0x00000000       0x31 /usr/local/msp430/bin/../lib/gcc/msp430/4.7.0/../../../../msp430/lib/mcpu-430x/mmpy-16/libc.a(strcmp.o)
 .comment       0x00000000       0x31 /usr/local/msp430/bin/../lib/gcc/msp430/4.7.0/../../../../msp430/lib/mcpu-430x/mmpy-16/libc.a(strncmp.o)
 .comment       0x00000000       0x31 /usr/local/msp430/bin/../lib/gcc/msp430/4.7.0/../../../../msp430/lib/mcpu-430x/mmpy-16/libc.a(memcmp.o)
 .comment       0x00000000       0x31 /usr/local/msp430/bin/../lib/gcc/msp430/4.7.0/../../../../msp430/lib/mcpu-430x/mmpy-16/libc.a(memcpy.o)
 .comment       0x00000000       0x31 /usr/local/msp430/bin/../lib/gcc/msp430/4.7.0/../../../../msp430/lib/mcpu-430x/mmpy-16/libc.a(memmove.o)
 .comment       0x00000000       0x31 /usr/local/msp430/bin/../lib/gcc/msp430/4.7.0/../../../../msp430/lib/mcpu-430x/mmpy-16/libc.a(memset.o)
 .comment       0x00000000       0x31 /usr/local/msp430/bin/../lib/gcc/msp430/4.7.0/../../../../msp430/lib/mcpu-430x/mmpy-16/libc.a(strstr.o)

.debug
 *(.debug)

.line
 *(.line)

.debug_srcinfo
 *(.debug_srcinfo)

.debug_sfnames
 *(.debug_sfnames)

.debug_aranges  0x00000000      0x388
 *(.debug_aranges)
 .debug_aranges
                0x00000000       0x20 /usr/local/msp430/bin/../lib/gcc/msp430/4.7.0/mcpu-430x/mmpy-16/crt0ivtbl32.o
 .debug_aranges
                0x00000020       0x20 /usr/local/msp430/bin/../lib/gcc/msp430/4.7.0/mcpu-430x/mmpy-16/libgcc.a(_mulsi3.o)
 .debug_aranges
                0x00000040       0x20 /usr/local/msp430/bin/../lib/gcc/msp430/4.7.0/mcpu-430x/mmpy-16/libgcc.a(_udivmod16.o)
 .debug_aranges
                0x00000060       0x20 /usr/local/msp430/bin/../lib/gcc/msp430/4.7.0/mcpu-430x/mmpy-16/libgcc.a(_divmod16.o)
 .debug_aranges
                0x00000080       0x20 /usr/local/msp430/bin/../lib/gcc/msp430/4.7.0/mcpu-430x/mmpy-16/libgcc.a(_udivmod32.o)
 .debug_aranges
                0x000000a0       0x28 /usr/local/msp430/bin/../lib/gcc/msp430/4.7.0/../../../../msp430/lib/mcpu-430x/mmpy-16/libc.a(printf.o)
 .debug_aranges
                0x000000c8       0x48 /usr/local/msp430/bin/../lib/gcc/msp430/4.7.0/../../../../msp430/lib/mcpu-430x/mmpy-16/libc.a(sprintf.o)
 .debug_aranges
                0x00000110       0x28 /usr/local/msp430/bin/../lib/gcc/msp430/4.7.0/../../../../msp430/lib/mcpu-430x/mmpy-16/libc.a(vuprintf.o)
 .debug_aranges
                0x00000138       0x20 /usr/local/msp430/bin/../lib/gcc/msp430/4.7.0/../../../../msp430/lib/mcpu-430x/mmpy-16/libc.a(puts.o)
 .debug_aranges
                0x00000158       0x30 /usr/local/msp430/bin/../lib/gcc/msp430/4.7.0/../../../../msp430/lib/mcpu-430x/mmpy-16/libc.a(rand.o)
 .debug_aranges