Archive member included because of file (symbol)

contiki-z1.a(rimeaddr.o)      obj_z1/contiki-z1-main.o (rimeaddr_copy)
contiki-z1.a(nullmac.o)       border-router.co (nullmac_driver)
contiki-z1.a(nullrdc.o)       obj_z1/contiki-z1-main.o (nullrdc_driver)
contiki-z1.a(mac.o)           contiki-z1.a(nullrdc.o) (mac_call_sent_callback)
contiki-z1.a(framer-802154.o)
                              contiki-z1.a(nullrdc.o) (framer_802154)
contiki-z1.a(rpl-dag.o)       border-router.co (rpl_set_prefix)
contiki-z1.a(rpl-icmp6.o)     contiki-z1.a(rpl-dag.o) (dao_output)
contiki-z1.a(rpl-timers.o)    contiki-z1.a(rpl-dag.o) (rpl_reset_dio_timer)
contiki-z1.a(rpl-mrhof.o)     contiki-z1.a(rpl-dag.o) (rpl_mrhof)
contiki-z1.a(process.o)       border-router.co (process_current)
contiki-z1.a(autostart.o)     obj_z1/contiki-z1-main.o (autostart_start)
contiki-z1.a(memb.o)          obj_z1/httpd-simple.o (memb_init)
contiki-z1.a(timer.o)         obj_z1/httpd-simple.o (timer_set)
contiki-z1.a(list.o)          contiki-z1.a(rpl-dag.o) (list_remove)
contiki-z1.a(etimer.o)        obj_z1/contiki-z1-main.o (etimer_process)
contiki-z1.a(ctimer.o)        obj_z1/contiki-z1-main.o (ctimer_init)
contiki-z1.a(energest.o)      obj_z1/contiki-z1-main.o (energest_init)
contiki-z1.a(rtimer.o)        obj_z1/contiki-z1-main.o (rtimer_init)
contiki-z1.a(stimer.o)        contiki-z1.a(rpl-icmp6.o) (stimer_set)
contiki-z1.a(random.o)        contiki-z1.a(framer-802154.o) (random_rand)
contiki-z1.a(nbr-table.o)     contiki-z1.a(rpl-dag.o) (nbr_table_register)
contiki-z1.a(packetbuf.o)     contiki-z1.a(framer-802154.o) (packetbuf_hdrreduce)
contiki-z1.a(psock.o)         border-router.co (psock_send)
contiki-z1.a(queuebuf.o)      obj_z1/contiki-z1-main.o (queuebuf_init)
contiki-z1.a(sicslowpan.o)    obj_z1/contiki-z1-main.o (sicslowpan_driver)
contiki-z1.a(tcpip.o)         contiki-z1.a(sicslowpan.o) (tcpip_set_outputfunc)
contiki-z1.a(uip-debug.o)     border-router.co (uip_debug_ipaddr_print)
contiki-z1.a(uip-ds6-route.o)
                              border-router.co (uip_ds6_route_nexthop)
contiki-z1.a(uip-ds6-nbr.o)   border-router.co (ds6_neighbors)
contiki-z1.a(uip-ds6.o)       contiki-z1.a(tcpip.o) (uip_ds6_is_addr_onlink)
contiki-z1.a(uip-icmp6.o)     contiki-z1.a(rpl-icmp6.o) (uip_icmp6_send)
contiki-z1.a(uip-nd6.o)       contiki-z1.a(tcpip.o) (uip_nd6_ns_output)
contiki-z1.a(uip6.o)          border-router.co (uip_aligned_buf)
contiki-z1.a(contiki-z1-plat)
                              obj_z1/contiki-z1-main.o (init_platform)
contiki-z1.a(msp430.o)        obj_z1/contiki-z1-main.o (msp430_cpu_init)
contiki-z1.a(leds.o)          obj_z1/contiki-z1-main.o (leds_init)
contiki-z1.a(watchdog.o)      obj_z1/contiki-z1-main.o (watchdog_start)
contiki-z1.a(xmem.o)          obj_z1/contiki-z1-main.o (xmem_init)
contiki-z1.a(spi.o)           contiki-z1.a(xmem.o) (spi_init)
contiki-z1.a(cc2420.o)        obj_z1/contiki-z1-main.o (cc2420_set_channel)
contiki-z1.a(cc2420-arch.o)   contiki-z1.a(cc2420.o) (cc2420_arch_init)
contiki-z1.a(node-id.o)       obj_z1/contiki-z1-main.o (node_id_restore)
contiki-z1.a(sensors.o)       border-router.co (sensors_event)
contiki-z1.a(button-sensor.o)
                              border-router.co (button_sensor)
contiki-z1.a(uart0.o)         obj_z1/contiki-z1-main.o (uart0_active)
contiki-z1.a(slip.o)          obj_z1/slip-bridge.o (slip_process)
contiki-z1.a(slip_uart0.o)    obj_z1/slip-bridge.o (slip_arch_writeb)
contiki-z1.a(adxl345.o)       obj_z1/contiki-z1-main.o (accm_init)
contiki-z1.a(clock.o)         contiki-z1.a(timer.o) (clock_time)
contiki-z1.a(leds-arch.o)     contiki-z1.a(leds.o) (leds_arch_init)
contiki-z1.a(rtimer-arch.o)   contiki-z1.a(rtimer.o) (rtimer_arch_init)
contiki-z1.a(frame802154.o)   contiki-z1.a(framer-802154.o) (frame802154_hdrlen)
contiki-z1.a(rpl.o)           contiki-z1.a(rpl-timers.o) (rpl_purge_routes)
contiki-z1.a(rpl-ext-header.)
                              contiki-z1.a(uip6.o) (rpl_verify_header)
contiki-z1.a(i2cmaster.o)     contiki-z1.a(adxl345.o) (i2c_receiveinit)
/usr/local/msp430/bin/../lib/gcc/msp430/4.7.0/mcpu-430x/mmpy-16/libgcc.a(_mulsi3.o)
                              contiki-z1.a(rpl-timers.o) (__mulsi3)
/usr/local/msp430/bin/../lib/gcc/msp430/4.7.0/mcpu-430x/mmpy-16/libgcc.a(_udivmod16.o)
                              contiki-z1.a(rpl-dag.o) (__udivhi3)
/usr/local/msp430/bin/../lib/gcc/msp430/4.7.0/mcpu-430x/mmpy-16/libgcc.a(_divmod16.o)
                              contiki-z1.a(nbr-table.o) (__divhi3)
/usr/local/msp430/bin/../lib/gcc/msp430/4.7.0/mcpu-430x/mmpy-16/libgcc.a(_udivmod32.o)
                              obj_z1/contiki-z1-main.o (__udivsi3)
/usr/local/msp430/bin/../lib/gcc/msp430/4.7.0/../../../../msp430/lib/mcpu-430x/mmpy-16/libc.a(printf.o)
                              obj_z1/slip-bridge.o (printf)
/usr/local/msp430/bin/../lib/gcc/msp430/4.7.0/../../../../msp430/lib/mcpu-430x/mmpy-16/libc.a(sprintf.o)
                              border-router.co (snprintf)
[...]
Memory Configuration

Name             Origin             Length             Attributes
sfr              0x00000000         0x00000010
peripheral_8bit  0x00000010         0x000000f0
peripheral_16bit 0x00000100         0x00000100
ram_mirror       0x00000200         0x00000800         xw
infomem          0x00001000         0x00000100
infod            0x00001000         0x00000040
infoc            0x00001040         0x00000040
infob            0x00001080         0x00000040
infoa            0x000010c0         0x00000040
ram              0x00001100         0x00002000         xw
rom              0x00003100         0x0000cebe         xr
vectors          0x0000ffc0         0x00000040
far_rom          0x00010000         0x0000a000
bsl              0x00000000         0x00000000
ram2             0x00000000         0x00000000         xw
usbram           0x00000000         0x00000000         xw
*default*        0x00000000         0xffffffff

Linker script and memory map

LOAD /usr/local/msp430/bin/../lib/gcc/msp430/4.7.0/mcpu-430x/mmpy-16/crt0ivtbl32.o
                0x00000041                __P1SEL2 = 0x41
                0x00000045                __P5SEL2 = 0x45
LOAD border-router.co
LOAD obj_z1/slip-bridge.o
LOAD obj_z1/httpd-simple.o
LOAD obj_z1/contiki-z1-main.o
LOAD contiki-z1.a
LOAD /usr/local/msp430/bin/../lib/gcc/msp430/4.7.0/mcpu-430x/mmpy-16/libgcc.a
LOAD /usr/local/msp430/bin/../lib/gcc/msp430/4.7.0/../../../../msp430/lib/mcpu-430x/mmpy-16/libc.a
LOAD /usr/local/msp430/bin/../lib/gcc/msp430/4.7.0/mcpu-430x/mmpy-16/libgcc.a
LOAD /usr/local/msp430/bin/../lib/gcc/msp430/4.7.0/mcpu-430x/mmpy-16/libcrt0.a
                0x00000040                PROVIDE (__info_segment_size, 0x40)
                0x00001000                PROVIDE (__infod, 0x1000)
                0x00001040                PROVIDE (__infoc, 0x1040)
                0x00001080                PROVIDE (__infob, 0x1080)
                0x000010c0                PROVIDE (__infoa, 0x10c0)
                0x00000000                __IE1 = 0x0
                0x00000002                __IFG1 = 0x2
                0x00000001                __IE2 = 0x1
                0x00000003                __IFG2 = 0x3
                0x00000006                __UC1IE = 0x6
                0x00000007                __UC1IFG = 0x7
                0x000001a0                __ADC12CTL0 = 0x1a0
                0x000001a2                __ADC12CTL1 = 0x1a2
                0x000001a4                __ADC12IFG = 0x1a4
                0x000001a6                __ADC12IE = 0x1a6
                0x000001a8                __ADC12IV = 0x1a8
                0x00000140                __ADC12MEM0 = 0x140
                0x00000142                __ADC12MEM1 = 0x142
                0x00000144                __ADC12MEM2 = 0x144
                0x00000146                __ADC12MEM3 = 0x146
                0x00000148                __ADC12MEM4 = 0x148
                0x0000014a                __ADC12MEM5 = 0x14a
                0x0000014c                __ADC12MEM6 = 0x14c
                0x0000014e                __ADC12MEM7 = 0x14e
                0x00000150                __ADC12MEM8 = 0x150
                0x00000152                __ADC12MEM9 = 0x152
                0x00000154                __ADC12MEM10 = 0x154
                0x00000156                __ADC12MEM11 = 0x156
                0x00000158                __ADC12MEM12 = 0x158
                0x0000015a                __ADC12MEM13 = 0x15a
                0x0000015c                __ADC12MEM14 = 0x15c
                0x0000015e                __ADC12MEM15 = 0x15e
                0x00000080                __ADC12MCTL0 = 0x80
                0x00000081                __ADC12MCTL1 = 0x81
                0x00000082                __ADC12MCTL2 = 0x82
                0x00000083                __ADC12MCTL3 = 0x83
                0x00000084                __ADC12MCTL4 = 0x84
                0x00000085                __ADC12MCTL5 = 0x85
                0x00000086                __ADC12MCTL6 = 0x86
                0x00000087                __ADC12MCTL7 = 0x87
                0x00000088                __ADC12MCTL8 = 0x88
                0x00000089                __ADC12MCTL9 = 0x89
                0x0000008a                __ADC12MCTL10 = 0x8a
                0x0000008b                __ADC12MCTL11 = 0x8b
                0x0000008c                __ADC12MCTL12 = 0x8c
                0x0000008d                __ADC12MCTL13 = 0x8d
                0x0000008e                __ADC12MCTL14 = 0x8e
                0x0000008f                __ADC12MCTL15 = 0x8f
                0x00000056                __DCOCTL = 0x56
                0x00000057                __BCSCTL1 = 0x57
                0x00000058                __BCSCTL2 = 0x58
                0x00000053                __BCSCTL3 = 0x53
                0x00000059                __CACTL1 = 0x59
                0x0000005a                __CACTL2 = 0x5a
                0x0000005b                __CAPD = 0x5b
                0x000001c0                __DAC12_0CTL = 0x1c0
                0x000001c2                __DAC12_1CTL = 0x1c2
                0x000001c8                __DAC12_0DAT = 0x1c8
                0x000001ca                __DAC12_1DAT = 0x1ca
                0x00000122                __DMACTL0 = 0x122
                0x00000124                __DMACTL1 = 0x124
                0x00000126                __DMAIV = 0x126
                0x000001d0                __DMA0CTL = 0x1d0
                0x000001dc                __DMA1CTL = 0x1dc
                0x000001e8                __DMA2CTL = 0x1e8
                0x000001d2                __DMA0SA = 0x1d2
                0x000001d2                __DMA0SAL = 0x1d2
                0x000001d6                __DMA0DA = 0x1d6
                0x000001d6                __DMA0DAL = 0x1d6
                0x000001da                __DMA0SZ = 0x1da
                0x000001de                __DMA1SA = 0x1de
                0x000001de                __DMA1SAL = 0x1de
                0x000001e2                __DMA1DA = 0x1e2
                0x000001e2                __DMA1DAL = 0x1e2
                0x000001e6                __DMA1SZ = 0x1e6
                0x000001ea                __DMA2SA = 0x1ea
                0x000001ea                __DMA2SAL = 0x1ea
                0x000001ee                __DMA2DA = 0x1ee
                0x000001ee                __DMA2DAL = 0x1ee
                0x000001f2                __DMA2SZ = 0x1f2
                0x00000128                __FCTL1 = 0x128
                0x0000012a                __FCTL2 = 0x12a
                0x0000012c                __FCTL3 = 0x12c
                0x000001be                __FCTL4 = 0x1be
                0x00000130                __MPY = 0x130
                0x00000132                __MPYS = 0x132
                0x00000134                __MAC = 0x134
                0x00000136                __MACS = 0x136
                0x00000138                __OP2 = 0x138
                0x0000013a                __RESLO = 0x13a
                0x0000013c                __RESHI = 0x13c
                0x0000013e                __SUMEXT = 0x13e
                0x00000020                __P1IN = 0x20
                0x00000021                __P1OUT = 0x21
                0x00000022                __P1DIR = 0x22
                0x00000023                __P1IFG = 0x23
                0x00000024                __P1IES = 0x24
                0x00000025                __P1IE = 0x25
                0x00000026                __P1SEL = 0x26
                0x00000027                __P1REN = 0x27
                0x00000028                __P2IN = 0x28
                0x00000029                __P2OUT = 0x29
                0x0000002a                __P2DIR = 0x2a
                0x0000002b                __P2IFG = 0x2b
                0x0000002c                __P2IES = 0x2c
                0x0000002d                __P2IE = 0x2d
                0x0000002e                __P2SEL = 0x2e
                0x0000002f                __P2REN = 0x2f
                0x00000018                __P3IN = 0x18
                0x00000019                __P3OUT = 0x19
                0x0000001a                __P3DIR = 0x1a
                0x0000001b                __P3SEL = 0x1b
                0x00000010                __P3REN = 0x10
                0x0000001c                __P4IN = 0x1c
                0x0000001d                __P4OUT = 0x1d
                0x0000001e                __P4DIR = 0x1e
                0x0000001f                __P4SEL = 0x1f
                0x00000011                __P4REN = 0x11
                0x00000030                __P5IN = 0x30
                0x00000031                __P5OUT = 0x31
                0x00000032                __P5DIR = 0x32
                0x00000033                __P5SEL = 0x33
                0x00000012                __P5REN = 0x12
                0x00000034                __P6IN = 0x34
                0x00000035                __P6OUT = 0x35
                0x00000036                __P6DIR = 0x36
                0x00000037                __P6SEL = 0x37
                0x00000013                __P6REN = 0x13
                0x00000038                __P7IN = 0x38
                0x0000003a                __P7OUT = 0x3a
                0x0000003c                __P7DIR = 0x3c
                0x0000003e                __P7SEL = 0x3e
                0x00000014                __P7REN = 0x14
                0x00000039                __P8IN = 0x39
                0x0000003b                __P8OUT = 0x3b
                0x0000003d                __P8DIR = 0x3d
                0x0000003f                __P8SEL = 0x3f
                0x00000015                __P8REN = 0x15
                0x00000038                __PAIN = 0x38
                0x0000003a                __PAOUT = 0x3a
                0x0000003c                __PADIR = 0x3c
                0x0000003e                __PASEL = 0x3e
                0x00000014                __PAREN = 0x14
                0x00000055                __SVSCTL = 0x55
                0x0000012e                __TAIV = 0x12e
                0x00000160                __TACTL = 0x160
                0x00000162                __TACCTL0 = 0x162
                0x00000164                __TACCTL1 = 0x164
                0x00000166                __TACCTL2 = 0x166
                0x00000170                __TAR = 0x170
                0x00000172                __TACCR0 = 0x172
                0x00000174                __TACCR1 = 0x174
                0x00000176                __TACCR2 = 0x176
                0x0000011e                __TBIV = 0x11e
                0x00000180                __TBCTL = 0x180
                0x00000182                __TBCCTL0 = 0x182
                0x00000184                __TBCCTL1 = 0x184
                0x00000186                __TBCCTL2 = 0x186
                0x00000188                __TBCCTL3 = 0x188
                0x0000018a                __TBCCTL4 = 0x18a
                0x0000018c                __TBCCTL5 = 0x18c
                0x0000018e                __TBCCTL6 = 0x18e
                0x00000190                __TBR = 0x190
                0x00000192                __TBCCR0 = 0x192
                0x00000194                __TBCCR1 = 0x194
                0x00000196                __TBCCR2 = 0x196
                0x00000198                __TBCCR3 = 0x198
                0x0000019a                __TBCCR4 = 0x19a
                0x0000019c                __TBCCR5 = 0x19c
                0x0000019e                __TBCCR6 = 0x19e
                0x00000060                __UCA0CTL0 = 0x60
                0x00000061                __UCA0CTL1 = 0x61
                0x00000062                __UCA0BR0 = 0x62
                0x00000063                __UCA0BR1 = 0x63
                0x00000064                __UCA0MCTL = 0x64
                0x00000065                __UCA0STAT = 0x65
                0x00000066                __UCA0RXBUF = 0x66
                0x00000067                __UCA0TXBUF = 0x67
                0x0000005d                __UCA0ABCTL = 0x5d
                0x0000005e                __UCA0IRTCTL = 0x5e
                0x0000005f                __UCA0IRRCTL = 0x5f
                0x00000068                __UCB0CTL0 = 0x68
                0x00000069                __UCB0CTL1 = 0x69
                0x0000006a                __UCB0BR0 = 0x6a
                0x0000006b                __UCB0BR1 = 0x6b
                0x0000006c                __UCB0I2CIE = 0x6c
                0x0000006d                __UCB0STAT = 0x6d
                0x0000006e                __UCB0RXBUF = 0x6e
                0x0000006f                __UCB0TXBUF = 0x6f
                0x00000118                __UCB0I2COA = 0x118
                0x0000011a                __UCB0I2CSA = 0x11a
                0x000000d0                __UCA1CTL0 = 0xd0
                0x000000d1                __UCA1CTL1 = 0xd1
                0x000000d2                __UCA1BR0 = 0xd2
                0x000000d3                __UCA1BR1 = 0xd3
                0x000000d4                __UCA1MCTL = 0xd4
                0x000000d5                __UCA1STAT = 0xd5
                0x000000d6                __UCA1RXBUF = 0xd6
                0x000000d7                __UCA1TXBUF = 0xd7
                0x000000cd                __UCA1ABCTL = 0xcd
                0x000000ce                __UCA1IRTCTL = 0xce
                0x000000cf                __UCA1IRRCTL = 0xcf
                0x000000d8                __UCB1CTL0 = 0xd8
                0x000000d9                __UCB1CTL1 = 0xd9
                0x000000da                __UCB1BR0 = 0xda
                0x000000db                __UCB1BR1 = 0xdb
                0x000000dc                __UCB1I2CIE = 0xdc
                0x000000dd                __UCB1STAT = 0xdd
                0x000000de                __UCB1RXBUF = 0xde
                0x000000df                __UCB1TXBUF = 0xdf
                0x0000017c                __UCB1I2COA = 0x17c
                0x0000017e                __UCB1I2CSA = 0x17e
                0x00000120                __WDTCTL = 0x120
                0x000010c0                __TLV_CHECKSUM = 0x10c0
                0x000010f6                __TLV_DCO_30_TAG = 0x10f6
                0x000010f7                __TLV_DCO_30_LEN = 0x10f7
                0x000010da                __TLV_ADC12_1_TAG = 0x10da
                0x000010db                __TLV_ADC12_1_LEN = 0x10db
                0x000010f8                __CALDCO_16MHZ = 0x10f8
                0x000010f9                __CALBC1_16MHZ = 0x10f9
                0x000010fa                __CALDCO_12MHZ = 0x10fa
                0x000010fb                __CALBC1_12MHZ = 0x10fb
                0x000010fc                __CALDCO_8MHZ = 0x10fc
                0x000010fd                __CALBC1_8MHZ = 0x10fd
                0x000010fe                __CALDCO_1MHZ = 0x10fe
                0x000010ff                __CALBC1_1MHZ = 0x10ff

.hash
 *(.hash)

.dynsym
 *(.dynsym)

.dynstr
 *(.dynstr)

.gnu.version
 *(.gnu.version)

.gnu.version_d
 *(.gnu.version_d)

.gnu.version_r
 *(.gnu.version_r)

.rel.init
 *(.rel.init)

.rela.init
 *(.rela.init)

.rel.fini
 *(.rel.fini)

.rela.fini
 *(.rela.fini)

.rel.text
 *(.rel.text .rel.text.* .rel.gnu.linkonce.t.*)

.rela.text
 *(.rela.text .rela.text.* .rela.gnu.linkonce.t.*)

.rel.rodata
 *(.rel.rodata .rel.rodata.* .rel.gnu.linkonce.r.*)

.rela.rodata
 *(.rela.rodata .rela.rodata.* .rela.gnu.linkonce.r.*)

.rel.data
 *(.rel.data .rel.data.* .rel.gnu.linkonce.d.*)

.rela.data
 *(.rela.data .rela.data.* .rela.gnu.linkonce.d.*)

.rel.bss
 *(.rel.bss .rel.bss.* .rel.gnu.linkonce.b.*)

.rela.bss
 *(.rela.bss .rela.bss.* .rela.gnu.linkonce.b.*)

.rel.ctors
 *(.rel.ctors)

.rela.ctors
 *(.rela.ctors)

.rel.dtors
 *(.rel.dtors)

.rela.dtors
 *(.rela.dtors)

.rel.got
 *(.rel.got)

.rela.got
 *(.rela.got)

.rel.plt
 *(.rel.plt)

.rela.plt
 *(.rela.plt)

.text           0x00003100     0xa29c
                0x00003100                . = ALIGN (0x2)
 *(.init .init.*)
 *(.init0)
 .init0         0x00003100        0x0 /usr/local/msp430/bin/../lib/gcc/msp430/4.7.0/mcpu-430x/mmpy-16/libcrt0.a(_reset_vector__.o)
                0x00003100                _reset_vector__
 *(.init1)
 .init1         0x00003100        0xc /usr/local/msp430/bin/../lib/gcc/msp430/4.7.0/mcpu-430x/mmpy-16/libcrt0.a(__watchdog_support.o)
                0x00003100                __watchdog_support
 *(.init2)
 .init2         0x0000310c        0x4 /usr/local/msp430/bin/../lib/gcc/msp430/4.7.0/mcpu-430x/mmpy-16/libcrt0.a(__init_stack.o)
                0x0000310c                __init_stack
 *(.init3)
 .init3         0x00003110        0x0 /usr/local/msp430/bin/../lib/gcc/msp430/4.7.0/mcpu-430x/mmpy-16/libcrt0.a(__low_level_init.o)
                0x00003110                __low_level_init
 *(.init4)
 .init4         0x00003110       0x18 /usr/local/msp430/bin/../lib/gcc/msp430/4.7.0/mcpu-430x/mmpy-16/libcrt0.a(_copy_data.o)
                0x00003110                __do_copy_data
 .init4         0x00003128       0x16 /usr/local/msp430/bin/../lib/gcc/msp430/4.7.0/mcpu-430x/mmpy-16/libcrt0.a(_clear_bss.o)
                0x00003128                __do_clear_bss
 *(.init5)
 *(.init6)
 *(.init7)
 *(.init8)
 *(.init9)
 .init9         0x0000313e      0x364 obj_z1/contiki-z1-main.o
                0x0000313e                main
 *(.fini9)
 .fini9         0x000034a2        0x0 /usr/local/msp430/bin/../lib/gcc/msp430/4.7.0/mcpu-430x/mmpy-16/libcrt0.a(__stop_progExec__.o)
                0x000034a2                __stop_progExec__
 *(.fini8)
 *(.fini7)
 *(.fini6)
 *(.fini5)
 *(.fini4)
 *(.fini3)
 *(.fini2)
 *(.fini1)
 *(.fini0)
 .fini0         0x000034a2        0x6 /usr/local/msp430/bin/../lib/gcc/msp430/4.7.0/mcpu-430x/mmpy-16/libcrt0.a(_endless_loop__.o)
                0x000034a2                _endless_loop__
 *(.fini .fini.*)
                0x000034a8                . = ALIGN (0x2)
                0x000034a8                __ctors_start = .
 *(.ctors)
                0x000034a8                __ctors_end = .
                0x000034a8                __dtors_start = .
 *(.dtors)
                0x000034a8                __dtors_end = .
                0x000034a8                . = ALIGN (0x2)
 *(.text .text.* .gnu.linkonce.t.*)
 .text          0x000034a8        0x4 /usr/local/msp430/bin/../lib/gcc/msp430/4.7.0/mcpu-430x/mmpy-16/crt0ivtbl32.o
                0x000034a8                __isr_14
                0x000034a8                __isr_4
                0x000034a8                __isr_29
                0x000034a8                __isr_11
                0x000034a8                __isr_5
                0x000034a8                __isr_2
                0x000034a8                __isr_10
                0x000034a8                __isr_7
                0x000034a8                __isr_0
                0x000034a8                __isr_28
                0x000034a8                __isr_8
                0x000034a8                __isr_20
                0x000034a8                __isr_3
                0x000034a8                __isr_12
                0x000034a8                __isr_13
                0x000034a8                __isr_27
                0x000034a8                __isr_9
                0x000034a8                __isr_30
                0x000034a8                __isr_6
                0x000034a8                __isr_22
                0x000034a8                __isr_1
                0x000034a8                __isr_15
                0x000034a8                __isr_21
 .text.process_thread_webserver_nogui_process
                0x000034ac       0x40 border-router.co
 .text.ipaddr_add
                0x000034ec       0xb6 border-router.co
 .text.generate_routes
                0x000035a2      0x288 border-router.co
 .text.httpd_simple_get_script
                0x0000382a        0x6 border-router.co
                0x0000382a                httpd_simple_get_script
 .text.request_prefix
                0x00003830       0x1e border-router.co
                0x00003830                request_prefix
 .text.process_thread_border_router_process
                0x0000384e      0x128 border-router.co
 .text.set_prefix_64
                0x00003976       0x44 border-router.co
                0x00003976                set_prefix_64
 .text.init     0x000039ba       0x1e obj_z1/slip-bridge.o
 .text.slip_input_callback
                0x000039d8       0xd0 obj_z1/slip-bridge.o
 .text.output   0x00003aa8       0x48 obj_z1/slip-bridge.o
 .text.putchar  0x00003af0       0x3c obj_z1/slip-bridge.o
                0x00003af0                putchar
 .text.handle_input
                0x00003b2c       0xee obj_z1/httpd-simple.o
 .text.send_headers
                0x00003c1a       0x6a obj_z1/httpd-simple.o
 .text.handle_output
                0x00003c84       0xf4 obj_z1/httpd-simple.o
 .text.httpd_appcall
                0x00003d78       0xcc obj_z1/httpd-simple.o
                0x00003d78                httpd_appcall
 .text.httpd_init
                0x00003e44       0x12 obj_z1/httpd-simple.o
                0x00003e44                httpd_init
 .text.rimeaddr_copy
                0x00003e56        0x8 contiki-z1.a(rimeaddr.o)
                0x00003e56                rimeaddr_copy
 .text.rimeaddr_cmp
                0x00003e5e       0x12 contiki-z1.a(rimeaddr.o)
                0x00003e5e                rimeaddr_cmp
 .text.rimeaddr_set_node_addr
                0x00003e70        0xc contiki-z1.a(rimeaddr.o)
                0x00003e70                rimeaddr_set_node_addr
 .text.send_packet
                0x00003e7c        0x6 contiki-z1.a(nullmac.o)
 .text.packet_input
                0x00003e82        0x6 contiki-z1.a(nullmac.o)
 .text.on       0x00003e88        0x6 contiki-z1.a(nullmac.o)
 .text.off      0x00003e8e        0x6 contiki-z1.a(nullmac.o)
 .text.channel_check_interval
                0x00003e94        0x4 contiki-z1.a(nullmac.o)
 .text.init     0x00003e98        0x2 contiki-z1.a(nullmac.o)
 .text.on       0x00003e9a        0x6 contiki-z1.a(nullrdc.o)
 .text.channel_check_interval
                0x00003ea0        0x4 contiki-z1.a(nullrdc.o)
 .text.init     0x00003ea4        0x6 contiki-z1.a(nullrdc.o)
 .text.off      0x00003eaa       0x10 contiki-z1.a(nullrdc.o)
 .text.packet_input
                0x00003eba       0x38 contiki-z1.a(nullrdc.o)
 .text.send_one_packet
                0x00003ef2       0x62 contiki-z1.a(nullrdc.o)
 .text.send_list
                0x00003f54       0x28 contiki-z1.a(nullrdc.o)
 .text.send_packet
                0x00003f7c        0x6 contiki-z1.a(nullrdc.o)
 .text.mac_call_sent_callback
                0x00003f82       0x14 contiki-z1.a(mac.o)
                0x00003f82                mac_call_sent_callback
 .text.create   0x00003f96      0x10a contiki-z1.a(framer-802154.o)
 .text.parse    0x000040a0       0xac contiki-z1.a(framer-802154.o)
 .text.lollipop_greater_than
                0x0000414c       0x3c contiki-z1.a(rpl-dag.o)
 .text.find_parent_any_dag_any_instance
                0x00004188       0x14 contiki-z1.a(rpl-dag.o)
 .text.rpl_set_preferred_parent
                0x0000419c       0x2c contiki-z1.a(rpl-dag.o)
 .text.set_ip_from_prefix
                0x000041c8       0x30 contiki-z1.a(rpl-dag.o)
 .text.check_prefix
                0x000041f8       0x70 contiki-z1.a(rpl-dag.o)
 .text.rpl_dag_init
                0x00004268        0xe contiki-z1.a(rpl-dag.o)
                0x00004268                rpl_dag_init
 .text.rpl_get_parent_ipaddr
                0x00004276       0x10 contiki-z1.a(rpl-dag.o)
                0x00004276                rpl_get_parent_ipaddr
 .text.rpl_set_prefix
                0x00004286       0x74 contiki-z1.a(rpl-dag.o)
                0x00004286                rpl_set_prefix
 .text.rpl_set_default_route
                0x000042fa       0x60 contiki-z1.a(rpl-dag.o)
                0x000042fa                rpl_set_default_route
 .text.rpl_alloc_instance
                0x0000435a       0x2c contiki-z1.a(rpl-dag.o)
                0x0000435a                rpl_alloc_instance
 .text.rpl_add_parent
                0x00004386       0x38 contiki-z1.a(rpl-dag.o)
                0x00004386                rpl_add_parent
 .text.rpl_find_parent
                0x000043be       0x1c contiki-z1.a(rpl-dag.o)
                0x000043be                rpl_find_parent
 .text.rpl_find_parent_any_dag
                0x000043da       0x24 contiki-z1.a(rpl-dag.o)
                0x000043da                rpl_find_parent_any_dag
 .text.rpl_select_parent
                0x000043fe       0x54 contiki-z1.a(rpl-dag.o)
                0x000043fe                rpl_select_parent
 .text.rpl_select_dag
                0x00004452      0x196 contiki-z1.a(rpl-dag.o)
                0x00004452                rpl_select_dag
 .text.rpl_nullify_parent
                0x000045e8       0x4a contiki-z1.a(rpl-dag.o)
                0x000045e8                rpl_nullify_parent
 .text.rpl_remove_parent
                0x00004632       0x16 contiki-z1.a(rpl-dag.o)
                0x00004632                rpl_remove_parent
 .text.remove_parents.constprop.5
                0x00004648       0x2e contiki-z1.a(rpl-dag.o)
 .text.rpl_free_dag
                0x00004676       0x34 contiki-z1.a(rpl-dag.o)
                0x00004676                rpl_free_dag
 .text.rpl_free_instance
                0x000046aa       0x54 contiki-z1.a(rpl-dag.o)
                0x000046aa                rpl_free_instance
 .text.rpl_move_parent
                0x000046fe       0x66 contiki-z1.a(rpl-dag.o)
                0x000046fe                rpl_move_parent
 .text.rpl_get_any_dag
                0x00004764       0x16 contiki-z1.a(rpl-dag.o)
                0x00004764                rpl_get_any_dag
 .text.rpl_get_instance
                0x0000477a       0x16 contiki-z1.a(rpl-dag.o)
                0x0000477a                rpl_get_instance
 .text.get_dag  0x00004790       0x50 contiki-z1.a(rpl-dag.o)
 .text.rpl_alloc_dag
                0x000047e0       0x62 contiki-z1.a(rpl-dag.o)
                0x000047e0                rpl_alloc_dag
 .text.rpl_set_root
                0x00004842       0xdc contiki-z1.a(rpl-dag.o)
                0x00004842                rpl_set_root
 .text.rpl_repair_root
                0x0000491e       0x4c contiki-z1.a(rpl-dag.o)
                0x0000491e                rpl_repair_root
 .text.rpl_find_of
                0x0000496a       0x10 contiki-z1.a(rpl-dag.o)
                0x0000496a                rpl_find_of
 .text.rpl_join_instance
                0x0000497a      0x128 contiki-z1.a(rpl-dag.o)
                0x0000497a                rpl_join_instance
 .text.rpl_local_repair
                0x00004aa2       0x64 contiki-z1.a(rpl-dag.o)
                0x00004aa2                rpl_local_repair
 .text.rpl_process_parent_event
                0x00004b06       0x6c contiki-z1.a(rpl-dag.o)
                0x00004b06                rpl_process_parent_event
 .text.rpl_recalculate_ranks
                0x00004b72       0x42 contiki-z1.a(rpl-dag.o)
                0x00004b72                rpl_recalculate_ranks
 .text.rpl_add_dag
                0x00004bb4      0x102 contiki-z1.a(rpl-dag.o)
                0x00004bb4                rpl_add_dag
 .text.rpl_process_dio
                0x00004cb6      0x25c contiki-z1.a(rpl-dag.o)
                0x00004cb6                rpl_process_dio
 .text.get32    0x00004f12       0x3e contiki-z1.a(rpl-icmp6.o)
 .text.set32    0x00004f50       0x2a contiki-z1.a(rpl-icmp6.o)
 .text.get16    0x00004f7a        0xe contiki-z1.a(rpl-icmp6.o)
 .text.set16    0x00004f88       0x10 contiki-z1.a(rpl-icmp6.o)
 .text.dis_output
                0x00004f98       0x50 contiki-z1.a(rpl-icmp6.o)
                0x00004f98                dis_output
 .text.dio_output
                0x00004fe8      0x23e contiki-z1.a(rpl-icmp6.o)
                0x00004fe8                dio_output
 .text.dao_output_target
                0x00005226       0xc8 contiki-z1.a(rpl-icmp6.o)
                0x00005226                dao_output_target
 .text.dao_output
                0x000052ee       0x68 contiki-z1.a(rpl-icmp6.o)
                0x000052ee                dao_output
 .text.dao_ack_output
                0x00005356       0x32 contiki-z1.a(rpl-icmp6.o)
                0x00005356                dao_ack_output
 .text.uip_rpl_input
                0x00005388      0x4f6 contiki-z1.a(rpl-icmp6.o)
                0x00005388                uip_rpl_input
 .text.new_dio_interval
                0x0000587e       0x8a contiki-z1.a(rpl-timers.o)
 .text.handle_periodic_timer
                0x00005908       0x2e contiki-z1.a(rpl-timers.o)
 .text.handle_dao_timer
                0x00005936       0x50 contiki-z1.a(rpl-timers.o)
 .text.handle_dio_timer
                0x00005986       0x82 contiki-z1.a(rpl-timers.o)
 .text.rpl_reset_periodic_timer
                0x00005a08       0x54 contiki-z1.a(rpl-timers.o)
                0x00005a08                rpl_reset_periodic_timer
 .text.rpl_reset_dio_timer
                0x00005a5c       0x18 contiki-z1.a(rpl-timers.o)
                0x00005a5c                rpl_reset_dio_timer
 .text.rpl_schedule_dao
                0x00005a74       0x46 contiki-z1.a(rpl-timers.o)
                0x00005a74                rpl_schedule_dao
 .text.reset    0x00005aba        0x2 contiki-z1.a(rpl-mrhof.o)
 .text.neighbor_link_callback
                0x00005abc       0x70 contiki-z1.a(rpl-mrhof.o)
 .text.calculate_rank
                0x00005b2c       0x2c contiki-z1.a(rpl-mrhof.o)
 .text.update_metric_container
                0x00005b58        0x6 contiki-z1.a(rpl-mrhof.o)
 .text.best_dag
                0x00005b5e       0x2e contiki-z1.a(rpl-mrhof.o)
 .text.best_parent
                0x00005b8c       0x4e contiki-z1.a(rpl-mrhof.o)
 .text.call_process
                0x00005bda       0x42 contiki-z1.a(process.o)
 .text.exit_process
                0x00005c1c       0x8a contiki-z1.a(process.o)
 .text.do_poll  0x00005ca6       0x30 contiki-z1.a(process.o)
 .text.process_alloc_event
                0x00005cd6        0xe contiki-z1.a(process.o)
                0x00005cd6                process_alloc_event
 .text.process_init
                0x00005ce4       0x1c contiki-z1.a(process.o)
                0x00005ce4                process_init
 .text.process_run
                0x00005d00       0xa4 contiki-z1.a(process.o)
                0x00005d00                process_run
 .text.process_nevents
                0x00005da4        0xe contiki-z1.a(process.o)
                0x00005da4                process_nevents
 .text.process_post
                0x00005db2       0x50 contiki-z1.a(process.o)
                0x00005db2                process_post
 .text.process_post_synch
                0x00005e02       0x12 contiki-z1.a(process.o)
                0x00005e02                process_post_synch
 .text.process_start
                0x00005e14       0x36 contiki-z1.a(process.o)
                0x00005e14                process_start
 .text.process_poll
                0x00005e4a       0x18 contiki-z1.a(process.o)
                0x00005e4a                process_poll
 .text.autostart_start
                0x00005e62       0x16 contiki-z1.a(autostart.o)
                0x00005e62                autostart_start
 .text.memb_init
                0x00005e78       0x36 contiki-z1.a(memb.o)
                0x00005e78                memb_init
 .text.memb_alloc
                0x00005eae       0x3e contiki-z1.a(memb.o)
                0x00005eae                memb_alloc
 .text.memb_free
                0x00005eec       0x3a contiki-z1.a(memb.o)
                0x00005eec                memb_free
 .text.memb_inmemb
                0x00005f26       0x2a contiki-z1.a(memb.o)
                0x00005f26                memb_inmemb
 .text.timer_set
                0x00005f50       0x1c contiki-z1.a(timer.o)
                0x00005f50                timer_set
 .text.timer_reset
                0x00005f6c        0xe contiki-z1.a(timer.o)
                0x00005f6c                timer_reset
 .text.timer_restart
                0x00005f7a       0x14 contiki-z1.a(timer.o)
                0x00005f7a                timer_restart
 .text.timer_expired
                0x00005f8e       0x2a contiki-z1.a(timer.o)
                0x00005f8e                timer_expired
 .text.list_init
                0x00005fb8        0x6 contiki-z1.a(list.o)
                0x00005fb8                list_init
 .text.list_head
                0x00005fbe        0x4 contiki-z1.a(list.o)
                0x00005fbe                list_head
 .text.list_tail
                0x00005fc2       0x12 contiki-z1.a(list.o)
                0x00005fc2                list_tail
 .text.list_remove
                0x00005fd4       0x34 contiki-z1.a(list.o)
                0x00005fd4                list_remove
 .text.list_push
                0x00006008       0x16 contiki-z1.a(list.o)
                0x00006008                list_push
 .text.list_add
                0x0000601e       0x26 contiki-z1.a(list.o)
                0x0000601e                list_add
 .text.list_length
                0x00006044       0x10 contiki-z1.a(list.o)
                0x00006044                list_length
 .text.list_item_next
                0x00006054        0xc contiki-z1.a(list.o)
                0x00006054                list_item_next
 .text.update_time
                0x00006060       0x70 contiki-z1.a(etimer.o)
 .text.etimer_request_poll
                0x000060d0        0xa contiki-z1.a(etimer.o)
                0x000060d0                etimer_request_poll
 .text.process_thread_etimer_process
                0x000060da       0xc4 contiki-z1.a(etimer.o)
 .text.add_timer
                0x0000619e       0x40 contiki-z1.a(etimer.o)
 .text.etimer_set
                0x000061de       0x12 contiki-z1.a(etimer.o)
                0x000061de                etimer_set
 .text.etimer_reset
                0x000061f0       0x12 contiki-z1.a(etimer.o)
                0x000061f0                etimer_reset
 .text.etimer_restart
                0x00006202       0x12 contiki-z1.a(etimer.o)
                0x00006202                etimer_restart
 .text.etimer_expired
                0x00006214        0xe contiki-z1.a(etimer.o)
                0x00006214                etimer_expired
 .text.etimer_expiration_time
                0x00006222       0x14 contiki-z1.a(etimer.o)
                0x00006222                etimer_expiration_time
 .text.etimer_pending
                0x00006236        0xc contiki-z1.a(etimer.o)
                0x00006236                etimer_pending
 .text.etimer_next_expiration_time
                0x00006242       0x16 contiki-z1.a(etimer.o)
                0x00006242                etimer_next_expiration_time
 .text.etimer_stop
                0x00006258       0x3e contiki-z1.a(etimer.o)
                0x00006258                etimer_stop
 .text.process_thread_ctimer_process
                0x00006296       0xa0 contiki-z1.a(ctimer.o)
 .text.ctimer_init
                0x00006336       0x18 contiki-z1.a(ctimer.o)
                0x00006336                ctimer_init
 .text.ctimer_set
                0x0000634e       0x52 contiki-z1.a(ctimer.o)
                0x0000634e                ctimer_set
 .text.ctimer_reset
                0x000063a0       0x36 contiki-z1.a(ctimer.o)
                0x000063a0                ctimer_reset
 .text.ctimer_stop
                0x000063d6       0x28 contiki-z1.a(ctimer.o)
                0x000063d6                ctimer_stop
 .text.energest_init
                0x000063fe       0x24 contiki-z1.a(energest.o)
                0x000063fe                energest_init
 .text.energest_type_time
                0x00006422       0x3c contiki-z1.a(energest.o)
                0x00006422                energest_type_time
 .text.energest_type_set
                0x0000645e        0xc contiki-z1.a(energest.o)
                0x0000645e                energest_type_set
 .text.energest_flush
                0x0000646a       0x38 contiki-z1.a(energest.o)
                0x0000646a                energest_flush
 .text.rtimer_init
                0x000064a2        0x6 contiki-z1.a(rtimer.o)
                0x000064a2                rtimer_init
 .text.rtimer_run_next
                0x000064a8       0x26 contiki-z1.a(rtimer.o)
                0x000064a8                rtimer_run_next
 .text.stimer_set
                0x000064ce       0x1c contiki-z1.a(stimer.o)
                0x000064ce                stimer_set
 .text.stimer_expired
                0x000064ea       0x30 contiki-z1.a(stimer.o)
                0x000064ea                stimer_expired
 .text.random_rand
                0x0000651a        0x6 contiki-z1.a(random.o)
                0x0000651a                random_rand
 .text.item_from_index
                0x00006520       0x2a contiki-z1.a(nbr-table.o)
 .text.index_from_key
                0x0000654a       0x26 contiki-z1.a(nbr-table.o)
 .text.index_from_item
                0x00006570       0x1e contiki-z1.a(nbr-table.o)
 .text.nbr_set_bit
                0x0000658e       0x50 contiki-z1.a(nbr-table.o)
 .text.index_from_lladdr
                0x000065de       0x3e contiki-z1.a(nbr-table.o)
 .text.nbr_get_bit.constprop.0
                0x0000661c       0x2c contiki-z1.a(nbr-table.o)
 .text.nbr_table_register
                0x00006648       0x26 contiki-z1.a(nbr-table.o)
                0x00006648                nbr_table_register
 .text.nbr_table_next
                0x0000666e       0x4c contiki-z1.a(nbr-table.o)
                0x0000666e                nbr_table_next
 .text.nbr_table_head
                0x000066ba       0x36 contiki-z1.a(nbr-table.o)
                0x000066ba                nbr_table_head
 .text.nbr_table_add_lladdr
                0x000066f0      0x110 contiki-z1.a(nbr-table.o)
                0x000066f0                nbr_table_add_lladdr
 .text.nbr_table_get_from_lladdr
                0x00006800       0x28 contiki-z1.a(nbr-table.o)
                0x00006800                nbr_table_get_from_lladdr
 .text.nbr_table_remove
                0x00006828       0x2a contiki-z1.a(nbr-table.o)
                0x00006828                nbr_table_remove
 .text.nbr_table_lock
                0x00006852       0x10 contiki-z1.a(nbr-table.o)
                0x00006852                nbr_table_lock
 .text.nbr_table_unlock
                0x00006862       0x10 contiki-z1.a(nbr-table.o)
                0x00006862                nbr_table_unlock
 .text.nbr_table_get_lladdr
                0x00006872       0x20 contiki-z1.a(nbr-table.o)
                0x00006872                nbr_table_get_lladdr
 .text.packetbuf_copyto_hdr
                0x00006892       0x1c contiki-z1.a(packetbuf.o)
                0x00006892                packetbuf_copyto_hdr
 .text.packetbuf_copyto
                0x000068ae       0x46 contiki-z1.a(packetbuf.o)
                0x000068ae                packetbuf_copyto
 .text.packetbuf_hdrreduce
                0x000068f4       0x1a contiki-z1.a(packetbuf.o)
                0x000068f4                packetbuf_hdrreduce
 .text.packetbuf_set_datalen
                0x0000690e        0x6 contiki-z1.a(packetbuf.o)
                0x0000690e                packetbuf_set_datalen
 .text.packetbuf_dataptr
                0x00006914        0xe contiki-z1.a(packetbuf.o)
                0x00006914                packetbuf_dataptr
 .text.packetbuf_hdrptr
                0x00006922        0xa contiki-z1.a(packetbuf.o)
                0x00006922                packetbuf_hdrptr
 .text.packetbuf_is_reference
                0x0000692c        0xe contiki-z1.a(packetbuf.o)
                0x0000692c                packetbuf_is_reference
 .text.packetbuf_reference_ptr
                0x0000693a        0x6 contiki-z1.a(packetbuf.o)
                0x0000693a                packetbuf_reference_ptr
 .text.packetbuf_datalen
                0x00006940        0x6 contiki-z1.a(packetbuf.o)
                0x00006940                packetbuf_datalen
 .text.packetbuf_totlen
                0x00006946       0x10 contiki-z1.a(packetbuf.o)
                0x00006946                packetbuf_totlen
 .text.packetbuf_hdralloc
                0x00006956       0x2a contiki-z1.a(packetbuf.o)
                0x00006956                packetbuf_hdralloc
 .text.packetbuf_attr_clear
                0x00006980       0x2c contiki-z1.a(packetbuf.o)
                0x00006980                packetbuf_attr_clear
 .text.packetbuf_clear
                0x000069ac       0x1a contiki-z1.a(packetbuf.o)
                0x000069ac                packetbuf_clear
 .text.packetbuf_copyfrom
                0x000069c6       0x2a contiki-z1.a(packetbuf.o)
                0x000069c6                packetbuf_copyfrom
 .text.packetbuf_attr_copyto
                0x000069f0       0x22 contiki-z1.a(packetbuf.o)
                0x000069f0                packetbuf_attr_copyto
 .text.packetbuf_attr_copyfrom
                0x00006a12       0x24 contiki-z1.a(packetbuf.o)
                0x00006a12                packetbuf_attr_copyfrom
 .text.psock_send
                0x00006a36       0xae contiki-z1.a(psock.o)
                0x00006a36                psock_send
 .text.psock_datalen
                0x00006ae4        0xc contiki-z1.a(psock.o)
                0x00006ae4                psock_datalen
 .text.psock_newdata
                0x00006af0       0x24 contiki-z1.a(psock.o)
                0x00006af0                psock_newdata
 .text.psock_readto
                0x00006b14       0xb4 contiki-z1.a(psock.o)
                0x00006b14                psock_readto
 .text.psock_init
                0x00006bc8       0x22 contiki-z1.a(psock.o)
                0x00006bc8                psock_init
 .text.queuebuf_init
                0x00006bea       0x1a contiki-z1.a(queuebuf.o)
                0x00006bea                queuebuf_init
 .text.queuebuf_new_from_packetbuf
                0x00006c04       0x7a contiki-z1.a(queuebuf.o)
                0x00006c04                queuebuf_new_from_packetbuf
 .text.queuebuf_free
                0x00006c7e       0x40 contiki-z1.a(queuebuf.o)
                0x00006c7e                queuebuf_free
 .text.queuebuf_to_packetbuf
                0x00006cbe       0x6a contiki-z1.a(queuebuf.o)
                0x00006cbe                queuebuf_to_packetbuf
 .text.set_packet_attrs
                0x00006d28       0x46 contiki-z1.a(sicslowpan.o)
 .text.addr_context_lookup_by_number
                0x00006d6e       0x30 contiki-z1.a(sicslowpan.o)
 .text.compress_addr_64
                0x00006d9e       0x9a contiki-z1.a(sicslowpan.o)
 .text.uncompress_addr
                0x00006e38       0x96 contiki-z1.a(sicslowpan.o)
 .text.input    0x00006ece      0x5b8 contiki-z1.a(sicslowpan.o)
 .text.sicslowpan_init
                0x00007486       0x26 contiki-z1.a(sicslowpan.o)
                0x00007486                sicslowpan_init
 .text.addr_context_lookup_by_prefix
                0x000074ac       0x4a contiki-z1.a(sicslowpan.o)
 .text.packet_sent
                0x000074f6       0x22 contiki-z1.a(sicslowpan.o)
 .text.send_packet
                0x00007518       0x1a contiki-z1.a(sicslowpan.o)
 .text.output   0x00007532      0x6a6 contiki-z1.a(sicslowpan.o)
 .text.start_periodic_tcp_timer
                0x00007bd8       0x16 contiki-z1.a(tcpip.o)
 .text.tcpip_output
                0x00007bee       0x10 contiki-z1.a(tcpip.o)
                0x00007bee                tcpip_output
 .text.tcpip_set_outputfunc
                0x00007bfe        0x6 contiki-z1.a(tcpip.o)
                0x00007bfe                tcpip_set_outputfunc
 .text.tcp_listen
                0x00007c04       0x3a contiki-z1.a(tcpip.o)
                0x00007c04                tcp_listen
 .text.tcp_attach
                0x00007c3e        0xc contiki-z1.a(tcpip.o)
                0x00007c3e                tcp_attach
 .text.tcpip_input
                0x00007c4a       0x16 contiki-z1.a(tcpip.o)
                0x00007c4a                tcpip_input
 .text.tcpip_ipv6_output
                0x00007c60      0x164 contiki-z1.a(tcpip.o)
                0x00007c60                tcpip_ipv6_output
 .text.process_thread_tcpip_process
                0x00007dc4      0x1be contiki-z1.a(tcpip.o)
 .text.tcpip_uipcall
                0x00007f82       0x70 contiki-z1.a(tcpip.o)
                0x00007f82                tcpip_uipcall
 .text.uip_debug_ipaddr_print
                0x00007ff2       0x72 contiki-z1.a(uip-debug.o)
                0x00007ff2                uip_debug_ipaddr_print
 .text.call_route_callback
                0x00008064       0x40 contiki-z1.a(uip-ds6-route.o)
 .text.uip_ds6_route_init
                0x000080a4       0x2e contiki-z1.a(uip-ds6-route.o)
                0x000080a4                uip_ds6_route_init
 .text.uip_ds6_route_nexthop
                0x000080d2       0x1a contiki-z1.a(uip-ds6-route.o)
                0x000080d2                uip_ds6_route_nexthop
 .text.uip_ds6_route_head
                0x000080ec       0x28 contiki-z1.a(uip-ds6-route.o)
                0x000080ec                uip_ds6_route_head
 .text.uip_ds6_route_next
                0x00008114       0x30 contiki-z1.a(uip-ds6-route.o)
                0x00008114                uip_ds6_route_next
 .text.uip_ds6_route_lookup
                0x00008144       0x40 contiki-z1.a(uip-ds6-route.o)
                0x00008144                uip_ds6_route_lookup
 .text.uip_ds6_route_add
                0x00008184       0xa0 contiki-z1.a(uip-ds6-route.o)
                0x00008184                uip_ds6_route_add
 .text.uip_ds6_route_rm
                0x00008224       0x60 contiki-z1.a(uip-ds6-route.o)
                0x00008224                uip_ds6_route_rm
 .text.rm_routelist
                0x00008284       0x30 contiki-z1.a(uip-ds6-route.o)
 .text.rm_routelist_callback
                0x000082b4        0x6 contiki-z1.a(uip-ds6-route.o)
 .text.uip_ds6_defrt_rm
                0x000082ba       0x44 contiki-z1.a(uip-ds6-route.o)
                0x000082ba                uip_ds6_defrt_rm
 .text.uip_ds6_defrt_lookup
                0x000082fe       0x32 contiki-z1.a(uip-ds6-route.o)
                0x000082fe                uip_ds6_defrt_lookup
 .text.uip_ds6_defrt_add
                0x00008330       0x68 contiki-z1.a(uip-ds6-route.o)
                0x00008330                uip_ds6_defrt_add
 .text.uip_ds6_defrt_choose
                0x00008398       0x36 contiki-z1.a(uip-ds6-route.o)
                0x00008398                uip_ds6_defrt_choose
 .text.uip_ds6_defrt_periodic
                0x000083ce       0x38 contiki-z1.a(uip-ds6-route.o)
                0x000083ce                uip_ds6_defrt_periodic
 .text.uip_ds6_nbr_rm
                0x00008406       0x1a contiki-z1.a(uip-ds6-nbr.o)
                0x00008406                uip_ds6_nbr_rm
 .text.uip_ds6_neighbors_init
                0x00008420        0xe contiki-z1.a(uip-ds6-nbr.o)
                0x00008420                uip_ds6_neighbors_init
 .text.uip_ds6_nbr_add
                0x0000842e       0x54 contiki-z1.a(uip-ds6-nbr.o)
                0x0000842e                uip_ds6_nbr_add
 .text.uip_ds6_nbr_get_ll
                0x00008482        0xc contiki-z1.a(uip-ds6-nbr.o)
                0x00008482                uip_ds6_nbr_get_ll
 .text.uip_ds6_nbr_lookup
                0x0000848e       0x3e contiki-z1.a(uip-ds6-nbr.o)
                0x0000848e                uip_ds6_nbr_lookup
 .text.uip_ds6_nbr_ll_lookup
                0x000084cc        0xc contiki-z1.a(uip-ds6-nbr.o)
                0x000084cc                uip_ds6_nbr_ll_lookup
 .text.uip_ds6_nbr_ipaddr_from_lladdr
                0x000084d8        0x6 contiki-z1.a(uip-ds6-nbr.o)
                0x000084d8                uip_ds6_nbr_ipaddr_from_lladdr
 .text.uip_ds6_nbr_lladdr_from_ipaddr
                0x000084de       0x12 contiki-z1.a(uip-ds6-nbr.o)
                0x000084de                uip_ds6_nbr_lladdr_from_ipaddr
 .text.uip_ds6_link_neighbor_callback
                0x000084f0       0x26 contiki-z1.a(uip-ds6-nbr.o)
                0x000084f0                uip_ds6_link_neighbor_callback
 .text.uip_ds6_neighbor_periodic
                0x00008516       0xfa contiki-z1.a(uip-ds6-nbr.o)
                0x00008516                uip_ds6_neighbor_periodic
 .text.uip_ds6_list_loop
                0x00008610       0x66 contiki-z1.a(uip-ds6.o)
                0x00008610                uip_ds6_list_loop
 .text.uip_ds6_prefix_add
                0x00008676       0x70 contiki-z1.a(uip-ds6.o)
                0x00008676                uip_ds6_prefix_add
 .text.uip_ds6_is_addr_onlink
                0x000086e6       0x42 contiki-z1.a(uip-ds6.o)
                0x000086e6                uip_ds6_is_addr_onlink
 .text.uip_ds6_addr_lookup
                0x00008728       0x2a contiki-z1.a(uip-ds6.o)
                0x00008728                uip_ds6_addr_lookup
 .text.uip_ds6_get_link_local
                0x00008752       0x3e contiki-z1.a(uip-ds6.o)
                0x00008752                uip_ds6_get_link_local
 .text.uip_ds6_maddr_add
                0x00008790       0x48 contiki-z1.a(uip-ds6.o)
                0x00008790                uip_ds6_maddr_add
 .text.uip_ds6_addr_add
                0x000087d8       0xb4 contiki-z1.a(uip-ds6.o)
                0x000087d8                uip_ds6_addr_add
 .text.uip_ds6_maddr_rm
                0x0000888c        0xa contiki-z1.a(uip-ds6.o)
                0x0000888c                uip_ds6_maddr_rm
 .text.uip_ds6_maddr_lookup
                0x00008896       0x2a contiki-z1.a(uip-ds6.o)
                0x00008896                uip_ds6_maddr_lookup
 .text.uip_ds6_addr_rm
                0x000088c0       0x54 contiki-z1.a(uip-ds6.o)
                0x000088c0                uip_ds6_addr_rm
 .text.uip_ds6_periodic
                0x00008914       0x4a contiki-z1.a(uip-ds6.o)
                0x00008914                uip_ds6_periodic
 .text.uip_ds6_set_addr_iid
                0x0000895e       0x14 contiki-z1.a(uip-ds6.o)
                0x0000895e                uip_ds6_set_addr_iid
 .text.get_match_length
                0x00008972       0x3c contiki-z1.a(uip-ds6.o)
                0x00008972                get_match_length
 .text.uip_ds6_select_src
                0x000089ae       0x9a contiki-z1.a(uip-ds6.o)
                0x000089ae                uip_ds6_select_src
 .text.uip_ds6_compute_reachable_time
                0x00008a48       0x36 contiki-z1.a(uip-ds6.o)
                0x00008a48                uip_ds6_compute_reachable_time
 .text.uip_ds6_init
                0x00008a7e      0x138 contiki-z1.a(uip-ds6.o)
                0x00008a7e                uip_ds6_init
 .text.uip_icmp6_echo_request_input
                0x00008bb6      0x128 contiki-z1.a(uip-icmp6.o)
                0x00008bb6                uip_icmp6_echo_request_input
 .text.uip_icmp6_error_output
                0x00008cde      0x16c contiki-z1.a(uip-icmp6.o)
                0x00008cde                uip_icmp6_error_output
 .text.uip_icmp6_send
                0x00008e4a       0x84 contiki-z1.a(uip-icmp6.o)
                0x00008e4a                uip_icmp6_send
 .text.uip_nd6_ns_input
                0x00008ece      0x246 contiki-z1.a(uip-nd6.o)
                0x00008ece                uip_nd6_ns_input
 .text.uip_nd6_ns_output
                0x00009114      0x176 contiki-z1.a(uip-nd6.o)
                0x00009114                uip_nd6_ns_output
 .text.uip_nd6_na_input
                0x0000928a      0x1a0 contiki-z1.a(uip-nd6.o)
                0x0000928a                uip_nd6_na_input
 .text.chksum   0x0000942a       0x32 contiki-z1.a(uip6.o)
 .text.upper_layer_chksum
                0x0000945c       0x56 contiki-z1.a(uip6.o)
 .text.ext_hdr_options_process
                0x000094b2       0xc2 contiki-z1.a(uip6.o)
 .text.uip_add32
                0x00009574       0x60 contiki-z1.a(uip6.o)
                0x00009574                uip_add32
 .text.uip_add_rcv_nxt
                0x000095d4       0x2e contiki-z1.a(uip6.o)
 .text.uip_icmp6chksum
                0x00009602        0xa contiki-z1.a(uip6.o)
                0x00009602                uip_icmp6chksum
 .text.uip_tcpchksum
                0x0000960c        0xa contiki-z1.a(uip6.o)
                0x0000960c                uip_tcpchksum
 .text.uip_udpchksum
                0x00009616        0xa contiki-z1.a(uip6.o)
                0x00009616                uip_udpchksum
 .text.uip_init
                0x00009620       0x5a contiki-z1.a(uip6.o)
                0x00009620                uip_init
 .text.remove_ext_hdr
                0x0000967a       0x54 contiki-z1.a(uip6.o)
                0x0000967a                remove_ext_hdr
 .text.uip_unlisten
                0x000096ce       0x2a contiki-z1.a(uip6.o)
                0x000096ce                uip_unlisten
 .text.uip_listen
                0x000096f8       0x2c contiki-z1.a(uip6.o)
                0x000096f8                uip_listen
 .text.uip_process
                0x00009724      0xe18 contiki-z1.a(uip6.o)
                0x00009724                uip_process
 .text.uip_htonl
                0x0000a53c       0x2a contiki-z1.a(uip6.o)
                0x0000a53c                uip_htonl
 .text.uip_send
                0x0000a566       0x2c contiki-z1.a(uip6.o)
                0x0000a566                uip_send
 .text.init_platform
                0x0000a592        0xc contiki-z1.a(contiki-z1-plat)
                0x0000a592                init_platform
 .text.msp430_quick_synch_dco
                0x0000a59e       0x7c contiki-z1.a(msp430.o)
                0x0000a59e                msp430_quick_synch_dco
 .text.msp430_cpu_init
                0x0000a61a       0x26 contiki-z1.a(msp430.o)
                0x0000a61a                msp430_cpu_init
 .text.splhigh_
                0x0000a640        0x8 contiki-z1.a(msp430.o)
                0x0000a640                splhigh_
 .text.show_leds
                0x0000a648       0xf8 contiki-z1.a(leds.o)
 .text.leds_init
                0x0000a740        0xe contiki-z1.a(leds.o)
                0x0000a740                leds_init
 .text.leds_on  0x0000a74e       0x14 contiki-z1.a(leds.o)
                0x0000a74e                leds_on
 .text.leds_off
                0x0000a762       0x14 contiki-z1.a(leds.o)
                0x0000a762                leds_off
 .text.watchdog_start
                0x0000a776       0x14 contiki-z1.a(watchdog.o)
                0x0000a776                watchdog_start
 .text.watchdog_periodic
                0x0000a78a       0x12 contiki-z1.a(watchdog.o)
                0x0000a78a                watchdog_periodic
 .text.watchdog_stop
                0x0000a79c       0x16 contiki-z1.a(watchdog.o)
                0x0000a79c                watchdog_stop
 .text.watchdog_init
                0x0000a7b2       0x12 contiki-z1.a(watchdog.o)
                0x0000a7b2                watchdog_init
 .text.wait_ready
                0x0000a7c4       0x46 contiki-z1.a(xmem.o)
 .text.xmem_init
                0x0000a80a       0x1e contiki-z1.a(xmem.o)
                0x0000a80a                xmem_init
 .text.xmem_pread
                0x0000a828       0xc2 contiki-z1.a(xmem.o)
                0x0000a828                xmem_pread
 .text.spi_init
                0x0000a8ea       0x32 contiki-z1.a(spi.o)
                0x0000a8ea                spi_init
 .text.strobe   0x0000a91c       0x1a contiki-z1.a(cc2420.o)
 .text.status   0x0000a936       0x20 contiki-z1.a(cc2420.o)
 .text.getreg   0x0000a956       0x46 contiki-z1.a(cc2420.o)
 .text.setreg   0x0000a99c       0x44 contiki-z1.a(cc2420.o)
 .text.set_txpower
                0x0000a9e0       0x24 contiki-z1.a(cc2420.o)
 .text.cc2420_receiving_packet
                0x0000aa04        0xa contiki-z1.a(cc2420.o)
 .text.pending_packet
                0x0000aa0e        0xa contiki-z1.a(cc2420.o)
 .text.on       0x0000aa18       0x44 contiki-z1.a(cc2420.o)
 .text.flushrx  0x0000aa5c       0x64 contiki-z1.a(cc2420.o)
 .text.off      0x0000aac0       0x6e contiki-z1.a(cc2420.o)
 .text.RELEASE_LOCK
                0x0000ab2e       0x28 contiki-z1.a(cc2420.o)
 .text.cc2420_prepare
                0x0000ab56       0x76 contiki-z1.a(cc2420.o)
 .text.getrxdata
                0x0000abcc       0x4c contiki-z1.a(cc2420.o)
 .text.cc2420_on
                0x0000ac18       0x22 contiki-z1.a(cc2420.o)
                0x0000ac18                cc2420_on
 .text.cc2420_off
                0x0000ac3a       0x30 contiki-z1.a(cc2420.o)
                0x0000ac3a                cc2420_off
 .text.cc2420_cca
                0x0000ac6a       0x6e contiki-z1.a(cc2420.o)
 .text.cc2420_read
                0x0000acd8       0xce contiki-z1.a(cc2420.o)
 .text.process_thread_cc2420_process
                0x0000ada6       0x54 contiki-z1.a(cc2420.o)
 .text.cc2420_set_channel
                0x0000adfa       0x78 contiki-z1.a(cc2420.o)
                0x0000adfa                cc2420_set_channel
 .text.cc2420_set_pan_addr
                0x0000ae72      0x120 contiki-z1.a(cc2420.o)
                0x0000ae72                cc2420_set_pan_addr
 .text.cc2420_init
                0x0000af92       0xca contiki-z1.a(cc2420.o)
                0x0000af92                cc2420_init
 .text.cc2420_interrupt
                0x0000b05c       0x1e contiki-z1.a(cc2420.o)
                0x0000b05c                cc2420_interrupt
 .text.cc2420_get_txpower
                0x0000b07a       0x1e contiki-z1.a(cc2420.o)
                0x0000b07a                cc2420_get_txpower
 .text.cc2420_transmit
                0x0000b098      0x196 contiki-z1.a(cc2420.o)
 .text.cc2420_send
                0x0000b22e       0x12 contiki-z1.a(cc2420.o)
 .text.cc2420_arch_init
                0x0000b240       0x1a contiki-z1.a(cc2420-arch.o)
                0x0000b240                cc2420_arch_init
 .text.node_id_restore
                0x0000b25a       0x4c contiki-z1.a(node-id.o)
                0x0000b25a                node_id_restore
 .text.process_thread_sensors_process
                0x0000b2a6       0xc2 contiki-z1.a(sensors.o)
 .text.sensors_changed
                0x0000b368       0x2a contiki-z1.a(sensors.o)
                0x0000b368                sensors_changed
 .text.status   0x0000b392       0x18 contiki-z1.a(button-sensor.o)
 .text.value    0x0000b3aa       0x20 contiki-z1.a(button-sensor.o)
 .text.configure
                0x0000b3ca       0x4e contiki-z1.a(button-sensor.o)
 .text.uart0_active
                0x0000b418        0xe contiki-z1.a(uart0.o)
                0x0000b418                uart0_active
 .text.uart0_set_input
                0x0000b426        0x6 contiki-z1.a(uart0.o)
                0x0000b426                uart0_set_input
 .text.uart0_writeb
                0x0000b42c       0x16 contiki-z1.a(uart0.o)
                0x0000b42c                uart0_writeb
 .text.uart0_init
                0x0000b442       0x40 contiki-z1.a(uart0.o)
                0x0000b442                uart0_init
 .text.process_thread_slip_process
                0x0000b482      0x156 contiki-z1.a(slip.o)
 .text.slip_set_input_callback
                0x0000b5d8        0x6 contiki-z1.a(slip.o)
                0x0000b5d8                slip_set_input_callback
 .text.slip_send
                0x0000b5de       0x5a contiki-z1.a(slip.o)
                0x0000b5de                slip_send
 .text.slip_input_byte
                0x0000b638       0xbc contiki-z1.a(slip.o)
                0x0000b638                slip_input_byte
 .text.slip_arch_writeb
                0x0000b6f4        0x6 contiki-z1.a(slip_uart0.o)
                0x0000b6f4                slip_arch_writeb
 .text.slip_arch_init
                0x0000b6fa        0xa contiki-z1.a(slip_uart0.o)
                0x0000b6fa                slip_arch_init
 .text.accm_write_reg
                0x0000b704       0x2e contiki-z1.a(adxl345.o)
                0x0000b704                accm_write_reg
 .text.accm_write_stream
                0x0000b732       0x2a contiki-z1.a(adxl345.o)
                0x0000b732                accm_write_stream
 .text.accm_read_reg
                0x0000b75c       0x54 contiki-z1.a(adxl345.o)
                0x0000b75c                accm_read_reg
 .text.process_thread_accmeter_process
                0x0000b7b0       0x56 contiki-z1.a(adxl345.o)
 .text.accm_init
                0x0000b806       0x8a contiki-z1.a(adxl345.o)
                0x0000b806                accm_init
 .text.clock_time
                0x0000b890       0x1a contiki-z1.a(clock.o)
                0x0000b890                clock_time
 .text.clock_init
                0x0000b8aa       0x28 contiki-z1.a(clock.o)
                0x0000b8aa                clock_init
 .text.clock_delay
                0x0000b8d2        0xc contiki-z1.a(clock.o)
                0x0000b8d2                clock_delay
 .text.clock_wait
                0x0000b8de       0x24 contiki-z1.a(clock.o)
                0x0000b8de                clock_wait
 .text.clock_seconds
                0x0000b902       0x1a contiki-z1.a(clock.o)
                0x0000b902                clock_seconds
 .text.leds_arch_init
                0x0000b91c        0xe contiki-z1.a(leds-arch.o)
                0x0000b91c                leds_arch_init
 .text.leds_arch_set
                0x0000b92a       0x38 contiki-z1.a(leds-arch.o)
                0x0000b92a                leds_arch_set
 .text.rtimer_arch_init
                0x0000b962        0xe contiki-z1.a(rtimer-arch.o)
                0x0000b962                rtimer_arch_init
 .text.rtimer_arch_now
                0x0000b970        0xe contiki-z1.a(rtimer-arch.o)
                0x0000b970                rtimer_arch_now
 .text.rtimer_arch_schedule
                0x0000b97e        0x6 contiki-z1.a(rtimer-arch.o)
                0x0000b97e                rtimer_arch_schedule
 .text.field_len
                0x0000b984       0x8c contiki-z1.a(frame802154.o)
 .text.frame802154_hdrlen
                0x0000ba10       0x2e contiki-z1.a(frame802154.o)
                0x0000ba10                frame802154_hdrlen
 .text.frame802154_create
                0x0000ba3e      0x136 contiki-z1.a(frame802154.o)
                0x0000ba3e                frame802154_create
 .text.frame802154_parse
                0x0000bb74      0x176 contiki-z1.a(frame802154.o)
                0x0000bb74                frame802154_parse
 .text.rpl_purge_routes
                0x0000bcea       0x96 contiki-z1.a(rpl.o)
                0x0000bcea                rpl_purge_routes
 .text.rpl_remove_routes
                0x0000bd80       0x22 contiki-z1.a(rpl.o)
                0x0000bd80                rpl_remove_routes
 .text.rpl_remove_routes_by_nexthop
                0x0000bda2       0x3e contiki-z1.a(rpl.o)
                0x0000bda2                rpl_remove_routes_by_nexthop
 .text.rpl_add_route
                0x0000bde0       0x48 contiki-z1.a(rpl.o)
                0x0000bde0                rpl_add_route
 .text.rpl_link_neighbor_callback
                0x0000be28       0x66 contiki-z1.a(rpl.o)
                0x0000be28                rpl_link_neighbor_callback
 .text.rpl_ipv6_neighbor_callback
                0x0000be8e       0x1e contiki-z1.a(rpl.o)
                0x0000be8e                rpl_ipv6_neighbor_callback
 .text.rpl_init
                0x0000beac       0x40 contiki-z1.a(rpl.o)
                0x0000beac                rpl_init
 .text.rpl_verify_header
                0x0000beec       0xb0 contiki-z1.a(rpl-ext-header.)
                0x0000beec                rpl_verify_header
 .text.rpl_update_header_empty
                0x0000bf9c       0xf0 contiki-z1.a(rpl-ext-header.)
                0x0000bf9c                rpl_update_header_empty
 .text.rpl_update_header_final
                0x0000c08c       0x88 contiki-z1.a(rpl-ext-header.)
                0x0000c08c                rpl_update_header_final
 .text.rpl_invert_header
                0x0000c114       0x4e contiki-z1.a(rpl-ext-header.)
                0x0000c114                rpl_invert_header
 .text.rpl_insert_header
                0x0000c162       0x1c contiki-z1.a(rpl-ext-header.)
                0x0000c162                rpl_insert_header
 .text.i2c_receiveinit
                0x0000c17e       0x34 contiki-z1.a(i2cmaster.o)
                0x0000c17e                i2c_receiveinit
 .text.i2c_transmitinit
                0x0000c1b2       0x2e contiki-z1.a(i2cmaster.o)
                0x0000c1b2                i2c_transmitinit
 .text.i2c_receive_n
                0x0000c1e0       0x3e contiki-z1.a(i2cmaster.o)
                0x0000c1e0                i2c_receive_n
 .text.i2c_busy
                0x0000c21e        0xa contiki-z1.a(i2cmaster.o)
                0x0000c21e                i2c_busy
 .text.i2c_enable
                0x0000c228       0x22 contiki-z1.a(i2cmaster.o)
                0x0000c228                i2c_enable
 .text.i2c_transmit_n
                0x0000c24a       0x14 contiki-z1.a(i2cmaster.o)
                0x0000c24a                i2c_transmit_n
 .text.libgcc   0x0000c25e       0x26 /usr/local/msp430/bin/../lib/gcc/msp430/4.7.0/mcpu-430x/mmpy-16/libgcc.a(_mulsi3.o)
                0x0000c25e                __mulsi3
 .text.libgcc   0x0000c284       0x22 /usr/local/msp430/bin/../lib/gcc/msp430/4.7.0/mcpu-430x/mmpy-16/libgcc.a(_udivmod16.o)
                0x0000c284                __udivhi3
                0x0000c284                __ext_udivmod16
                0x0000c29e                __umodhi3
 .text.libgcc   0x0000c2a6       0x3a /usr/local/msp430/bin/../lib/gcc/msp430/4.7.0/mcpu-430x/mmpy-16/libgcc.a(_divmod16.o)
                0x0000c2a6                __ext_divmod16
                0x0000c2a6                __divhi3
                0x0000c2d8                __modhi3
 .text.libgcc   0x0000c2e0       0x38 /usr/local/msp430/bin/../lib/gcc/msp430/4.7.0/mcpu-430x/mmpy-16/libgcc.a(_udivmod32.o)
                0x0000c2e0                __udivsi3
                0x0000c2e0                __ext_udivmod32
                0x0000c30e                __umodsi3
 .text.printf   0x0000c318       0x10 /usr/local/msp430/bin/../lib/gcc/msp430/4.7.0/../../../../msp430/lib/mcpu-430x/mmpy-16/libc.a(printf.o)
                0x0000c318                printf
 .text.append   0x0000c328       0x22 /usr/local/msp430/bin/../lib/gcc/msp430/4.7.0/../../../../msp430/lib/mcpu-430x/mmpy-16/libc.a(sprintf.o)
 .text.call_vuprintf
                0x0000c34a       0x36 /usr/local/msp430/bin/../lib/gcc/msp430/4.7.0/../../../../msp430/lib/mcpu-430x/mmpy-16/libc.a(sprintf.o)
 .text.snprintf
                0x0000c380       0x1a /usr/local/msp430/bin/../lib/gcc/msp430/4.7.0/../../../../msp430/lib/mcpu-430x/mmpy-16/libc.a(sprintf.o)
                0x0000c380                snprintf
 .text.print_field
                0x0000c39a      0x176 /usr/local/msp430/bin/../lib/gcc/msp430/4.7.0/../../../../msp430/lib/mcpu-430x/mmpy-16/libc.a(vuprintf.o)
 .text.vuprintf
                0x0000c510      0x740 /usr/local/msp430/bin/../lib/gcc/msp430/4.7.0/../../../../msp430/lib/mcpu-430x/mmpy-16/libc.a(vuprintf.o)
                0x0000c510                vuprintf
 .text.puts     0x0000cc50       0x2c /usr/local/msp430/bin/../lib/gcc/msp430/4.7.0/../../../../msp430/lib/mcpu-430x/mmpy-16/libc.a(puts.o)
                0x0000cc50                puts
 .text.rand     0x0000cc7c       0x26 /usr/local/msp430/bin/../lib/gcc/msp430/4.7.0/../../../../msp430/lib/mcpu-430x/mmpy-16/libc.a(rand.o)
                0x0000cc7c                rand
 .text.strncmp  0x0000cca2       0x2a /usr/local/msp430/bin/../lib/gcc/msp430/4.7.0/../../../../msp430/lib/mcpu-430x/mmpy-16/libc.a(strncmp.o)
                0x0000cca2                strncmp
 .text.memcmp   0x0000cccc       0x2c /usr/local/msp430/bin/../lib/gcc/msp430/4.7.0/../../../../msp430/lib/mcpu-430x/mmpy-16/libc.a(memcmp.o)
                0x0000cccc                memcmp
 .text.strcpy   0x0000ccf8       0x14 /usr/local/msp430/bin/../lib/gcc/msp430/4.7.0/../../../../msp430/lib/mcpu-430x/mmpy-16/libc.a(strcpy.o)
                0x0000ccf8                strcpy
 .text.strncpy  0x0000cd0c       0x2a /usr/local/msp430/bin/../lib/gcc/msp430/4.7.0/../../../../msp430/lib/mcpu-430x/mmpy-16/libc.a(strncpy.o)
                0x0000cd0c                strncpy
 .text.memcpy   0x0000cd36       0xe8 /usr/local/msp430/bin/../lib/gcc/msp430/4.7.0/../../../../msp430/lib/mcpu-430x/mmpy-16/libc.a(memcpy.o)
                0x0000cd36                memcpy
 .text.memmove  0x0000ce1e       0xe8 /usr/local/msp430/bin/../lib/gcc/msp430/4.7.0/../../../../msp430/lib/mcpu-430x/mmpy-16/libc.a(memmove.o)
                0x0000ce1e                memmove
 .text.memset   0x0000cf06       0x5c /usr/local/msp430/bin/../lib/gcc/msp430/4.7.0/../../../../msp430/lib/mcpu-430x/mmpy-16/libc.a(memset.o)
                0x0000cf06                memset
 .text.libgcc   0x0000cf62       0xbc /usr/local/msp430/bin/../lib/gcc/msp430/4.7.0/mcpu-430x/mmpy-16/libgcc.a(_udivmod64.o)
                0x0000cf62                __xabi_udivmod64
                0x0000cfb4                __udivdi3
                0x0000cfce                __umoddi3
                0x0000cff0                __udivmoddi4
 .text.crt0     0x0000d01e        0x2 /usr/local/msp430/bin/../lib/gcc/msp430/4.7.0/mcpu-430x/mmpy-16/libcrt0.a(_unexpected_.o)
                0x0000d01e                _unexpected_
 *(.near.text .near.text.*)
 .near.text.watchdog_interrupt
                0x0000d020        0x6 contiki-z1.a(watchdog.o)
                0x0000d020                __isr_26
                0x0000d020                watchdog_interrupt
 .near.text.irq_p2
                0x0000d026       0x76 contiki-z1.a(button-sensor.o)
                0x0000d026                irq_p2
                0x0000d026                __isr_19
 .near.text.uart0_rx_interrupt
                0x0000d09c       0x64 contiki-z1.a(uart0.o)
                0x0000d09c                __isr_23
                0x0000d09c                uart0_rx_interrupt
 .near.text.port1_isr
                0x0000d100       0xbe contiki-z1.a(adxl345.o)
                0x0000d100                port1_isr
                0x0000d100                __isr_18
 .near.text.timera1
                0x0000d1be       0xea contiki-z1.a(clock.o)
                0x0000d1be                __isr_24
                0x0000d1be                timera1
 .near.text.timera0
                0x0000d2a8       0x5c contiki-z1.a(rtimer-arch.o)
                0x0000d2a8                __isr_25
                0x0000d2a8                timera0
 .near.text.i2c_tx_interrupt
                0x0000d304       0x84 contiki-z1.a(i2cmaster.o)
                0x0000d304                __isr_16
                0x0000d304                i2c_tx_interrupt
 .near.text.i2c_rx_interrupt
                0x0000d388       0x14 contiki-z1.a(i2cmaster.o)
                0x0000d388                i2c_rx_interrupt
                0x0000d388                __isr_17

.rodata         0x0000d39c      0x4ee
                0x0000d39c                . = ALIGN (0x2)
 *(.rodata .rodata.* .gnu.linkonce.r.*)
 .rodata        0x0000d39c       0xc8 border-router.co
                0x0000d43c                autostart_processes
 .rodata        0x0000d464       0xa6 obj_z1/slip-bridge.o
                0x0000d506                rpl_interface
 .rodata        0x0000d50a      0x139 obj_z1/httpd-simple.o
                0x0000d563                http_index_html
                0x0000d56f                http_get
                0x0000d574                http_header_404
                0x0000d5d1                http_header_200
                0x0000d627                http_content_type_html
 .rodata        0x0000d643      0x10b obj_z1/contiki-z1-main.o
 .rodata        0x0000d74e        0x8 contiki-z1.a(rimeaddr.o)
                0x0000d74e                rimeaddr_null
 .rodata        0x0000d756       0x16 contiki-z1.a(nullmac.o)
                0x0000d75e                nullmac_driver
 .rodata        0x0000d76c       0x18 contiki-z1.a(nullrdc.o)
                0x0000d774                nullrdc_driver
 .rodata        0x0000d784        0x4 contiki-z1.a(framer-802154.o)
                0x0000d784                framer_802154
 .rodata        0x0000d788        0xc contiki-z1.a(etimer.o)
 .rodata        0x0000d794        0xf contiki-z1.a(ctimer.o)
 *fill*         0x0000d7a3        0x1 00
 .rodata        0x0000d7a4       0x24 contiki-z1.a(sicslowpan.o)
                0x0000d7b0                sicslowpan_driver
                0x0000d7b6                llprefix
                0x0000d7b8                unc_mxconf
                0x0000d7bc                unc_ctxconf
                0x0000d7c0                unc_llconf
 .rodata        0x0000d7c8        0xd contiki-z1.a(tcpip.o)
 .rodata        0x0000d7d5       0x1a contiki-z1.a(uip-debug.o)
 *fill*         0x0000d7ef        0x1 00
 .rodata.uip_process
                0x0000d7f0       0x20 contiki-z1.a(uip6.o)
 .rodata        0x0000d810       0x22 contiki-z1.a(cc2420.o)
                0x0000d810                cc2420_driver
 .rodata        0x0000d832        0x8 contiki-z1.a(sensors.o)
 .rodata        0x0000d83a       0x10 contiki-z1.a(button-sensor.o)
                0x0000d842                button_sensor
 .rodata        0x0000d84a       0x21 contiki-z1.a(slip.o)
 .rodata        0x0000d86b       0x16 contiki-z1.a(adxl345.o)
 .rodata        0x0000d881        0x2 contiki-z1.a(frame802154.o)
 .rodata.vuprintf
                0x0000d883        0x7 /usr/local/msp430/bin/../lib/gcc/msp430/4.7.0/../../../../msp430/lib/mcpu-430x/mmpy-16/libc.a(vuprintf.o)
 *(.near.rodata .near.rodata.*)
                0x0000d88a                . = ALIGN (0x2)
                0x0000d88a                _etext = .

.data           0x00001100       0xec load address 0x0000d88a
                0x00001100                . = ALIGN (0x2)
                0x00001100                __data_start = .
 *(.data .data.* .gnu.linkonce.d.*)
 .data          0x00001100       0x24 border-router.co
                0x00001100                webserver_nogui_process
                0x0000110a                border_router_process
                0x00001114                dag_id
 .data          0x00001124        0x8 obj_z1/httpd-simple.o
 .data          0x0000112c        0x4 obj_z1/contiki-z1-main.o
                0x0000112c                sensors
 .data          0x00001130        0x8 contiki-z1.a(rpl-dag.o)
 .data          0x00001138        0x1 contiki-z1.a(rpl-icmp6.o)
 *fill*         0x00001139        0x1 00
 .data          0x0000113a        0xe contiki-z1.a(rpl-mrhof.o)
                0x0000113a                rpl_mrhof
 .data          0x00001148        0xa contiki-z1.a(etimer.o)
                0x00001148                etimer_process
 .data          0x00001152        0xa contiki-z1.a(ctimer.o)
                0x00001152                ctimer_process
 .data          0x0000115c        0x8 contiki-z1.a(nbr-table.o)
 .data          0x00001164       0x18 contiki-z1.a(queuebuf.o)
 .data          0x0000117c        0xa contiki-z1.a(tcpip.o)
                0x0000117c                tcpip_process
 .data          0x00001186       0x18 contiki-z1.a(uip-ds6-route.o)
 .data          0x0000119e        0xa contiki-z1.a(uip-ds6-nbr.o)
                0x0000119e                ds6_neighbors
 .data          0x000011a8        0x2 contiki-z1.a(msp430.o)
 .data          0x000011aa        0xa contiki-z1.a(cc2420.o)
                0x000011aa                cc2420_process
 .data          0x000011b4        0xa contiki-z1.a(sensors.o)
                0x000011b4                sensors_process
 .data          0x000011be        0xa contiki-z1.a(slip.o)
                0x000011be                slip_process
 .data          0x000011c8       0x20 contiki-z1.a(adxl345.o)
                0x000011c8                accmeter_process
 .data.next     0x000011e8        0x4 /usr/local/msp430/bin/../lib/gcc/msp430/4.7.0/../../../../msp430/lib/mcpu-430x/mmpy-16/libc.a(rand.o)
 *(.near.data .near.data.*)
                0x000011ec                . = ALIGN (0x2)
                0x000011ec                _edata = .
                0x0000d88a                __data_load_start = LOADADDR (.data)
                0x000000ec                __data_size = SIZEOF (.data)

.bss            0x000011ec     0x1474 load address 0x0000d976
                0x000011ec                __bss_start = .
 *(.bss .bss.*)
 .bss           0x000011ec      0x124 border-router.co
 .bss           0x00001310       0x12 obj_z1/slip-bridge.o
 .bss           0x00001322       0xae obj_z1/httpd-simple.o
 .bss           0x000013d0        0x4 obj_z1/contiki-z1-main.o
 .bss           0x000013d4        0x2 contiki-z1.a(framer-802154.o)
 .bss           0x000013d6       0x96 contiki-z1.a(rpl-dag.o)
 .bss           0x0000146c       0x18 contiki-z1.a(rpl-timers.o)
 .bss           0x00001484       0x42 contiki-z1.a(process.o)
                0x00001484                process_current
                0x00001486                process_list
 .bss           0x000014c6        0x6 contiki-z1.a(etimer.o)
 .bss           0x000014cc        0x4 contiki-z1.a(ctimer.o)
 .bss           0x000014d0        0x2 contiki-z1.a(rtimer.o)
 .bss           0x000014d2       0xd8 contiki-z1.a(nbr-table.o)
 .bss           0x000015aa       0xba contiki-z1.a(packetbuf.o)
 .bss           0x00001664      0x3c6 contiki-z1.a(queuebuf.o)
 .bss           0x00001a2a       0xbe contiki-z1.a(sicslowpan.o)
 .bss           0x00001ae8       0x36 contiki-z1.a(tcpip.o)
 .bss           0x00001b1e      0x24e contiki-z1.a(uip-ds6-route.o)
 .bss           0x00001d6c      0x21c contiki-z1.a(uip-ds6-nbr.o)
 .bss           0x00001f88       0x18 contiki-z1.a(uip-ds6.o)
 .bss           0x00001fa0       0x10 contiki-z1.a(uip-icmp6.o)
 .bss           0x00001fb0        0xa contiki-z1.a(uip-nd6.o)
 .bss           0x00001fba        0xe contiki-z1.a(uip6.o)
                0x00001fba                uip_ext_opt_offset
                0x00001fbb                uip_ext_len
                0x00001fbc                uip_ext_bitmap
 .bss           0x00001fc8        0x2 contiki-z1.a(leds.o)
 .bss           0x00001fca        0x2 contiki-z1.a(watchdog.o)
 .bss           0x00001fcc        0xa contiki-z1.a(cc2420.o)
 .bss           0x00001fd6        0x2 contiki-z1.a(node-id.o)
                0x00001fd6                node_id
 .bss           0x00001fd8        0x6 contiki-z1.a(sensors.o)
 .bss           0x00001fde        0x8 contiki-z1.a(button-sensor.o)
 .bss           0x00001fe6        0x4 contiki-z1.a(uart0.o)
 .bss           0x00001fea       0xa6 contiki-z1.a(slip.o)
 .bss           0x00002090       0x16 contiki-z1.a(adxl345.o)
 .bss           0x000020a6        0xa contiki-z1.a(clock.o)
 .bss           0x000020b0        0x2 contiki-z1.a(i2cmaster.o)
 .bss.destination_
                0x000020b2        0x2 /usr/local/msp430/bin/../lib/gcc/msp430/4.7.0/../../../../msp430/lib/mcpu-430x/mmpy-16/libc.a(sprintf.o)
 .bss.available_
                0x000020b4        0x2 /usr/local/msp430/bin/../lib/gcc/msp430/4.7.0/../../../../msp430/lib/mcpu-430x/mmpy-16/libc.a(sprintf.o)
 *(.near.bss .near.bss.*)
 *(COMMON)
 COMMON         0x000020b6        0x2 obj_z1/contiki-z1-main.o
                0x000020b6                sensors_flags
 COMMON         0x000020b8        0x8 contiki-z1.a(rimeaddr.o)
                0x000020b8                rimeaddr_node_addr
 COMMON         0x000020c0       0xbe contiki-z1.a(rpl-dag.o)
                0x000020c0                default_instance
                0x000020c2                instance_table
 COMMON         0x0000217e        0x1 contiki-z1.a(process.o)
                0x0000217e                process_maxevents
 *fill*         0x0000217f        0x1 00
 COMMON         0x00002180       0x56 contiki-z1.a(energest.o)
                0x00002180                energest_total_time
                0x000021b0                energest_total_count
                0x000021b2                energest_current_mode
                0x000021be                energest_current_time
 COMMON         0x000021d6       0x50 contiki-z1.a(packetbuf.o)
                0x000021d6                packetbuf_addrs
                0x000021f6                packetbuf_attrs
 COMMON         0x00002226        0x8 contiki-z1.a(sicslowpan.o)
                0x00002226                frag_sender
 COMMON         0x0000222e        0x1 contiki-z1.a(tcpip.o)
                0x0000222e                tcpip_event
 *fill*         0x0000222f        0x1 00
 COMMON         0x00002230      0x15c contiki-z1.a(uip-ds6.o)
                0x00002230                uip_ds6_timer_ra
                0x00002238                uip_ds6_if
                0x00002324                uip_ds6_netif_addr_list_offset
                0x00002325                uip_ds6_addr_size
                0x00002326                uip_ds6_prefix_list
                0x00002380                uip_ds6_timer_periodic
 COMMON         0x0000238c      0x2a0 contiki-z1.a(uip6.o)
                0x0000238c                uip_len
                0x0000238e                uip_sappdata
                0x00002390                uip_acc32
                0x00002394                uip_lladdr
                0x0000239c                uip_aligned_buf
                0x00002428                uip_flags
                0x0000242a                uip_next_hdr
                0x0000242c                uip_udp_conn
                0x0000242e                uip_appdata
                0x00002430                uip_conn
                0x00002432                uip_conns
                0x000024e2                uip_listenports
                0x000024f2                uip_slen
                0x000024f4                uip_udp_conns
 COMMON         0x0000262c       0x14 contiki-z1.a(cc2420.o)
                0x0000262c                cc2420_last_rssi
                0x0000262e                cc2420_packets_read
                0x00002630                cc2420_packets_seen
                0x00002632                cc2420_sfd_start_time
                0x00002634                cc2420_time_of_departure
                0x00002636                cc2420_time_of_arrival
                0x00002638                cc2420_last_correlation
                0x0000263a                cc2420_authority_level_of_sender
                0x0000263c                cc2420_sfd_counter
                0x0000263e                cc2420_sfd_end_time
 COMMON         0x00002640        0x8 contiki-z1.a(node-id.o)
                0x00002640                node_mac
 COMMON         0x00002648        0x1 contiki-z1.a(sensors.o)
                0x00002648                sensors_event
 COMMON         0x00002649        0x1 contiki-z1.a(slip.o)
                0x00002649                slip_active
 COMMON         0x0000264a        0x7 contiki-z1.a(adxl345.o)
                0x0000264a                accm_int2_cb
                0x0000264c                int2_event
                0x0000264e                accm_int1_cb
                0x00002650                int1_event
 *fill*         0x00002651        0x1 00
 COMMON         0x00002652        0xe contiki-z1.a(i2cmaster.o)
                0x00002652                transmit_data1
                0x00002653                rx_byte_ctr
                0x00002654                tx_buf_ptr
                0x00002656                tx_byte_ctr
                0x00002658                i
                0x0000265a                receive_data
                0x0000265b                rx_buf
                0x0000265d                transmit_data2
                0x0000265e                rx_buf_ptr
                0x00002660                . = ALIGN (0x2)
                0x00002660                __bss_end = .
                0x00001474                __bss_size = SIZEOF (.bss)

.noinit         0x00002660        0x2 load address 0x0000d976
                0x00002660                . = ALIGN (0x2)
                0x00002660                __noinit_start = .
 *(.noinit .noinit.*)
 .noinit.crt0   0x00002660        0x2 /usr/local/msp430/bin/../lib/gcc/msp430/4.7.0/mcpu-430x/mmpy-16/libcrt0.a(__watchdog_support.o)
                0x00002660                __wdt_clear_value
                0x00002662                . = ALIGN (0x2)
                0x00002662                __noinit_end = .
                0x00002662                . = ALIGN (0x2)
                0x00002662                _end = .

.infomem        0x00001000        0x0
                0x00001000                . = ALIGN (0x2)
 *(.infomem .infomem.*)

.infomemnobits  0x00001000        0x0
                0x00001000                . = ALIGN (0x2)
 *(.infomemnobits .infomemnobits.*)

.infoa          0x000010c0        0x0
                0x000010c0                . = ALIGN (0x2)
 *(.infoa .infoa.*)

.infob          0x00001080        0x0
                0x00001080                . = ALIGN (0x2)
 *(.infob .infob.*)

.infoc          0x00001040        0x0
                0x00001040                . = ALIGN (0x2)
 *(.infoc .infoc.*)

.infod          0x00001000        0x0
                0x00001000                . = ALIGN (0x2)
 *(.infod .infod.*)

.vectors        0x0000ffc0       0x40
                0x0000ffc0                __vectors_start = .
 *(.vectors*)
 .vectors       0x0000ffc0       0x40 /usr/local/msp430/bin/../lib/gcc/msp430/4.7.0/mcpu-430x/mmpy-16/crt0ivtbl32.o
                0x0000ffc0                __ivtbl_32
                0x00010000                _vectors_end = .

.fartext        0x00010000        0x0
                0x00010000                . = ALIGN (0x2)
 *(.fartext .fartext.*)

.far.text       0x00010000        0x0
                0x00010000                . = ALIGN (0x2)
 *(.far.text .far.text.*)

.far.rodata     0x00010000        0x0
                0x00010000                . = ALIGN (0x2)
 *(.far.rodata .far.rodata.*)
                0x00010000                . = ALIGN (0x2)
                0x00010000                _efartext = .

.far.data       0x00000000        0x0 load address 0x00010000
                0x00000000                . = ALIGN (0x2)
                0x00000000                __far_data_start = .
 *(.far.data .far.data.*)
                0x00000000                . = ALIGN (0x2)
                0x00000000                _efardata = .
                0x00010000                __far_data_load_start = LOADADDR (.far.data)
                0x00000000                __far_data_size = SIZEOF (.far.data)

.far.bss        0x00000000        0x0 load address 0x00010000
                0x00000000                . = ALIGN (0x2)
                0x00000000                __far_bss_start = .
 *(.far.bss .far.bss.*)
                0x00000000                . = ALIGN (0x2)
                0x00000000                __far_bss_end = .
                0x00000000                __far_bss_size = SIZEOF (.far.bss)
                0x00000000                . = ALIGN (0x2)
                0x00000000                _far_end = .

.profiler
 *(.profiler)

.stab
 *(.stab)

.stabstr
 *(.stabstr)

.stab.excl
 *(.stab.excl)

.stab.exclstr
 *(.stab.exclstr)

.stab.index
 *(.stab.index)

.stab.indexstr
 *(.stab.indexstr)

.comment        0x00000000       0x30
 *(.comment)
 .comment       0x00000000       0x30 border-router.co
                                 0x31 (size before relaxing)
 .comment       0x00000000       0x31 obj_z1/slip-bridge.o
 .comment       0x00000000       0x31 obj_z1/httpd-simple.o
 .comment       0x00000000       0x31 obj_z1/contiki-z1-main.o
 .comment       0x00000000       0x31 contiki-z1.a(rimeaddr.o)
 .comment       0x00000000       0x31 contiki-z1.a(nullmac.o)
 .comment       0x00000000       0x31 contiki-z1.a(nullrdc.o)
 .comment       0x00000000       0x31 contiki-z1.a(mac.o)
 .comment       0x00000000       0x31 contiki-z1.a(framer-802154.o)
 .comment       0x00000000       0x31 contiki-z1.a(rpl-dag.o)
 .comment       0x00000000       0x31 contiki-z1.a(rpl-icmp6.o)
 .comment       0x00000000       0x31 contiki-z1.a(rpl-timers.o)
 .comment       0x00000000       0x31 contiki-z1.a(rpl-mrhof.o)
 .comment       0x00000000       0x31 contiki-z1.a(process.o)
 .comment       0x00000000       0x31 contiki-z1.a(autostart.o)
 .comment       0x00000000       0x31 contiki-z1.a(memb.o)
 .comment       0x00000000       0x31 contiki-z1.a(timer.o)
 .comment       0x00000000       0x31 contiki-z1.a(list.o)
 .comment       0x00000000       0x31 contiki-z1.a(etimer.o)
 .comment       0x00000000       0x31 contiki-z1.a(ctimer.o)
 .comment       0x00000000       0x31 contiki-z1.a(energest.o)
 .comment       0x00000000       0x31 contiki-z1.a(rtimer.o)
 .comment       0x00000000       0x31 contiki-z1.a(stimer.o)
 .comment       0x00000000       0x31 contiki-z1.a(random.o)
 .comment       0x00000000       0x31 contiki-z1.a(nbr-table.o)
 .comment       0x00000000       0x31 contiki-z1.a(packetbuf.o)
 .comment       0x00000000       0x31 contiki-z1.a(psock.o)
 .comment       0x00000000       0x31 contiki-z1.a(queuebuf.o)
 .comment       0x00000000       0x31 contiki-z1.a(sicslowpan.o)
 .comment       0x00000000       0x31 contiki-z1.a(tcpip.o)
 .comment       0x00000000       0x31 contiki-z1.a(uip-debug.o)
 .comment       0x00000000       0x31 contiki-z1.a(uip-ds6-route.o)
 .comment       0x00000000       0x31 contiki-z1.a(uip-ds6-nbr.o)
 .comment       0x00000000       0x31 contiki-z1.a(uip-ds6.o)
 .comment       0x00000000       0x31 contiki-z1.a(uip-icmp6.o)
 .comment       0x00000000       0x31 contiki-z1.a(uip-nd6.o)
 .comment       0x00000000       0x31 contiki-z1.a(uip6.o)
 .comment       0x00000000       0x31 contiki-z1.a(contiki-z1-plat)
 .comment       0x00000000       0x31 contiki-z1.a(msp430.o)
 .comment       0x00000000       0x31 contiki-z1.a(leds.o)
 .comment       0x00000000       0x31 contiki-z1.a(watchdog.o)
 .comment       0x00000000       0x31 contiki-z1.a(xmem.o)
 .comment       0x00000000       0x31 contiki-z1.a(spi.o)
 .comment       0x00000000       0x31 contiki-z1.a(cc2420.o)
 .comment       0x00000000       0x31 contiki-z1.a(cc2420-arch.o)
 .comment       0x00000000       0x31 contiki-z1.a(node-id.o)
 .comment       0x00000000       0x31 contiki-z1.a(sensors.o)
 .comment       0x00000000       0x31 contiki-z1.a(button-sensor.o)
 .comment       0x00000000       0x31 contiki-z1.a(uart0.o)
 .comment       0x00000000       0x31 contiki-z1.a(slip.o)
 .comment       0x00000000       0x31 contiki-z1.a(slip_uart0.o)
 .comment       0x00000000       0x31 contiki-z1.a(adxl345.o)
 .comment       0x00000000       0x31 contiki-z1.a(clock.o)
 .comment       0x00000000       0x31 contiki-z1.a(leds-arch.o)
 .comment       0x00000000       0x31 contiki-z1.a(rtimer-arch.o)
 .comment       0x00000000       0x31 contiki-z1.a(frame802154.o)
 .comment       0x00000000       0x31 contiki-z1.a(rpl.o)
 .comment       0x00000000       0x31 contiki-z1.a(rpl-ext-header.)
 .comment       0x00000000       0x31 contiki-z1.a(i2cmaster.o)
 .comment       0x00000000       0x31 /usr/local/msp430/bin/../lib/gcc/msp430/4.7.0/../../../../msp430/lib/mcpu-430x/mmpy-16/libc.a(printf.o)
 .comment       0x00000000       0x31 /usr/local/msp430/bin/../lib/gcc/msp430/4.7.0/../../../../msp430/lib/mcpu-430x/mmpy-16/libc.a(sprintf.o)
 .comment       0x00000000       0x31 /usr/local/msp430/bin/../lib/gcc/msp430/4.7.0/../../../../msp430/lib/mcpu-430x/mmpy-16/libc.a(vuprintf.o)
 .comment       0x00000000       0x31 /usr/local/msp430/bin/../lib/gcc/msp430/4.7.0/../../../../msp430/lib/mcpu-430x/mmpy-16/libc.a(puts.o)
 .comment       0x00000000       0x31 /usr/local/msp430/bin/../lib/gcc/msp430/4.7.0/../../../../msp430/lib/mcpu-430x/mmpy-16/libc.a(rand.o)
 .comment       0x00000000       0x31 /usr/local/msp430/bin/../lib/gcc/msp430/4.7.0/../../../../msp430/lib/mcpu-430x/mmpy-16/libc.a(strncmp.o)
 .comment       0x00000000       0x31 /usr/local/msp430/bin/../lib/gcc/msp430/4.7.0/../../../../msp430/lib/mcpu-430x/mmpy-16/libc.a(memcmp.o)
 .comment       0x00000000       0x31 /usr/local/msp430/bin/../lib/gcc/msp430/4.7.0/../../../../msp430/lib/mcpu-430x/mmpy-16/libc.a(strcpy.o)
 .comment       0x00000000       0x31 /usr/local/msp430/bin/../lib/gcc/msp430/4.7.0/../../../../msp430/lib/mcpu-430x/mmpy-16/libc.a(strncpy.o)
 .comment       0x00000000       0x31 /usr/local/msp430/bin/../lib/gcc/msp430/4.7.0/../../../../msp430/lib/mcpu-430x/mmpy-16/libc.a(memcpy.o)
 .comment       0x00000000       0x31 /usr/local/msp430/bin/../lib/gcc/msp430/4.7.0/../../../../msp430/lib/mcpu-430x/mmpy-16/libc.a(memmove.o)
 .comment       0x00000000       0x31 /usr/local/msp430/bin/../lib/gcc/msp430/4.7.0/../../../../msp430/lib/mcpu-430x/mmpy-16/libc.a(memset.o)

.debug
 *(.debug)

.line
 *(.line)

.debug_srcinfo
 *(.debug_srcinfo)

.debug_sfnames
 *(.debug_sfnames)

.debug_aranges  0x00000000      0x348
 *(.debug_aranges)
 .debug_aranges
                0x00000000       0x20 /usr/local/msp430/bin/../lib/gcc/msp430/4.7.0/mcpu-430x/mmpy-16/crt0ivtbl32.o
 .debug_aranges
                0x00000020       0x20 /usr/local/msp430/bin/../lib/gcc/msp430/4.7.0/mcpu-430x/mmpy-16/libgcc.a(_mulsi3.o)
 .debug_aranges
                0x00000040       0x20 /usr/local/msp430/bin/../lib/gcc/msp430/4.7.0/mcpu-430x/mmpy-16/libgcc.a(_udivmod16.o)
 .debug_aranges
                0x00000060       0x20 /usr/local/msp430/bin/../lib/gcc/msp430/4.7.0/mcpu-430x/mmpy-16/libgcc.a(_divmod16.o)
 .debug_aranges
                0x00000080       0x20 /usr/local/msp430/bin/../lib/gcc/msp430/4.7.0/mcpu-430x/mmpy-16/libgcc.a(_udivmod32.o)
 .debug_aranges
                0x000000a0       0x28 /usr/local/msp430/bin/../lib/gcc/msp430/4.7.0/../../../../msp430/lib/mcpu-430x/mmpy-16/libc.a(printf.o)
 .debug_aranges
                0x000000c8       0x48 /usr/local/msp430/bin/../lib/gcc/msp430/4.7.0/../../../../msp430/lib/mcpu-430x/mmpy-16/libc.a(sprintf.o)
 .debug_aranges
                0x00000110       0x28 /usr/local/msp430/bin/../lib/gcc/msp430/4.7.0/../../../../msp430/lib/mcpu-430x/mmpy-16/libc.a(vuprintf.o)
 .debug_aranges
                0x00000138       0x20 /usr/local/msp430/bin/../lib/gcc/msp430/4.7.0/../../../../msp430/lib/mcpu-430x/mmpy-16/libc.a(puts.o)
 .debug_aranges
                0x00000158       0x30 /usr/local/msp430/bin/../lib/gcc/msp430/4.7.0/../../../../msp430/lib/mcpu-430x/mmpy-16/libc.a(rand.o)
 .debug_aranges